01-11 20:32:21.590   495   498 D DrmLibTime: command id, time_cmd_id = 770
01-11 20:32:21.590   495   498 D DrmLibTime: time_getutcsec starts!
01-11 20:32:21.591   495   498 D DrmLibTime: QSEE Time Listener: time_getutcsec
01-11 20:32:21.591   495   498 D DrmLibTime: QSEE Time Listener: get_utc_seconds
01-11 20:32:21.591   495   498 D DrmLibTime: QSEE Time Listener: seconds: 1515702741
01-11 20:32:21.591   495   498 D DrmLibTime: QSEE Time Listener: nano seconds: 591211721
01-11 20:32:21.591   495   498 D DrmLibTime: time_getutcsec returns 0, sec = 1515702741; nsec = 591211721
01-11 20:32:21.591   495   498 D DrmLibTime: time_getutcsec finished! 
01-11 20:32:21.591   495   498 D DrmLibTime: iotcl_continue_command finished! and return 0 
01-11 20:32:21.591   495   498 D DrmLibTime: before calling ioctl to read the next time_cmd
01-11 20:32:24.381  4473  4473 D KeyStoreFragment: Public Key is: android.security.keystore.AndroidKeyStoreRSAPublicKey@5adc5e4e
01-11 20:32:24.396  4473  4473 D KeyStoreFragment: Counter = 16	Keys created
01-11 20:32:24.579  4473  4473 D KeyStoreFragment: Signature: JpROLSSUhzADqrQkjF1rFjjMdXGNFECh5PHkscom8I2+JV1inUgdD7/FTJQ3f1XyJ2PxktyABZvL
01-11 20:32:24.579  4473  4473 D KeyStoreFragment: bMETokfb817fXkqfv9BSu5iZsjJ2TvnNBxl3szfCM345ZSHdKxJT4V4dzCrb8Byf+1PkMJM9JTGy
01-11 20:32:24.579  4473  4473 D KeyStoreFragment: Wxcnqg2NrZBYzmCVOVGq4NAnIPoyqmE2CQJ/JPF7lYcYzrW4a80D4Bc5nVeXwu6s75Em9JtIaz+7
01-11 20:32:24.579  4473  4473 D KeyStoreFragment: nTaFrixLuj0WqGc+tqrxSJO7G3ol9EQ7FIvtRKmI50w8KWPwM/xvAimUSyGGR42Dkok+UWLDt1uu
01-11 20:32:24.579  4473  4473 D KeyStoreFragment: xZtRT1xpesFxAS0n2Vxc9OAIlB8NSSn9Orv3nw==
01-11 20:32:24.662  4473  4473 D KeyStoreFragment: Data Signature Verified
01-11 20:32:24.675   709   709 I keystore: del USRPKEY_myKey 10066
01-11 20:32:24.693   709   709 I keystore: del USRSKEY_myKey 10066
01-11 20:32:24.695   709   709 I keystore: del USRCERT_myKey 10066
01-11 20:32:24.697   709   709 I keystore: del CACERT_myKey 10066
01-11 20:32:24.797   495   498 D DrmLibTime: got the req here! ret=0
01-11 20:32:24.797   495   498 D DrmLibTime: command id, time_cmd_id = 770
01-11 20:32:24.797   495   498 D DrmLibTime: time_getutcsec starts!
01-11 20:32:24.797   495   498 D DrmLibTime: QSEE Time Listener: time_getutcsec
01-11 20:32:24.797   495   498 D DrmLibTime: QSEE Time Listener: get_utc_seconds
01-11 20:32:24.797   495   498 D DrmLibTime: QSEE Time Listener: seconds: 1515702744
01-11 20:32:24.797   495   498 D DrmLibTime: QSEE Time Listener: nano seconds: 797828030
01-11 20:32:24.798   495   498 D DrmLibTime: time_getutcsec returns 0, sec = 1515702744; nsec = 797828030
01-11 20:32:24.798   495   498 D DrmLibTime: time_getutcsec finished! 
01-11 20:32:24.798   495   498 D DrmLibTime: iotcl_continue_command finished! and return 0 
01-11 20:32:24.798   495   498 D DrmLibTime: before calling ioctl to read the next time_cmd
01-11 20:32:26.232  4473  4473 D KeyStoreFragment: Public Key is: android.security.keystore.AndroidKeyStoreRSAPublicKey@7e6a7ad9
01-11 20:32:26.243  4473  4473 D KeyStoreFragment: Counter = 17	Keys created
01-11 20:32:26.407  4473  4473 D KeyStoreFragment: Signature: VYJXJVfAX6dtA4+gDA34nghads7nB3FXkzCEvMRIIagKFv4cBvCI8TLlQx68So8Pg6ZyTyJ1BHC9
01-11 20:32:26.407  4473  4473 D KeyStoreFragment: j2HU3uqhkvC3DrT9iY1w/t3k5WzO70nLI2tJfj7HL/CuONIMb2wH0pjNIqVHSmS1Z8LzRPjZjAcr
01-11 20:32:26.407  4473  4473 D KeyStoreFragment: dgkvjue60X/Kyuc+5uuNho9Bo3CPUKQe/j/rAkvVFU2zwmWQk2FI3xw2PGookDsEJ1UUo7LoCqlQ
01-11 20:32:26.407  4473  4473 D KeyStoreFragment: jPoCLqTQvpUZ/g2gndDobqiqkU24jcqKDc4/pUT2TtOX/oPQnj+J9EPFHfgjGLAHMNtwoqnxy9qK
01-11 20:32:26.407  4473  4473 D KeyStoreFragment: xiEFpeLKXYrq794ShNFRifo8sM5HVox2XcUVxQ==
01-11 20:32:26.490  4473  4473 D KeyStoreFragment: Data Signature Verified
01-11 20:32:26.504   709   709 I keystore: del USRPKEY_myKey 10066
01-11 20:32:26.523   709   709 I keystore: del USRSKEY_myKey 10066
01-11 20:32:26.525   709   709 I keystore: del USRCERT_myKey 10066
01-11 20:32:26.527   709   709 I keystore: del CACERT_myKey 10066
01-11 20:32:26.625   495   498 D DrmLibTime: got the req here! ret=0
01-11 20:32:26.625   495   498 D DrmLibTime: command id, time_cmd_id = 770
01-11 20:32:26.625   495   498 D DrmLibTime: time_getutcsec starts!
01-11 20:32:26.625   495   498 D DrmLibTime: QSEE Time Listener: time_getutcsec
01-11 20:32:26.625   495   498 D DrmLibTime: QSEE Time Listener: get_utc_seconds
01-11 20:32:26.626   495   498 D DrmLibTime: QSEE Time Listener: seconds: 1515702746
01-11 20:32:26.626   495   498 D DrmLibTime: QSEE Time Listener: nano seconds: 626005608
01-11 20:32:26.626   495   498 D DrmLibTime: time_getutcsec returns 0, sec = 1515702746; nsec = 626005608
01-11 20:32:26.626   495   498 D DrmLibTime: time_getutcsec finished! 
01-11 20:32:26.626   495   498 D DrmLibTime: iotcl_continue_command finished! and return 0 
01-11 20:32:26.626   495   498 D DrmLibTime: before calling ioctl to read the next time_cmd
01-11 20:32:27.239  4473  4473 D KeyStoreFragment: Public Key is: android.security.keystore.AndroidKeyStoreRSAPublicKey@fa8b89ec
01-11 20:32:27.242  4473  4473 D KeyStoreFragment: Counter = 18	Keys created
01-11 20:32:27.421  4473  4473 D KeyStoreFragment: Signature: ToBMQaiF3xKTV/Piak8LCjw+Ia26tj5A8tcJEkq7oB3w8gE0tUpHhJjHv+VkzYcuKxcjQY1vRJ0t
01-11 20:32:27.421  4473  4473 D KeyStoreFragment: MchDov5ZcDeD/u7eAtgaUIfFdfQ2hRqh48S+Mw0zxoLJ6PVWpBTbSmewnBQgan9hj4QZps7DbCvS
01-11 20:32:27.421  4473  4473 D KeyStoreFragment: oSEvlryJMF6CRyLH7BWs8eKlKs3sPX37h37MakUI+0vLf342PsGXn4SV3/c9QCXOPKHbR5J1NKXs
01-11 20:32:27.421  4473  4473 D KeyStoreFragment: DvtQs0MRmxa5PXjY0tTgXfU6bSfA1uvgIEmZ8pMiTwGylYdVp/TxlaCTBq4SD/PWnZJzeGbEe9lA
01-11 20:32:27.421  4473  4473 D KeyStoreFragment: 2tx8vIud0hQxo4UsdBLEH/+GJYeMpgafL1SmzQ==
01-11 20:32:27.481  4473  4473 D KeyStoreFragment: Data Signature Verified
01-11 20:32:27.492   709   709 I keystore: del USRPKEY_myKey 10066
01-11 20:32:27.517   709   709 I keystore: del USRSKEY_myKey 10066
01-11 20:32:27.518   709   709 I keystore: del USRCERT_myKey 10066
01-11 20:32:27.519   709   709 I keystore: del CACERT_myKey 10066
01-11 20:32:27.611   495   498 D DrmLibTime: got the req here! ret=0
01-11 20:32:27.611   495   498 D DrmLibTime: command id, time_cmd_id = 770
01-11 20:32:27.611   495   498 D DrmLibTime: time_getutcsec starts!
01-11 20:32:27.611   495   498 D DrmLibTime: QSEE Time Listener: time_getutcsec
01-11 20:32:27.612   495   498 D DrmLibTime: QSEE Time Listener: get_utc_seconds
01-11 20:32:27.612   495   498 D DrmLibTime: QSEE Time Listener: seconds: 1515702747
01-11 20:32:27.612   495   498 D DrmLibTime: QSEE Time Listener: nano seconds: 612121539
01-11 20:32:27.612   495   498 D DrmLibTime: time_getutcsec returns 0, sec = 1515702747; nsec = 612121539
01-11 20:32:27.612   495   498 D DrmLibTime: time_getutcsec finished! 
01-11 20:32:27.612   495   498 D DrmLibTime: iotcl_continue_command finished! and return 0 
01-11 20:32:27.612   495   498 D DrmLibTime: before calling ioctl to read the next time_cmd
01-11 20:32:29.021  4473  4473 D KeyStoreFragment: Public Key is: android.security.keystore.AndroidKeyStoreRSAPublicKey@4d1868c7
01-11 20:32:29.033  4473  4473 D KeyStoreFragment: Counter = 19	Keys created
01-11 20:32:29.203  4473  4473 D KeyStoreFragment: Signature: DwcAU1MXZJT/1XQAdSm9AF17ptC0qeKHao/jqbj8sprV2lndJNFNWnuv0MhBwWi40xjpzx1pJL5g
01-11 20:32:29.203  4473  4473 D KeyStoreFragment: i94q/z/gTmQa+UFeVH5LkO2dkJU0nkZjy1k+XsRUM2ed1PK0EFfkT6klZiVzVMrumlzApoEBBY99
01-11 20:32:29.203  4473  4473 D KeyStoreFragment: iBX6P2aCNbK5PRnEquyTEX3OAHk+AgaGfNP8oXedmyeP0LX6hOT/bxNwuYXF5tZ4zYkVd8ROV9NW
01-11 20:32:29.203  4473  4473 D KeyStoreFragment: WC1SYQkQrshsedad7bpegRd/7Ed+WDpd+bdK6gU9lR0ks2hrBmrQamT68t3x/r8H+Bn+SqKlKN7d
01-11 20:32:29.203  4473  4473 D KeyStoreFragment: WCCcAAQPEJp3vQvslzehXdLhQMExqxhAdvQBEQ==
01-11 20:32:29.235  4473  4473 D KeyStoreFragment: Data Signature Verified
01-11 20:32:29.242   709   709 I keystore: del USRPKEY_myKey 10066
01-11 20:32:29.258   709   709 I keystore: del USRSKEY_myKey 10066
01-11 20:32:29.259   709   709 I keystore: del USRCERT_myKey 10066
01-11 20:32:29.260   709   709 I keystore: del CACERT_myKey 10066
01-11 20:32:29.361   495   498 D DrmLibTime: got the req here! ret=0
01-11 20:32:29.361   495   498 D DrmLibTime: command id, time_cmd_id = 770
01-11 20:32:29.361   495   498 D DrmLibTime: time_getutcsec starts!
01-11 20:32:29.362   495   498 D DrmLibTime: QSEE Time Listener: time_getutcsec
01-11 20:32:29.362   495   498 D DrmLibTime: QSEE Time Listener: get_utc_seconds
01-11 20:32:29.362   495   498 D DrmLibTime: QSEE Time Listener: seconds: 1515702749
01-11 20:32:29.362   495   498 D DrmLibTime: QSEE Time Listener: nano seconds: 362170308
01-11 20:32:29.362   495   498 D DrmLibTime: time_getutcsec returns 0, sec = 1515702749; nsec = 362170308
01-11 20:32:29.362   495   498 D DrmLibTime: time_getutcsec finished! 
01-11 20:32:29.362   495   498 D DrmLibTime: iotcl_continue_command finished! and return 0 
01-11 20:32:29.362   495   498 D DrmLibTime: before calling ioctl to read the next time_cmd
01-11 20:32:30.557  4473  4473 D KeyStoreFragment: Public Key is: android.security.keystore.AndroidKeyStoreRSAPublicKey@b6484814
01-11 20:32:30.571  4473  4473 D KeyStoreFragment: Counter = 20	Keys created
01-11 20:32:30.747  4473  4473 D KeyStoreFragment: Signature: wQFFXJfkgDyS6iPSvPPFiYgtiaQiSBIeW10+usOycXS70oU63kBzxAIHBFgHTT6zkMKI8mgGPaut
01-11 20:32:30.747  4473  4473 D KeyStoreFragment: tJVuhWhyADI/JPJT9JsrUohLCbs5WaSHNFyyItQ271NCyjES1D2fr6mIGNM+fS1pHJw+6iHKs+mN
01-11 20:32:30.747  4473  4473 D KeyStoreFragment: NHT+yv2C10MaHuAu2bDz9eYGxl95aQ36eb02j+7JtaehZvlBK7m/XK8x2C1Q9JR5bIAn3loP/KIR
01-11 20:32:30.747  4473  4473 D KeyStoreFragment: maHFIp7iXFpycw6U6Hgz1M5PC6XONXOlSwLsVQLJ8cIs52LVYX4yosrjquYJE9Xu7C4NpAFtfDpC
01-11 20:32:30.747  4473  4473 D KeyStoreFragment: kVFvELu7kWdOqlsEcKfMuaw5WXUC+O6EvEXMmQ==
01-11 20:32:30.822  4473  4473 D KeyStoreFragment: Data Signature Verified
01-11 20:32:30.836   709   709 I keystore: del USRPKEY_myKey 10066
01-11 20:32:30.854   709   709 I keystore: del USRSKEY_myKey 10066
01-11 20:32:30.855   709   709 I keystore: del USRCERT_myKey 10066
01-11 20:32:30.855   709   709 I keystore: del CACERT_myKey 10066
01-11 20:32:30.964   495   498 D DrmLibTime: got the req here! ret=0
01-11 20:32:30.964   495   498 D DrmLibTime: command id, time_cmd_id = 770
01-11 20:32:30.964   495   498 D DrmLibTime: time_getutcsec starts!
01-11 20:32:30.964   495   498 D DrmLibTime: QSEE Time Listener: time_getutcsec
01-11 20:32:30.964   495   498 D DrmLibTime: QSEE Time Listener: get_utc_seconds
01-11 20:32:30.964   495   498 D DrmLibTime: QSEE Time Listener: seconds: 1515702750
01-11 20:32:30.964   495   498 D DrmLibTime: QSEE Time Listener: nano seconds: 964748332
01-11 20:32:30.964   495   498 D DrmLibTime: time_getutcsec returns 0, sec = 1515702750; nsec = 964748332
01-11 20:32:30.965   495   498 D DrmLibTime: time_getutcsec finished! 
01-11 20:32:30.965   495   498 D DrmLibTime: iotcl_continue_command finished! and return 0 
01-11 20:32:30.965   495   498 D DrmLibTime: before calling ioctl to read the next time_cmd
01-11 20:32:34.640  4473  4473 D KeyStoreFragment: Public Key is: android.security.keystore.AndroidKeyStoreRSAPublicKey@e0e97768
01-11 20:32:34.645  4473  4473 D KeyStoreFragment: Counter = 21	Keys created
01-11 20:32:34.802  4473  4473 D KeyStoreFragment: Signature: d2ZB37F0qlfA9o+WhjK8S4JoR6py4kIq8zxab2/Up5gSRUwMihOo87xE3Z9D88v0Z3MTphmW15Nd
01-11 20:32:34.802  4473  4473 D KeyStoreFragment: x2lxOVEqRz5bveEQmK80x0WDx1DDlQlBFmS3LpAxn+XQpvW24YzZA7+ySf/h+NqSJ7Yz0scyoLtK
01-11 20:32:34.802  4473  4473 D KeyStoreFragment: r6HIGxnv2rNFIUyLxHvdaOoamd7bMv6aj41BZ2tXnmk7d3wZeLMRDqe2bjakN4om5Rh7loGK70mW
01-11 20:32:34.802  4473  4473 D KeyStoreFragment: D0rytbytJViKdg/38rHOcepBppx1u/tePq7Wwy83uLyQH81QXx9L55awhOQ5glRta85kUqSGasWG
01-11 20:32:34.802  4473  4473 D KeyStoreFragment: obh7lC03UxCxTZniuU3r262jxXgsujxPY6ONyQ==
01-11 20:32:34.835  4473  4473 D KeyStoreFragment: Data Signature Verified
01-11 20:32:34.842   709   709 I keystore: del USRPKEY_myKey 10066
01-11 20:32:34.859   709   709 I keystore: del USRSKEY_myKey 10066
01-11 20:32:34.860   709   709 I keystore: del USRCERT_myKey 10066
01-11 20:32:34.861   709   709 I keystore: del CACERT_myKey 10066
01-11 20:32:34.875   495   498 D DrmLibTime: got the req here! ret=0
01-11 20:32:34.875   495   498 D DrmLibTime: command id, time_cmd_id = 770
01-11 20:32:34.875   495   498 D DrmLibTime: time_getutcsec starts!
01-11 20:32:34.875   495   498 D DrmLibTime: QSEE Time Listener: time_getutcsec
01-11 20:32:34.875   495   498 D DrmLibTime: QSEE Time Listener: get_utc_seconds
01-11 20:32:34.875   495   498 D DrmLibTime: QSEE Time Listener: seconds: 1515702754
01-11 20:32:34.875   495   498 D DrmLibTime: QSEE Time Listener: nano seconds: 875802836
01-11 20:32:34.875   495   498 D DrmLibTime: time_getutcsec returns 0, sec = 1515702754; nsec = 875802836
01-11 20:32:34.875   495   498 D DrmLibTime: time_getutcsec finished! 
01-11 20:32:34.875   495   498 D DrmLibTime: iotcl_continue_command finished! and return 0 
01-11 20:32:34.875   495   498 D DrmLibTime: before calling ioctl to read the next time_cmd
01-11 20:32:37.003  4473  4473 D KeyStoreFragment: Public Key is: android.security.keystore.AndroidKeyStoreRSAPublicKey@4f5dbe45
01-11 20:32:37.014  4473  4473 D KeyStoreFragment: Counter = 22	Keys created
01-11 20:32:37.178  4473  4473 D KeyStoreFragment: Signature: ntOnzaN0tpLNl6B+vMwNvxByC36XIwN0jqBgDo4XmmK4N4ouj5bt6fVY0qTVGYh+1trWOR6kWeqC
01-11 20:32:37.178  4473  4473 D KeyStoreFragment: R3JLHx4tZRuPha5WPh76FSUwG+XV1mfta793WBwyVrKyrVwPdKhDL9gq73+Fj7NgDgTrpeAbsfSG
01-11 20:32:37.178  4473  4473 D KeyStoreFragment: Th/c87P/oOGsBFz4QI2IAr+7JorLZzkaejFBHq74kSA3HbGnC62ayHDMu05PBtorWG5UvN95ks7q
01-11 20:32:37.178  4473  4473 D KeyStoreFragment: epYyJWdtzAWF+E0ssEiWKQH1CdYc7Qm9ly8qPZDAZhGL0p+a4Ts7Epla987jp2Poj3Z/S0a+qFxp
01-11 20:32:37.178  4473  4473 D KeyStoreFragment: iPPyVUshIVtZ1R/8kdt419hNCd8WxY5pugkbHw==
01-11 20:32:37.244  4473  4473 D KeyStoreFragment: Data Signature Verified
01-11 20:32:37.253   709   709 I keystore: del USRPKEY_myKey 10066
01-11 20:32:37.271   709   709 I keystore: del USRSKEY_myKey 10066
01-11 20:32:37.272   709   709 I keystore: del USRCERT_myKey 10066
01-11 20:32:37.274   709   709 I keystore: del CACERT_myKey 10066
01-11 20:32:37.349   495   498 D DrmLibTime: got the req here! ret=0
01-11 20:32:37.350   495   498 D DrmLibTime: command id, time_cmd_id = 770
01-11 20:32:37.350   495   498 D DrmLibTime: time_getutcsec starts!
01-11 20:32:37.350   495   498 D DrmLibTime: QSEE Time Listener: time_getutcsec
01-11 20:32:37.350   495   498 D DrmLibTime: QSEE Time Listener: get_utc_seconds
01-11 20:32:37.350   495   498 D DrmLibTime: QSEE Time Listener: seconds: 1515702757
01-11 20:32:37.350   495   498 D DrmLibTime: QSEE Time Listener: nano seconds: 350450999
01-11 20:32:37.350   495   498 D DrmLibTime: time_getutcsec returns 0, sec = 1515702757; nsec = 350450999
01-11 20:32:37.350   495   498 D DrmLibTime: time_getutcsec finished! 
01-11 20:32:37.350   495   498 D DrmLibTime: iotcl_continue_command finished! and return 0 
01-11 20:32:37.350   495   498 D DrmLibTime: before calling ioctl to read the next time_cmd
01-11 20:32:39.389  4473  4473 D KeyStoreFragment: Public Key is: android.security.keystore.AndroidKeyStoreRSAPublicKey@aaa9044b
01-11 20:32:39.395  4473  4473 D KeyStoreFragment: Counter = 23	Keys created
01-11 20:32:39.545  4473  4473 D KeyStoreFragment: Signature: hyD3r71FODKZ33urK9fUPrGElZuLjL189QcmmjewJa1YYLLjwLgiUFb+xy8FPd1w621yUsE/l/7o
01-11 20:32:39.545  4473  4473 D KeyStoreFragment: hjawLliaZ2n/FDAd+uLFfBcBScrqbcm8lr6SKX7nn3HhSJbzRxGmkL3vrmp/29Opr/Vu3P3/CcR5
01-11 20:32:39.545  4473  4473 D KeyStoreFragment: 0M+9Ij2978M7D+ZJ1JEB7U07CsFtoDM8ue3LVUtzqOHL5q16ab0U2uRjz+DmEN07Vk9Pps2gdPLN
01-11 20:32:39.545  4473  4473 D KeyStoreFragment: 0fI/TB/jJD2IaBWfEWV16oeEQ/T18VAXQOAm15kGPqU6gxKKxMSZDXVbOplImOHTI0nXfbOf7Qx+
01-11 20:32:39.545  4473  4473 D KeyStoreFragment: FdDspBgKnQboYv2bfrzPgWnPtSAjZBDphMG89w==
01-11 20:32:39.624  4473  4473 D KeyStoreFragment: Data Signature Verified
01-11 20:32:39.634   709   709 I keystore: del USRPKEY_myKey 10066
01-11 20:32:39.651   709   709 I keystore: del USRSKEY_myKey 10066
01-11 20:32:39.652   709   709 I keystore: del USRCERT_myKey 10066
01-11 20:32:39.653   709   709 I keystore: del CACERT_myKey 10066
01-11 20:32:39.734   495   498 D DrmLibTime: got the req here! ret=0
01-11 20:32:39.734   495   498 D DrmLibTime: command id, time_cmd_id = 770
01-11 20:32:39.735   495   498 D DrmLibTime: time_getutcsec starts!
01-11 20:32:39.735   495   498 D DrmLibTime: QSEE Time Listener: time_getutcsec
01-11 20:32:39.735   495   498 D DrmLibTime: QSEE Time Listener: get_utc_seconds
01-11 20:32:39.735   495   498 D DrmLibTime: QSEE Time Listener: seconds: 1515702759
01-11 20:32:39.735   495   498 D DrmLibTime: QSEE Time Listener: nano seconds: 735104414
01-11 20:32:39.735   495   498 D DrmLibTime: time_getutcsec returns 0, sec = 1515702759; nsec = 735104414
01-11 20:32:39.735   495   498 D DrmLibTime: time_getutcsec finished! 
01-11 20:32:39.735   495   498 D DrmLibTime: iotcl_continue_command finished! and return 0 
01-11 20:32:39.735   495   498 D DrmLibTime: before calling ioctl to read the next time_cmd
01-11 20:32:42.377  4473  4473 D KeyStoreFragment: Public Key is: android.security.keystore.AndroidKeyStoreRSAPublicKey@d5bd8cba
01-11 20:32:42.389  4473  4473 D KeyStoreFragment: Counter = 24	Keys created
01-11 20:32:42.555  4473  4473 D KeyStoreFragment: Signature: Z/Q0LCLowAaQUqrSPuxLjGWDwhtOKy4rCIkuyHK0BOJRuZP9Py0MLfSveuhF6AojBAR9bqPjCBAo
01-11 20:32:42.555  4473  4473 D KeyStoreFragment: x+/soFBavgF2M1cTYdzWFtP3t0cqjE6BqTcBGx5c+forZv1viRAwVzwAyzZKEpVJSYqZFkbliWpV
01-11 20:32:42.555  4473  4473 D KeyStoreFragment: zLPG/9oUlg6/2m2hmvLQnqh1jnTZ2OVHnqVUZ3SvjQfYqcsJshhNBa7sZAHfS4vYMsDYg1M7XAuH
01-11 20:32:42.555  4473  4473 D KeyStoreFragment: SFE6qXfs51vaBxf9C98gL3dJ+duX1tL1y9M3LzEOUDsGm7wgwpGjQIKIjO5Rv46FB9evH6U4hqvQ
01-11 20:32:42.555  4473  4473 D KeyStoreFragment: ddF5u9z/pDsGxjFY0U4w79v3xq2ZpqVLygBwEw==
01-11 20:32:42.622  4473  4473 D KeyStoreFragment: Data Signature Verified
01-11 20:32:42.627   709   709 I keystore: del USRPKEY_myKey 10066
01-11 20:32:42.644   709   709 I keystore: del USRSKEY_myKey 10066
01-11 20:32:42.645   709   709 I keystore: del USRCERT_myKey 10066
01-11 20:32:42.646   709   709 I keystore: del CACERT_myKey 10066
01-11 20:32:42.656   495   498 D DrmLibTime: got the req here! ret=0
01-11 20:32:42.656   495   498 D DrmLibTime: command id, time_cmd_id = 770
01-11 20:32:42.656   495   498 D DrmLibTime: time_getutcsec starts!
01-11 20:32:42.656   495   498 D DrmLibTime: QSEE Time Listener: time_getutcsec
01-11 20:32:42.656   495   498 D DrmLibTime: QSEE Time Listener: get_utc_seconds
01-11 20:32:42.656   495   498 D DrmLibTime: QSEE Time Listener: seconds: 1515702762
01-11 20:32:42.656   495   498 D DrmLibTime: QSEE Time Listener: nano seconds: 656558872
01-11 20:32:42.656   495   498 D DrmLibTime: time_getutcsec returns 0, sec = 1515702762; nsec = 656558872
01-11 20:32:42.656   495   498 D DrmLibTime: time_getutcsec finished! 
01-11 20:32:42.656   495   498 D DrmLibTime: iotcl_continue_command finished! and return 0 
01-11 20:32:42.656   495   498 D DrmLibTime: before calling ioctl to read the next time_cmd
01-11 20:32:44.173  4473  4473 D KeyStoreFragment: Public Key is: android.security.keystore.AndroidKeyStoreRSAPublicKey@212b70a1
01-11 20:32:44.177  4473  4473 D KeyStoreFragment: Counter = 25	Keys created
01-11 20:32:44.200  4473  4478 I zygote64: Do partial code cache collection, code=250KB, data=164KB
01-11 20:32:44.201  4473  4478 I zygote64: After code cache collection, code=250KB, data=164KB
01-11 20:32:44.201  4473  4478 I zygote64: Increasing code cache capacity to 1024KB
01-11 20:32:44.325  4473  4473 D KeyStoreFragment: Signature: XuN4b2i7qLI8Do+L7ZBFNzf0hpD99t0+82e0gDgWtISEv6JrnSMngjqfHFGPJ0tZa7lJ5IKlWNmr
01-11 20:32:44.325  4473  4473 D KeyStoreFragment: W6kBjIBUshJv4iZ0apW0+PH98QTa1bQ4zRpCTNcW1//u/6nOMKJh4R5kesed2U+oi+y7yoUPCRW2
01-11 20:32:44.325  4473  4473 D KeyStoreFragment: eYL5z7BmnG+wjb3Z7XGABlPhW08JK2JWouTH8gko5pMN0r8Z9WpSbSVxfCc21LP6MMJHbcNG6nDC
01-11 20:32:44.325  4473  4473 D KeyStoreFragment: CPkjxHOdniCdgKeE1MfX7pzGQ2cja7aNC+R9n5/25wsCInWDOqPPAGWiTARDiI3Nah070emoCz/q
01-11 20:32:44.325  4473  4473 D KeyStoreFragment: zzMKktauXrDVVxAj9ZdDlLztgh1dL+sWL4syGw==
01-11 20:32:44.392  4473  4473 D KeyStoreFragment: Data Signature Verified
01-11 20:32:44.404   709   709 I keystore: del USRPKEY_myKey 10066
01-11 20:32:44.420   709   709 I keystore: del USRSKEY_myKey 10066
01-11 20:32:44.421   709   709 I keystore: del USRCERT_myKey 10066
01-11 20:32:44.423   709   709 I keystore: del CACERT_myKey 10066
01-11 20:32:44.437   495   498 D DrmLibTime: got the req here! ret=0
01-11 20:32:44.437   495   498 D DrmLibTime: command id, time_cmd_id = 770
01-11 20:32:44.437   495   498 D DrmLibTime: time_getutcsec starts!
01-11 20:32:44.437   495   498 D DrmLibTime: QSEE Time Listener: time_getutcsec
01-11 20:32:44.437   495   498 D DrmLibTime: QSEE Time Listener: get_utc_seconds
01-11 20:32:44.437   495   498 D DrmLibTime: QSEE Time Listener: seconds: 1515702764
01-11 20:32:44.437   495   498 D DrmLibTime: QSEE Time Listener: nano seconds: 437717903
01-11 20:32:44.437   495   498 D DrmLibTime: time_getutcsec returns 0, sec = 1515702764; nsec = 437717903
01-11 20:32:44.437   495   498 D DrmLibTime: time_getutcsec finished! 
01-11 20:32:44.438   495   498 D DrmLibTime: iotcl_continue_command finished! and return 0 
01-11 20:32:44.438   495   498 D DrmLibTime: before calling ioctl to read the next time_cmd
01-11 20:32:45.294  4473  4473 D KeyStoreFragment: Public Key is: android.security.keystore.AndroidKeyStoreRSAPublicKey@c44ce18c
01-11 20:32:45.304  4473  4473 D KeyStoreFragment: Counter = 26	Keys created
01-11 20:32:45.451  4473  4473 D KeyStoreFragment: Signature: T1fqGblnTFLG592dpr4vzF8Q6XP/pJgV/PS3jDHo/35DN+C6YcUNc24H07wDrtIFW5KWMRHOrZWQ
01-11 20:32:45.451  4473  4473 D KeyStoreFragment: YOnoi+J0CN1s5ltBlY2cZUi1ptMaGaxNmrgwey0dShhMPhAkUWfF7a+FaJVNbw3nWHLfIpwQi5Zm
01-11 20:32:45.451  4473  4473 D KeyStoreFragment: PTBbHGuCky+LZI44YBHmei4FP5/oQt7daqWqQxJQOG+VU4LmmetZdX9IO6OpsylzwgrQpoDYZy+M
01-11 20:32:45.451  4473  4473 D KeyStoreFragment: 6bv/mhzNjsdE4+53pivmaQ+SY6DD2AV1hpCKPFMS/P34+ECeyTIld2oCC+ZXWxGKylCcOGEDLQaT
01-11 20:32:45.451  4473  4473 D KeyStoreFragment: krGmPOWhfI9qdWjKF0WiygLBLYTFIemISsT32w==
01-11 20:32:45.507  4473  4473 D KeyStoreFragment: Data Signature Verified
01-11 20:32:45.517   709   709 I keystore: del USRPKEY_myKey 10066
01-11 20:32:45.534   709   709 I keystore: del USRSKEY_myKey 10066
01-11 20:32:45.535   709   709 I keystore: del USRCERT_myKey 10066
01-11 20:32:45.538   709   709 I keystore: del CACERT_myKey 10066
01-11 20:32:45.631   495   498 D DrmLibTime: got the req here! ret=0
01-11 20:32:45.632   495   498 D DrmLibTime: command id, time_cmd_id = 770
01-11 20:32:45.632   495   498 D DrmLibTime: time_getutcsec starts!
01-11 20:32:45.632   495   498 D DrmLibTime: QSEE Time Listener: time_getutcsec
01-11 20:32:45.632   495   498 D DrmLibTime: QSEE Time Listener: get_utc_seconds
01-11 20:32:45.632   495   498 D DrmLibTime: QSEE Time Listener: seconds: 1515702765
01-11 20:32:45.632   495   498 D DrmLibTime: QSEE Time Listener: nano seconds: 632415626
01-11 20:32:45.632   495   498 D DrmLibTime: time_getutcsec returns 0, sec = 1515702765; nsec = 632415626
01-11 20:32:45.632   495   498 D DrmLibTime: time_getutcsec finished! 
01-11 20:32:45.632   495   498 D DrmLibTime: iotcl_continue_command finished! and return 0 
01-11 20:32:45.632   495   498 D DrmLibTime: before calling ioctl to read the next time_cmd
01-11 20:32:47.308  4473  4473 D KeyStoreFragment: Public Key is: android.security.keystore.AndroidKeyStoreRSAPublicKey@d07389c8
01-11 20:32:47.319  4473  4473 D KeyStoreFragment: Counter = 27	Keys created
01-11 20:32:47.482  4473  4473 D KeyStoreFragment: Signature: SsmEAqVl47MbMyYxm6pERa+PNERds8Z662Y7vSl57x16OZxwbD+4y5eFLIXrxMMJASsSR/l+WZja
01-11 20:32:47.482  4473  4473 D KeyStoreFragment: BIZ8zUApRNlpllApHMw64qVVcY9J2dEAidf7b8AuiCCSFSW+1lFsV2eYJhr0ViUB567OF9Ms4OgC
01-11 20:32:47.482  4473  4473 D KeyStoreFragment: OnUFePiC8A4gliIdsXSarnd1d1tAmth7E3QKluXRsqzkCOB/S3Ykel4bXu/w/GwuO3uH04PbHTiE
01-11 20:32:47.482  4473  4473 D KeyStoreFragment: i4oMhTYq8dOBtlHawRW3079vd6K2/jhuwwoi3C05XJgDASFW7RN38cg+63FAyRM4pJDUQQ3IONhK
01-11 20:32:47.482  4473  4473 D KeyStoreFragment: d4k6jT2chtFAmCUEaOdxj6FgQ9Sst7NL6vRJqw==
01-11 20:32:47.551  4473  4473 D KeyStoreFragment: Data Signature Verified
01-11 20:32:47.560   709   709 I keystore: del USRPKEY_myKey 10066
01-11 20:32:47.577   709   709 I keystore: del USRSKEY_myKey 10066
01-11 20:32:47.577   709   709 I keystore: del USRCERT_myKey 10066
01-11 20:32:47.579   709   709 I keystore: del CACERT_myKey 10066
01-11 20:32:47.588   495   498 D DrmLibTime: got the req here! ret=0
01-11 20:32:47.588   495   498 D DrmLibTime: command id, time_cmd_id = 770
01-11 20:32:47.588   495   498 D DrmLibTime: time_getutcsec starts!
01-11 20:32:47.588   495   498 D DrmLibTime: QSEE Time Listener: time_getutcsec
01-11 20:32:47.588   495   498 D DrmLibTime: QSEE Time Listener: get_utc_seconds
01-11 20:32:47.589   495   498 D DrmLibTime: QSEE Time Listener: seconds: 1515702767
01-11 20:32:47.589   495   498 D DrmLibTime: QSEE Time Listener: nano seconds: 588999571
01-11 20:32:47.589   495   498 D DrmLibTime: time_getutcsec returns 0, sec = 1515702767; nsec = 588999571
01-11 20:32:47.589   495   498 D DrmLibTime: time_getutcsec finished! 
01-11 20:32:47.589   495   498 D DrmLibTime: iotcl_continue_command finished! and return 0 
01-11 20:32:47.589   495   498 D DrmLibTime: before calling ioctl to read the next time_cmd
01-11 20:32:49.866  4473  4473 D KeyStoreFragment: Public Key is: android.security.keystore.AndroidKeyStoreRSAPublicKey@6832672c
01-11 20:32:49.871  4473  4473 D KeyStoreFragment: Counter = 28	Keys created
01-11 20:32:50.007  4473  4473 D KeyStoreFragment: Signature: rTXS+A9gfGP6akg0eDPQHj0ThVdT1bcc/cKxGKEFq4D60FB2BGy5EjnDb4GWPcT2mqLbwiawbOZW
01-11 20:32:50.007  4473  4473 D KeyStoreFragment: 2B9M+AP1pwTLmVHg5Iy9L6AYWNNJiXp8Lfh2/4xHKlHJijx7/bM5ifAokjBSbbom5b8PrjV2L6iy
01-11 20:32:50.007  4473  4473 D KeyStoreFragment: dVoZf7lPDUIbfQvI9CQHQIHG2B9mEbO5VN+X5f8lfPOGDSFrojnUJ+HA7jry7y/0+4rwTup+Oig1
01-11 20:32:50.007  4473  4473 D KeyStoreFragment: JObNOr3hnfkxu/okn2cZsS538n29+tEaDrBizMWXYKofB4MyV8Ew/3IelNE7g8Vk4B7wyDdNz5HB
01-11 20:32:50.007  4473  4473 D KeyStoreFragment: ACB7yJ8y7PzUKMdDzU+/98PGkrr5QzMOtMQvvw==
01-11 20:32:50.035  4473  4473 D KeyStoreFragment: Data Signature Verified
01-11 20:32:50.041   709   709 I keystore: del USRPKEY_myKey 10066
01-11 20:32:50.056   709   709 I keystore: del USRSKEY_myKey 10066
01-11 20:32:50.057   709   709 I keystore: del USRCERT_myKey 10066
01-11 20:32:50.058   709   709 I keystore: del CACERT_myKey 10066
01-11 20:32:50.067   495   498 D DrmLibTime: got the req here! ret=0
01-11 20:32:50.067   495   498 D DrmLibTime: command id, time_cmd_id = 770
01-11 20:32:50.067   495   498 D DrmLibTime: time_getutcsec starts!
01-11 20:32:50.067   495   498 D DrmLibTime: QSEE Time Listener: time_getutcsec
01-11 20:32:50.067   495   498 D DrmLibTime: QSEE Time Listener: get_utc_seconds
01-11 20:32:50.067   495   498 D DrmLibTime: QSEE Time Listener: seconds: 1515702770
01-11 20:32:50.067   495   498 D DrmLibTime: QSEE Time Listener: nano seconds: 67295651
01-11 20:32:50.067   495   498 D DrmLibTime: time_getutcsec returns 0, sec = 1515702770; nsec = 67295651
01-11 20:32:50.067   495   498 D DrmLibTime: time_getutcsec finished! 
01-11 20:32:50.067   495   498 D DrmLibTime: iotcl_continue_command finished! and return 0 
01-11 20:32:50.067   495   498 D DrmLibTime: before calling ioctl to read the next time_cmd
01-11 20:32:50.743  4473  4473 D KeyStoreFragment: Public Key is: android.security.keystore.AndroidKeyStoreRSAPublicKey@582ac7d5
01-11 20:32:50.747  4473  4473 D KeyStoreFragment: Counter = 29	Keys created
01-11 20:32:50.885  4473  4473 D KeyStoreFragment: Signature: gKxvp4i1jgqH3UJvUhK2JFAMI2jDNTeoV6Ruve2dOUmYdajTeJohTiufN/ebQle+YoBrvQg1LaM8
01-11 20:32:50.885  4473  4473 D KeyStoreFragment: OGwrja6cjvrb47O+UFuY3LmnaReuncRR1CwZu9PDRHy68BAGYeLL17R7BCYc+sHiFyvHkqd/FNcl
01-11 20:32:50.885  4473  4473 D KeyStoreFragment: Br1wJcXgEuvqyLling8EQf4CNiCuLb4wgNAjfn2QsE/6YyJKMBpfAX+s8AgN/sR7XDyq8ZWeu1ow
01-11 20:32:50.885  4473  4473 D KeyStoreFragment: mIYtHTWSDLwAfYdsTiwlGbEDILyiZPkQVloZMQtx/3MgtStFzW28Bbj6ztIHljuBqsgnmmsgm91v
01-11 20:32:50.885  4473  4473 D KeyStoreFragment: T40FW9FVty2hmdxZ6ScvhN3MaKAoZ1c2c9QXTg==
01-11 20:32:50.917  4473  4473 D KeyStoreFragment: Data Signature Verified
01-11 20:32:50.921   709   709 I keystore: del USRPKEY_myKey 10066
01-11 20:32:51.020   709   709 I keystore: del USRSKEY_myKey 10066
01-11 20:32:51.021   709   709 I keystore: del USRCERT_myKey 10066
01-11 20:32:51.023   709   709 I keystore: del CACERT_myKey 10066
01-11 20:32:51.044   495   498 D DrmLibTime: got the req here! ret=0
01-11 20:32:51.044   495   498 D DrmLibTime: command id, time_cmd_id = 770
01-11 20:32:51.044   495   498 D DrmLibTime: time_getutcsec starts!
01-11 20:32:51.044   495   498 D DrmLibTime: QSEE Time Listener: time_getutcsec
01-11 20:32:51.044   495   498 D DrmLibTime: QSEE Time Listener: get_utc_seconds
01-11 20:32:51.044   495   498 D DrmLibTime: QSEE Time Listener: seconds: 1515702771
01-11 20:32:51.044   495   498 D DrmLibTime: QSEE Time Listener: nano seconds: 44775645
01-11 20:32:51.044   495   498 D DrmLibTime: time_getutcsec returns 0, sec = 1515702771; nsec = 44775645
01-11 20:32:51.044   495   498 D DrmLibTime: time_getutcsec finished! 
01-11 20:32:51.044   495   498 D DrmLibTime: iotcl_continue_command finished! and return 0 
01-11 20:32:51.044   495   498 D DrmLibTime: before calling ioctl to read the next time_cmd
01-11 20:32:51.588  4473  4473 D KeyStoreFragment: Public Key is: android.security.keystore.AndroidKeyStoreRSAPublicKey@69c06de4
01-11 20:32:51.591  4473  4473 D KeyStoreFragment: Counter = 30	Keys created
01-11 20:32:51.733  4473  4473 D KeyStoreFragment: Signature: GTATziJE7ZR4YOYKTkuFjT4D7wNLhzi52qo3Qvgzf7mS5bEJEgYHY4PUyf3uqPFGlnr1NL7P/SQi
01-11 20:32:51.733  4473  4473 D KeyStoreFragment: 2lFnDX9Lze1FIlENk6V5/A9MieSDzTCo6B4SfIw6DHCsJowMze9O6Pr5UwwiXVg7N3+J5AmQvLmg
01-11 20:32:51.733  4473  4473 D KeyStoreFragment: N5d7So+vJ+aaAfBbq2azr58lGP44skelA2czmT7trkhbQ6wnmxXDkAhMJU4bDtSYyTQpfFEl+JUU
01-11 20:32:51.733  4473  4473 D KeyStoreFragment: YVV/QZOoNzt6gkvwtQ07K0WZV4hG/pteD3p43ds4npBkdg18gjHvPnK8ivWUcIB4RTDyP0WdjQio
01-11 20:32:51.733  4473  4473 D KeyStoreFragment: QLM/wiDlqhNbml19gkGsRHR9luxsKsKGPPzb4Q==
01-11 20:32:51.780  4473  4473 D KeyStoreFragment: Data Signature Verified
01-11 20:32:51.787   709   709 I keystore: del USRPKEY_myKey 10066
01-11 20:32:51.805   709   709 I keystore: del USRSKEY_myKey 10066
01-11 20:32:51.806   709   709 I keystore: del USRCERT_myKey 10066
01-11 20:32:51.808   709   709 I keystore: del CACERT_myKey 10066
01-11 20:32:51.896   495   498 D DrmLibTime: got the req here! ret=0
01-11 20:32:51.897   495   498 D DrmLibTime: command id, time_cmd_id = 770
01-11 20:32:51.897   495   498 D DrmLibTime: time_getutcsec starts!
01-11 20:32:51.897   495   498 D DrmLibTime: QSEE Time Listener: time_getutcsec
01-11 20:32:51.897   495   498 D DrmLibTime: QSEE Time Listener: get_utc_seconds
01-11 20:32:51.897   495   498 D DrmLibTime: QSEE Time Listener: seconds: 1515702771
01-11 20:32:51.897   495   498 D DrmLibTime: QSEE Time Listener: nano seconds: 897374063
01-11 20:32:51.897   495   498 D DrmLibTime: time_getutcsec returns 0, sec = 1515702771; nsec = 897374063
01-11 20:32:51.897   495   498 D DrmLibTime: time_getutcsec finished! 
01-11 20:32:51.897   495   498 D DrmLibTime: iotcl_continue_command finished! and return 0 
01-11 20:32:51.897   495   498 D DrmLibTime: before calling ioctl to read the next time_cmd
01-11 20:32:54.176  4473  4473 D KeyStoreFragment: Public Key is: android.security.keystore.AndroidKeyStoreRSAPublicKey@d3b98def
01-11 20:32:54.189  4473  4473 D KeyStoreFragment: Counter = 31	Keys created
01-11 20:32:54.360  4473  4473 D KeyStoreFragment: Signature: i8qpqRziK2hxt3IssQuAHFbUev8cEvQ92w4Rdo6jhwiEOTg4mlu+BqNS9tncbaLEozVuoIJfqSVx
01-11 20:32:54.360  4473  4473 D KeyStoreFragment: DIIFGTpUtUXenPlNANkaglhYrrAzwDIBBVn+vVMldY4kayDE+gE6ehxagvTbgaFwEPIUIAWb21gW
01-11 20:32:54.360  4473  4473 D KeyStoreFragment: t8exIYIl+nJff4JyXCxjPfiZM79o5tg+qdWHuuSlhRG0VFIBaW+e4LdTx5QgKz759yLj4gM5TYtO
01-11 20:32:54.360  4473  4473 D KeyStoreFragment: uL8x76XiWZ7gjOW+seam3blWJCe/j7UYwEnX+crqoihQyhC3fMrDu1r5q/O3lDJdJ40zPgUxviUE
01-11 20:32:54.360  4473  4473 D KeyStoreFragment: yF0sdCXwu1Gf5ebV29RQpNy3xTywXE38qkp6Yw==
01-11 20:32:54.432  4473  4473 D KeyStoreFragment: Data Signature Verified
01-11 20:32:54.442   709   709 I keystore: del USRPKEY_myKey 10066
01-11 20:32:54.461   709   709 I keystore: del USRSKEY_myKey 10066
01-11 20:32:54.462   709   709 I keystore: del USRCERT_myKey 10066
01-11 20:32:54.465   709   709 I keystore: del CACERT_myKey 10066
01-11 20:32:54.475   495   498 D DrmLibTime: got the req here! ret=0
01-11 20:32:54.475   495   498 D DrmLibTime: command id, time_cmd_id = 770
01-11 20:32:54.475   495   498 D DrmLibTime: time_getutcsec starts!
01-11 20:32:54.475   495   498 D DrmLibTime: QSEE Time Listener: time_getutcsec
01-11 20:32:54.475   495   498 D DrmLibTime: QSEE Time Listener: get_utc_seconds
01-11 20:32:54.475   495   498 D DrmLibTime: QSEE Time Listener: seconds: 1515702774
01-11 20:32:54.475   495   498 D DrmLibTime: QSEE Time Listener: nano seconds: 475968018
01-11 20:32:54.476   495   498 D DrmLibTime: time_getutcsec returns 0, sec = 1515702774; nsec = 475968018
01-11 20:32:54.476   495   498 D DrmLibTime: time_getutcsec finished! 
01-11 20:32:54.476   495   498 D DrmLibTime: iotcl_continue_command finished! and return 0 
01-11 20:32:54.476   495   498 D DrmLibTime: before calling ioctl to read the next time_cmd
01-11 20:32:55.830  4473  4473 D KeyStoreFragment: Public Key is: android.security.keystore.AndroidKeyStoreRSAPublicKey@3417d561
01-11 20:32:55.841  4473  4473 D KeyStoreFragment: Counter = 32	Keys created
01-11 20:32:56.018  4473  4473 D KeyStoreFragment: Signature: kqjo6zAn1lCIrRxoHfHPCfM/x34zRXHJHXeYnGDil0GE8MjRuTtSzo9hVMWuFAp0a8jKaFgYNzdf
01-11 20:32:56.018  4473  4473 D KeyStoreFragment: ALgY/wmLImV6fwO93ySegIRoENEoiV4Lz2r/lvjt5eWsnzw4kQ9FKbISesaQECR0a8pJmb6QeSrR
01-11 20:32:56.018  4473  4473 D KeyStoreFragment: xRcTuZTICayt+I7rcE5eZTD35lrDLhksNMSUMZh1r8H2xhuej16EPMwujZBuJ7cVka/K1buKo1WA
01-11 20:32:56.018  4473  4473 D KeyStoreFragment: eBg6bjJZ2HrdoFvD8d5TqRA1MroZUcctu+9Fg0IpfigPFi2Q8UJXnjrJn2UGvSW53yP3cQ6VKSyM
01-11 20:32:56.018  4473  4473 D KeyStoreFragment: +abEtbHtt/4x5XNcTSO2xPgkNDdPllivNfgu2w==
01-11 20:32:56.083  4473  4473 D KeyStoreFragment: Data Signature Verified
01-11 20:32:56.094   709   709 I keystore: del USRPKEY_myKey 10066
01-11 20:32:56.112   709   709 I keystore: del USRSKEY_myKey 10066
01-11 20:32:56.113   709   709 I keystore: del USRCERT_myKey 10066
01-11 20:32:56.115   709   709 I keystore: del CACERT_myKey 10066
01-11 20:32:56.124   495   498 D DrmLibTime: got the req here! ret=0
01-11 20:32:56.124   495   498 D DrmLibTime: command id, time_cmd_id = 770
01-11 20:32:56.124   495   498 D DrmLibTime: time_getutcsec starts!
01-11 20:32:56.124   495   498 D DrmLibTime: QSEE Time Listener: time_getutcsec
01-11 20:32:56.124   495   498 D DrmLibTime: QSEE Time Listener: get_utc_seconds
01-11 20:32:56.124   495   498 D DrmLibTime: QSEE Time Listener: seconds: 1515702776
01-11 20:32:56.124   495   498 D DrmLibTime: QSEE Time Listener: nano seconds: 124563026
01-11 20:32:56.124   495   498 D DrmLibTime: time_getutcsec returns 0, sec = 1515702776; nsec = 124563026
01-11 20:32:56.124   495   498 D DrmLibTime: time_getutcsec finished! 
01-11 20:32:56.124   495   498 D DrmLibTime: iotcl_continue_command finished! and return 0 
01-11 20:32:56.124   495   498 D DrmLibTime: before calling ioctl to read the next time_cmd
01-11 20:32:58.422  4473  4473 D KeyStoreFragment: Public Key is: android.security.keystore.AndroidKeyStoreRSAPublicKey@3fdb4c2b
01-11 20:32:58.435  4473  4473 D KeyStoreFragment: Counter = 33	Keys created
01-11 20:32:58.591  4473  4473 D KeyStoreFragment: Signature: uFhKG5wK0iyJ4mAnSae7IDnrXBVvImyhNhC7yKYYRWNb7B1FSjRrmY//ApZ5TxqBuCIzeuoriZZ/
01-11 20:32:58.591  4473  4473 D KeyStoreFragment: xk4R2zYZJuSVnhfNbOt8a91YbERziJixG40VnNX1rwd1e4aq/BvXr3mwOTfhun/FmUTVUPw/tcN6
01-11 20:32:58.591  4473  4473 D KeyStoreFragment: IWVpPCwJYSraxcglXdcKmBQYbwTBoBeuQFWewBQV9os0afyoJaCFicOuLkhrQYybb1EPl9fGCwu0
01-11 20:32:58.591  4473  4473 D KeyStoreFragment: iEVRUTN/X0qmn9TlZbNm7IbReo+q3T7iZh0GvgFT69lS852evVYsQ26dLo/WxlirXnojH4dTNAaN
01-11 20:32:58.591  4473  4473 D KeyStoreFragment: pfJhlQ2VBS5qidih8gv3xghNNnJSBKHb/v4z/g==
01-11 20:32:58.670  4473  4473 D KeyStoreFragment: Data Signature Verified
01-11 20:32:58.679   709   709 I keystore: del USRPKEY_myKey 10066
01-11 20:32:58.697   709   709 I keystore: del USRSKEY_myKey 10066
01-11 20:32:58.699   709   709 I keystore: del USRCERT_myKey 10066
01-11 20:32:58.702   709   709 I keystore: del CACERT_myKey 10066
01-11 20:32:58.796   495   498 D DrmLibTime: got the req here! ret=0
01-11 20:32:58.796   495   498 D DrmLibTime: command id, time_cmd_id = 770
01-11 20:32:58.796   495   498 D DrmLibTime: time_getutcsec starts!
01-11 20:32:58.796   495   498 D DrmLibTime: QSEE Time Listener: time_getutcsec
01-11 20:32:58.796   495   498 D DrmLibTime: QSEE Time Listener: get_utc_seconds
01-11 20:32:58.796   495   498 D DrmLibTime: QSEE Time Listener: seconds: 1515702778
01-11 20:32:58.796   495   498 D DrmLibTime: QSEE Time Listener: nano seconds: 796854646
01-11 20:32:58.797   495   498 D DrmLibTime: time_getutcsec returns 0, sec = 1515702778; nsec = 796854646
01-11 20:32:58.797   495   498 D DrmLibTime: time_getutcsec finished! 
01-11 20:32:58.797   495   498 D DrmLibTime: iotcl_continue_command finished! and return 0 
01-11 20:32:58.797   495   498 D DrmLibTime: before calling ioctl to read the next time_cmd
01-11 20:32:59.806  4473  4473 D KeyStoreFragment: Public Key is: android.security.keystore.AndroidKeyStoreRSAPublicKey@a4ea0230
01-11 20:32:59.818  4473  4473 D KeyStoreFragment: Counter = 34	Keys created
01-11 20:33:00.018  4473  4473 D KeyStoreFragment: Signature: kQLYYcX6qyOu45gmjePvUCI63nIXwp1/ZzXWJBiUbKGpiJvvUKPBsFrUaBmZsJU452TxqBqzu8oj
01-11 20:33:00.018  4473  4473 D KeyStoreFragment: Qhpy8yQl4+wexVfhMAD0g8mHWx4VZlsM2e2/Uhfx5cWV/Ni/8oJMboRdHCl+ud5ocgXGJTgh0Ezn
01-11 20:33:00.018  4473  4473 D KeyStoreFragment: yKdwbBKkkrGxrceMbE9v84wsrWWlepYALtA/pNU3TBTjyzF+jmxMk1UHATduItk7XE3nOQeKaThE
01-11 20:33:00.018  4473  4473 D KeyStoreFragment: wH5pKG8UxWH+8G0gTBs38oWuDRrDJcf32cQbeJoFGeJU91Ld6M8WgsdAOk4QvTNXYuBQBXExdHln
01-11 20:33:00.018  4473  4473 D KeyStoreFragment: 9bPD27b7o7KTPoVRlKuZbF5YDZC0poJEkK56Kw==
01-11 20:33:00.046  4473  4473 D KeyStoreFragment: Data Signature Verified
01-11 20:33:00.050   709   709 I keystore: del USRPKEY_myKey 10066
01-11 20:33:00.070   709   709 I keystore: del USRSKEY_myKey 10066
01-11 20:33:00.070   709   709 I keystore: del USRCERT_myKey 10066
01-11 20:33:00.071   709   709 I keystore: del CACERT_myKey 10066
01-11 20:33:00.080   495   498 D DrmLibTime: got the req here! ret=0
01-11 20:33:00.080   495   498 D DrmLibTime: command id, time_cmd_id = 770
01-11 20:33:00.080   495   498 D DrmLibTime: time_getutcsec starts!
01-11 20:33:00.080   495   498 D DrmLibTime: QSEE Time Listener: time_getutcsec
01-11 20:33:00.081   495   498 D DrmLibTime: QSEE Time Listener: get_utc_seconds
01-11 20:33:00.081   495   498 D DrmLibTime: QSEE Time Listener: seconds: 1515702780
01-11 20:33:00.081   495   498 D DrmLibTime: QSEE Time Listener: nano seconds: 81058732
01-11 20:33:00.081   495   498 D DrmLibTime: time_getutcsec returns 0, sec = 1515702780; nsec = 81058732
01-11 20:33:00.081   495   498 D DrmLibTime: time_getutcsec finished! 
01-11 20:33:00.081   495   498 D DrmLibTime: iotcl_continue_command finished! and return 0 
01-11 20:33:00.081   495   498 D DrmLibTime: before calling ioctl to read the next time_cmd
01-11 20:33:00.946  4473  4473 D KeyStoreFragment: Public Key is: android.security.keystore.AndroidKeyStoreRSAPublicKey@f9a86bdf
01-11 20:33:00.948  4473  4473 D KeyStoreFragment: Counter = 35	Keys created
01-11 20:33:01.082  4473  4473 D KeyStoreFragment: Signature: hljRngcS5YQ1uOR/17a726T/AKDGjX8ir7e8CmECX3gePCihqJHSl0gdbwbEnBhwToCiaZ+nYqWY
01-11 20:33:01.082  4473  4473 D KeyStoreFragment: EuaXf4QLHxE19IXi5wApUWU65raoc1l/2MqJP6AgKOS6imXNwm7IfL9zwpv0oDgrTHrK28tCbPYJ
01-11 20:33:01.082  4473  4473 D KeyStoreFragment: 1FK/fVC5tR3vrYP38DNRDtW5cv8uVG8SzJIAdBk29kwuIN41r2uD6qdDOIv9TkR7ngoZ28RQtFP+
01-11 20:33:01.082  4473  4473 D KeyStoreFragment: 6bd6UQF9BsAp5ujYXvpTvELxbVvP+E6m7Aa3sUgW4xJsdNgXY8a3pbgaV2JnQ3IDRZ1Zn/qhq0rY
01-11 20:33:01.082  4473  4473 D KeyStoreFragment: mpOYl/WHhvkCsli2AVg4/xcOmlhYokgN53MCng==
01-11 20:33:01.124  4473  4473 D KeyStoreFragment: Data Signature Verified
01-11 20:33:01.130   709   709 I keystore: del USRPKEY_myKey 10066
01-11 20:33:01.148   709   709 I keystore: del USRSKEY_myKey 10066
01-11 20:33:01.149   709   709 I keystore: del USRCERT_myKey 10066
01-11 20:33:01.150   709   709 I keystore: del CACERT_myKey 10066
01-11 20:33:01.160   495   498 D DrmLibTime: got the req here! ret=0
01-11 20:33:01.160   495   498 D DrmLibTime: command id, time_cmd_id = 770
01-11 20:33:01.160   495   498 D DrmLibTime: time_getutcsec starts!
01-11 20:33:01.160   495   498 D DrmLibTime: QSEE Time Listener: time_getutcsec
01-11 20:33:01.160   495   498 D DrmLibTime: QSEE Time Listener: get_utc_seconds
01-11 20:33:01.160   495   498 D DrmLibTime: QSEE Time Listener: seconds: 1515702781
01-11 20:33:01.161   495   498 D DrmLibTime: QSEE Time Listener: nano seconds: 160986444
01-11 20:33:01.161   495   498 D DrmLibTime: time_getutcsec returns 0, sec = 1515702781; nsec = 160986444
01-11 20:33:01.161   495   498 D DrmLibTime: time_getutcsec finished! 
01-11 20:33:01.161   495   498 D DrmLibTime: iotcl_continue_command finished! and return 0 
01-11 20:33:01.161   495   498 D DrmLibTime: before calling ioctl to read the next time_cmd
01-11 20:33:01.682  4473  4473 D KeyStoreFragment: Public Key is: android.security.keystore.AndroidKeyStoreRSAPublicKey@36829ab4
01-11 20:33:01.695  4473  4473 D KeyStoreFragment: Counter = 36	Keys created
01-11 20:33:01.939  4473  4473 D KeyStoreFragment: Signature: U1tF2pZioG8NXC8gIEF0u81vWILeQImsRtU38sL2zZX5eGTq5GOO75nHuBbTmOTeKnyrVMVJHp/t
01-11 20:33:01.939  4473  4473 D KeyStoreFragment: Yptnwa/Mgx14f4wv0jpDWcIaDK2GA4OkG9EIazgcx+etBwlkE3bph4W1IwdyJ79JsYs2/npMtP+W
01-11 20:33:01.939  4473  4473 D KeyStoreFragment: cb76IR4TLaAmIpq5V0IGUE0xtO6mDgDa0CPPrIyzKwD8zrXKqw7WJwkalVtDrMsLGbDw+y9UJuBj
01-11 20:33:01.939  4473  4473 D KeyStoreFragment: nIXof3CMoS7qAQim8F7eYfDjTku9aei5sJrbtz2Y27BfAsvps7lp4fm38puW/BNo7RJvsPORVxWX
01-11 20:33:01.939  4473  4473 D KeyStoreFragment: MJgnwMAjM2btZaX8y7QbGbTDfMv9Kkh6OsPlGg==
01-11 20:33:02.005  4473  4473 D KeyStoreFragment: Data Signature Verified
01-11 20:33:02.016   709   709 I keystore: del USRPKEY_myKey 10066
01-11 20:33:02.036   709   709 I keystore: del USRSKEY_myKey 10066
01-11 20:33:02.038   709   709 I keystore: del USRCERT_myKey 10066
01-11 20:33:02.040   709   709 I keystore: del CACERT_myKey 10066
01-11 20:33:02.145   495   498 D DrmLibTime: got the req here! ret=0
01-11 20:33:02.145   495   498 D DrmLibTime: command id, time_cmd_id = 770
01-11 20:33:02.146   495   498 D DrmLibTime: time_getutcsec starts!
01-11 20:33:02.146   495   498 D DrmLibTime: QSEE Time Listener: time_getutcsec
01-11 20:33:02.146   495   498 D DrmLibTime: QSEE Time Listener: get_utc_seconds
01-11 20:33:02.146   495   498 D DrmLibTime: QSEE Time Listener: seconds: 1515702782
01-11 20:33:02.146   495   498 D DrmLibTime: QSEE Time Listener: nano seconds: 146308313
01-11 20:33:02.146   495   498 D DrmLibTime: time_getutcsec returns 0, sec = 1515702782; nsec = 146308313
01-11 20:33:02.146   495   498 D DrmLibTime: time_getutcsec finished! 
01-11 20:33:02.146   495   498 D DrmLibTime: iotcl_continue_command finished! and return 0 
01-11 20:33:02.146   495   498 D DrmLibTime: before calling ioctl to read the next time_cmd
01-11 20:33:05.053  4473  4473 D KeyStoreFragment: Public Key is: android.security.keystore.AndroidKeyStoreRSAPublicKey@4aec1813
01-11 20:33:05.064  4473  4473 D KeyStoreFragment: Counter = 37	Keys created
01-11 20:33:05.217  4473  4473 D KeyStoreFragment: Signature: aY1bF92AQP3xAesBLPE15OdlvOegcffFOsdlIA8GgMVTKCzam+5khWo+10LmPZhypQ0YltRO/Wv7
01-11 20:33:05.217  4473  4473 D KeyStoreFragment: eHNzgGwBSD8yCb1cTzH+hIPro/w+oALiT7hYX2UNdwxrSJqV6VfZRNMSk4ZEKZ9Ly83j1mkjcuVu
01-11 20:33:05.217  4473  4473 D KeyStoreFragment: Ff78acJ+u4VhBRKZYnYaAohHBOuhPIIve/FZngpJDEWZyi7n5rvEwmQHlTsbl1S8V9VHSL2a9bcz
01-11 20:33:05.217  4473  4473 D KeyStoreFragment: GAdSyQsgd+XGdyDZh7jpfTzbDjzh+PMceXbDSXEBBkb446J3EPY9kvkwS1wU8kaGlgcVlgy2pLvS
01-11 20:33:05.217  4473  4473 D KeyStoreFragment: ftc/Tpfw+fcYA6ULqkqWvC9zE8Qs/apf5LtKPQ==
01-11 20:33:05.283  4473  4473 D KeyStoreFragment: Data Signature Verified
01-11 20:33:05.292   709   709 I keystore: del USRPKEY_myKey 10066
01-11 20:33:05.310   709   709 I keystore: del USRSKEY_myKey 10066
01-11 20:33:05.312   709   709 I keystore: del USRCERT_myKey 10066
01-11 20:33:05.313   709   709 I keystore: del CACERT_myKey 10066
01-11 20:33:05.327   495   498 D DrmLibTime: got the req here! ret=0
01-11 20:33:05.327   495   498 D DrmLibTime: command id, time_cmd_id = 770
01-11 20:33:05.327   495   498 D DrmLibTime: time_getutcsec starts!
01-11 20:33:05.327   495   498 D DrmLibTime: QSEE Time Listener: time_getutcsec
01-11 20:33:05.327   495   498 D DrmLibTime: QSEE Time Listener: get_utc_seconds
01-11 20:33:05.327   495   498 D DrmLibTime: QSEE Time Listener: seconds: 1515702785
01-11 20:33:05.327   495   498 D DrmLibTime: QSEE Time Listener: nano seconds: 327893318
01-11 20:33:05.327   495   498 D DrmLibTime: time_getutcsec returns 0, sec = 1515702785; nsec = 327893318
01-11 20:33:05.327   495   498 D DrmLibTime: time_getutcsec finished! 
01-11 20:33:05.328   495   498 D DrmLibTime: iotcl_continue_command finished! and return 0 
01-11 20:33:05.328   495   498 D DrmLibTime: before calling ioctl to read the next time_cmd
01-11 20:33:06.936  4473  4473 D KeyStoreFragment: Public Key is: android.security.keystore.AndroidKeyStoreRSAPublicKey@54c7da89
01-11 20:33:06.947  4473  4473 D KeyStoreFragment: Counter = 38	Keys created
01-11 20:33:07.095  4473  4473 D KeyStoreFragment: Signature: oYy1N2izMJgmR5wtAliB/U55DGfNEUe325nRGxMQIMh8bJHh+PgTCd6xl870liIGpNTa5L9dIEnt
01-11 20:33:07.095  4473  4473 D KeyStoreFragment: 5jP9gFP7XU1se4PWbAfBEsA4AGj23c2kVQ7R9K2ud6/fQgJylHBOk0BAEbDAdXAL6bgR9Od+5yqS
01-11 20:33:07.095  4473  4473 D KeyStoreFragment: d2dCvdcKCuLInPFEuDb73PP49HWWwtI/mK9cAU7esSsrcFKIqzamQTkQm+LX86RGd+KfxXWnl4CU
01-11 20:33:07.095  4473  4473 D KeyStoreFragment: yVyzJFLH80L8nw/S1DDkwYK66AJXV5HAMFTk5I642ejSVJVWAcsLohcf+vPFZGxpp7cD/cZ8FPT4
01-11 20:33:07.095  4473  4473 D KeyStoreFragment: gUAGDtJfnsumUbM/K7HbPjAgN8F2ottEogf23Q==
01-11 20:33:07.157  4473  4473 D KeyStoreFragment: Data Signature Verified
01-11 20:33:07.167   709   709 I keystore: del USRPKEY_myKey 10066
01-11 20:33:07.184   709   709 I keystore: del USRSKEY_myKey 10066
01-11 20:33:07.185   709   709 I keystore: del USRCERT_myKey 10066
01-11 20:33:07.186   709   709 I keystore: del CACERT_myKey 10066
01-11 20:33:07.296   495   498 D DrmLibTime: got the req here! ret=0
01-11 20:33:07.296   495   498 D DrmLibTime: command id, time_cmd_id = 770
01-11 20:33:07.296   495   498 D DrmLibTime: time_getutcsec starts!
01-11 20:33:07.296   495   498 D DrmLibTime: QSEE Time Listener: time_getutcsec
01-11 20:33:07.296   495   498 D DrmLibTime: QSEE Time Listener: get_utc_seconds
01-11 20:33:07.296   495   498 D DrmLibTime: QSEE Time Listener: seconds: 1515702787
01-11 20:33:07.297   495   498 D DrmLibTime: QSEE Time Listener: nano seconds: 296981222
01-11 20:33:07.297   495   498 D DrmLibTime: time_getutcsec returns 0, sec = 1515702787; nsec = 296981222
01-11 20:33:07.297   495   498 D DrmLibTime: time_getutcsec finished! 
01-11 20:33:07.297   495   498 D DrmLibTime: iotcl_continue_command finished! and return 0 
01-11 20:33:07.297   495   498 D DrmLibTime: before calling ioctl to read the next time_cmd
01-11 20:33:07.909  4473  4473 D KeyStoreFragment: Public Key is: android.security.keystore.AndroidKeyStoreRSAPublicKey@32b8938d
01-11 20:33:07.916  4473  4473 D KeyStoreFragment: Counter = 39	Keys created
01-11 20:33:08.054  4473  4473 D KeyStoreFragment: Signature: ALj/SJ2gIB5+SbUqCXIMgEc+lA+ZSX1wLu852E0accvMO+lY9ybqxvFt7NPi3sl3lbgJfAF/l+LZ
01-11 20:33:08.054  4473  4473 D KeyStoreFragment: ZNVKpMDvDofvzoAQwfmFscbnGdNMhA5d6whAUoomu6K9YbHaNpAL+9zEpBJBD/Cjca+uIBYe2j8i
01-11 20:33:08.054  4473  4473 D KeyStoreFragment: v0GVeRvMaP5ZBws3uiqtUzZ3o2ymQoeo0Av07pJmO/WAjLoyze716A5n+W5LtHyuTAPWH0efdDxm
01-11 20:33:08.054  4473  4473 D KeyStoreFragment: dthMiD60Wz/BZyHeP97QiXidEVxBppe086UmfdN1rl4BZN6y5066uyoNcCZdk2gNafG4OXfH3icJ
01-11 20:33:08.054  4473  4473 D KeyStoreFragment: 9z4OWQpc0YlerLrfIGfHDqYblQBtt7jSAosYZA==
01-11 20:33:08.103  4473  4473 D KeyStoreFragment: Data Signature Verified
01-11 20:33:08.111   709   709 I keystore: del USRPKEY_myKey 10066
01-11 20:33:08.128   709   709 I keystore: del USRSKEY_myKey 10066
01-11 20:33:08.129   709   709 I keystore: del USRCERT_myKey 10066
01-11 20:33:08.131   709   709 I keystore: del CACERT_myKey 10066
01-11 20:33:08.141   495   498 D DrmLibTime: got the req here! ret=0
