01-11 20:42:08.136   943   981 E BatteryExternalStatsWorker: no controller energy info supplied for wifi
01-11 20:42:08.196   669   669 E QCOM PowerHAL: extract_stats: failed to open: /d/wlan_wcnss/power_stats Error = No such file or directory
01-11 20:42:08.540  4473  4473 D KeyStoreFragment: Public Key is: android.security.keystore.AndroidKeyStoreRSAPublicKey@96599a54
01-11 20:42:08.546  4473  4473 D KeyStoreFragment: Counter = 98	Keys created
01-11 20:42:08.716  4473  4473 D KeyStoreFragment: Signature: M0SFkqEcSD4yC5YSKjeriKkJCJBoxmYZ5S/75Va1MKTYaAsEq0EK9+SFvBcAnSlIRA0awfUB1tfO
01-11 20:42:08.716  4473  4473 D KeyStoreFragment: uYrl3S/kd7VvzXJVJJdPzOEf7Vx13g20cezbModC0uU5mDwa0tOUjKtX+C6NiirirYgx8MJQPPP/
01-11 20:42:08.716  4473  4473 D KeyStoreFragment: 9WRZlD3NQb2UkJNFuZMCIqlfwrhVp9yMJRX9ap9J+47y387D+PVlO+dlypluFYP/W7whhjYTUwMi
01-11 20:42:08.716  4473  4473 D KeyStoreFragment: V/m57yCGc91mdKNxUm3IEzvm7wNeraZ1M8zt2lKp/j+DQ5q58kDbdwUub4PNoYYLAoSPledS56Vl
01-11 20:42:08.716  4473  4473 D KeyStoreFragment: cgN2XWTLrQMrKWKA/SYRcWOolgJBdADCMdInMw==
01-11 20:42:08.773  4473  4473 D KeyStoreFragment: Data Signature Verified
01-11 20:42:08.780   709   709 I keystore: del USRPKEY_myKey 10066
01-11 20:42:08.799   709   709 I keystore: del USRSKEY_myKey 10066
01-11 20:42:08.803   709   709 I keystore: del USRCERT_myKey 10066
01-11 20:42:08.806   709   709 I keystore: del CACERT_myKey 10066
01-11 20:42:08.906   495   498 D DrmLibTime: got the req here! ret=0
01-11 20:42:08.907   495   498 D DrmLibTime: command id, time_cmd_id = 770
01-11 20:42:08.907   495   498 D DrmLibTime: time_getutcsec starts!
01-11 20:42:08.907   495   498 D DrmLibTime: QSEE Time Listener: time_getutcsec
01-11 20:42:08.907   495   498 D DrmLibTime: QSEE Time Listener: get_utc_seconds
01-11 20:42:08.907   495   498 D DrmLibTime: QSEE Time Listener: seconds: 1515703328
01-11 20:42:08.907   495   498 D DrmLibTime: QSEE Time Listener: nano seconds: 907510906
01-11 20:42:08.907   495   498 D DrmLibTime: time_getutcsec returns 0, sec = 1515703328; nsec = 907510906
01-11 20:42:08.907   495   498 D DrmLibTime: time_getutcsec finished! 
01-11 20:42:08.907   495   498 D DrmLibTime: iotcl_continue_command finished! and return 0 
01-11 20:42:08.908   495   498 D DrmLibTime: before calling ioctl to read the next time_cmd
01-11 20:42:10.047  4473  4473 D KeyStoreFragment: Public Key is: android.security.keystore.AndroidKeyStoreRSAPublicKey@4fae96be
01-11 20:42:10.053  4473  4473 D KeyStoreFragment: Counter = 99	Keys created
01-11 20:42:10.219  4473  4473 D KeyStoreFragment: Signature: a7/90fBj+UW8Rn0F9jhlnt/zS5oYsC178LRB1IAWxefhk2nw+528qhHPTOydTOddVWdw30TniCE6
01-11 20:42:10.219  4473  4473 D KeyStoreFragment: Vn0xvw8n/TzsrGsM4WgfTZ/hAgBV6s8PrchI3vOYhpaVqgTi6wzim6XypRtE9GiC8ye/JSf/eqR5
01-11 20:42:10.219  4473  4473 D KeyStoreFragment: 7RQzfaizC2hT+MJ0Bw891B7+0kogPXLhOfQM4kAS6UF86svGOoO52FSb75gMlfuIY1KLMHjCwaZv
01-11 20:42:10.219  4473  4473 D KeyStoreFragment: UH3WmItSxduh3CgwQhtQ2jrfy1khHOSV1bat/2I54/EDp/O9a6Eou8/93bDtT1+yvenhr8Wk7JIl
01-11 20:42:10.219  4473  4473 D KeyStoreFragment: BGqdYBuP3BoWVRdj9hSAQBo65fEtoNXLYyniwQ==
01-11 20:42:10.279  4473  4473 D KeyStoreFragment: Data Signature Verified
01-11 20:42:10.284  4473  4473 I Choreographer: Skipped 13365 frames!  The application may be doing too much work on its main thread.
01-11 20:42:10.649   943  1285 I ActivityManager: Activity reported stop, but no longer stopping: ActivityRecord{88cb31a u0 com.example.android.basicandroidkeystore/.MainActivity t53}
01-11 20:42:15.648   506   533 W SurfaceFlinger: setTransactionState timed out waiting for previous animation frame
01-11 20:42:15.652   943  1128 I Choreographer: Skipped 299 frames!  The application may be doing too much work on its main thread.
01-11 20:42:33.395   943   987 I PowerManagerService: Dozing...
01-11 20:42:33.448  1250  1250 I chatty  : uid=10013(com.android.systemui) expire 6 lines
01-11 20:42:33.448  1250  1250 D StatusBar: disable<e i a s b H R c s q >
01-11 20:42:33.459   670   876 I nanohub : osLog: [PickupGesture] power: 1
01-11 20:42:33.465   670   876 I nanohub : osLog: [AR_CHRE] OFF => ON
01-11 20:42:33.467   670   876 I nanohub : osLog: [AR_CHRE] activity powered on
01-11 20:42:33.469  1250  1250 D StatusBar: disable<e i a s b H R c s q >
01-11 20:42:33.472  1250  1250 I chatty  : uid=10013(com.android.systemui) identical 2 lines
01-11 20:42:33.472  1250  1250 D StatusBar: disable<e i a s b H R c s q >
01-11 20:42:55.091   670   876 I nanohub : osLog: [AR_CHRE] still: 100
^[[A^[[A^[[A^[[A^[[A^[[A^[[A^[[A^[[A^[[A^[[A^[[A^[[A^[[A^[[A^[[A^[[A^[[A^[[A^[[A^[[A^[[A^[[A^[[A^[[B^[[B^[[B^[[B^[[B^[[B^[[B^[[B^[[B^[[B^[[B^[[B^[[B^[[B^[[B^[[B^[[B^[[B^[[B^[[B^[[B^[[B^[[B^[[B                                                                                                                                                                                                01-11 20:44:13.637   670   876 I chatty  : uid=1000(system) HubConnection identical 17 lines
01-11 20:44:16.861   670   876 I nanohub : osLog: [AR_CHRE] still: 100
01-11 20:44:18.110   735   988 D fpc_tac : fpc_tee_nav_loop waiting for finger down
01-11 20:44:18.761   943  1166 I PowerManagerService: Waking up from dozing (uid=1000 reason=android.policy:POWER)...
01-11 20:44:18.763   943   987 I DisplayPowerController: Blocking screen on until initial contents have been drawn.
01-11 20:44:18.778   943   985 I DisplayManagerService: Display device changed state: "Built-in Screen", ON
01-11 20:44:18.780   506   506 D SurfaceFlinger: Set power mode=2, type=0 flinger=0x7d7705e000
01-11 20:44:18.781   508   565 I SDM     : DisplayBase::SetDisplayState: Set state = 1, display 0
01-11 20:44:18.782   670   876 I nanohub : osLog: [PickupGesture] sending event 0x00000001
01-11 20:44:18.788   670   876 I nanohub : osLog: [AR_CHRE] ON => OFF
01-11 20:44:18.788   943  1166 I InputReader: Reconfiguring input devices.  changes=0x00000004
01-11 20:44:18.790   670   876 I nanohub : osLog: [AR_CHRE] activity powered off
01-11 20:44:18.793   670   876 I nanohub : osLog: [PickupGesture] power: 0
01-11 20:44:18.796   943   977 I ProcessStatsService: Pruning old procstats: /data/system/procstats/state-2018-01-10-23-12-26.bin
01-11 20:44:18.813  1250  1250 D StatusBar: disable<e i a s b H R c s q >
01-11 20:44:18.813  1250  1250 D StatusBar: disable<e i a s b H R c s q >
01-11 20:44:18.828   670   876 I nanohub : osLog: [PickupGesture] power: 1
01-11 20:44:18.832   670   876 I nanohub : osLog: [AR_CHRE] OFF => ON
01-11 20:44:18.834   670   876 I nanohub : osLog: [AR_CHRE] activity powered on
01-11 20:44:18.846   670   876 I nanohub : osLog: [PickupGesture] power: 0
01-11 20:44:18.847   670   876 I nanohub : osLog: [AR_CHRE] ON => OFF
01-11 20:44:18.849   670   876 I nanohub : osLog: [AR_CHRE] activity powered off
01-11 20:44:19.168   943  1202 D SurfaceControl: Excessive delay in setPowerMode()
01-11 20:44:19.179   943   987 I DisplayPowerController: Unblocked screen on after 416 ms
01-11 20:44:19.180   943   987 W PowerManagerService: Screen on took 426 ms
01-11 20:44:19.180   943   987 I DreamManagerService: Gently waking up from dream.
01-11 20:44:19.180   943   983 I DreamManagerService: Performing gentle wake from dream.
01-11 20:44:19.202   943  1285 I DreamManagerService: Leaving dreamland.
01-11 20:44:19.203   943   983 I DreamManagerService: Performing gentle wake from dream.
01-11 20:44:19.203   943   983 I DreamController: Stopping dream: name=ComponentInfo{com.android.systemui/com.android.systemui.doze.DozeService}, isTest=false, canDoze=true, userId=0
01-11 20:44:22.466  1250  1250 D StatusBar: disable<e i a s b H R c s q >
01-11 20:44:22.510  1250  1250 I chatty  : uid=10013(com.android.systemui) identical 2 lines
01-11 20:44:22.511  1250  1250 D StatusBar: disable<e i a s b H R c s q >
01-11 20:44:22.511  4473  4473 I MainActivity: Ready
01-11 20:44:22.520   657  2598 I ACDB-LOADER: ACDB AFE returned = -19
01-11 20:44:22.520  1899  1900 E ANDR-PERF-OPTSHANDLER: Warning: Resource [2, 0] not supported for core 1. Instead use resource for core 0
01-11 20:44:22.520  1899  1900 E ANDR-PERF-RESOURCEQS: Failed to apply optimization [2, 2, 0]
01-11 20:44:22.520   657  2598 D hardware_info: hw_info_append_hw_type : device_name = speaker
01-11 20:44:22.520   657  2598 D audio_hw_primary: enable_snd_device: snd_device(2: speaker)
01-11 20:44:22.520   657  2598 D audio_route: Apply path: speaker
01-11 20:44:22.520   657  2598 D audio_hw_primary: enable_audio_route: usecase(1) apply and update mixer path: low-latency-playback speaker
01-11 20:44:22.520   657  2598 D audio_route: Apply path: low-latency-playback speaker
01-11 20:44:22.539  1250  1250 D StatusBar: disable<e i a s b h!r!c s q >
01-11 20:44:22.567   657  2598 D audio_hw_primary: out_write: retry previous failed cal level set
01-11 20:44:22.592  1941  4640 D NfcService: Discovery configuration equal, not updating.
01-11 20:44:24.347   709   709 I keystore: del USRPKEY_myKey 10066
01-11 20:44:24.742   709   709 I keystore: del USRSKEY_myKey 10066
01-11 20:44:24.742   709   709 I keystore: del USRCERT_myKey 10066
01-11 20:44:24.743   709   709 I keystore: del CACERT_myKey 10066
01-11 20:44:25.132   495   498 D DrmLibTime: got the req here! ret=0
01-11 20:44:25.132   495   498 D DrmLibTime: command id, time_cmd_id = 770
01-11 20:44:25.132   495   498 D DrmLibTime: time_getutcsec starts!
01-11 20:44:25.133   495   498 D DrmLibTime: QSEE Time Listener: time_getutcsec
01-11 20:44:25.133   495   498 D DrmLibTime: QSEE Time Listener: get_utc_seconds
01-11 20:44:25.133   495   498 D DrmLibTime: QSEE Time Listener: seconds: 1515703465
01-11 20:44:25.133   495   498 D DrmLibTime: QSEE Time Listener: nano seconds: 133047914
01-11 20:44:25.133   495   498 D DrmLibTime: time_getutcsec returns 0, sec = 1515703465; nsec = 133047914
01-11 20:44:25.133   495   498 D DrmLibTime: time_getutcsec finished! 
01-11 20:44:25.133   495   498 D DrmLibTime: iotcl_continue_command finished! and return 0 
01-11 20:44:25.133   495   498 D DrmLibTime: before calling ioctl to read the next time_cmd
01-11 20:44:27.631   657   905 D audio_hw_primary: disable_audio_route: usecase(1) reset and update mixer path: low-latency-playback speaker
01-11 20:44:27.634   657   905 D hardware_info: hw_info_append_hw_type : device_name = speaker
01-11 20:44:27.634   657   905 D audio_hw_primary: disable_snd_device: snd_device(2: speaker)
01-11 20:44:28.687  4473  4473 D KeyStoreFragment: Public Key is: android.security.keystore.AndroidKeyStoreRSAPublicKey@8409a815
01-11 20:44:28.690  4473  4473 D KeyStoreFragment: Counter = 0	Keys created
01-11 20:44:30.913  4473  4473 D KeyStoreFragment: Signature: rNH9zJrQBem0xXiSWTAXzHVmP2hZP9hnJa6BOMtKVCUsX+VOr+CnjXpUgqFzo/HPJGn5ZDDqSEHD
01-11 20:44:30.913  4473  4473 D KeyStoreFragment: mBcz9HPB6MY3R1vaHq2tsUuQ7WHWvul51j1PvZTVqPWrJEd2UH6UmntGI0A0Icvml3GMLS5aF8ae
01-11 20:44:30.913  4473  4473 D KeyStoreFragment: SZhmgIx5KhnwEFLkgXy/LMtl9d6voQ2Ho6cDrlJoT1v1V71H3raP51smySHDg7Js4USX2hsJA3lu
01-11 20:44:30.913  4473  4473 D KeyStoreFragment: fmhwSvbkCemgCVUx6IVvwmJfcX6niIn59J0ipRXCweP0/yJrWAd8Yl/fdCloTGxqP4qa+FkrUUBu
01-11 20:44:30.913  4473  4473 D KeyStoreFragment: Zdez8/aY6ua4oCQexBdxMZIh1fFNQhsdWOy/bA==
01-11 20:44:31.536  4473  4473 D KeyStoreFragment: Data Signature Verified
01-11 20:44:31.541   709   709 I keystore: del USRPKEY_myKey 10066
01-11 20:44:31.891   709   709 I keystore: del USRSKEY_myKey 10066
01-11 20:44:31.893   709   709 I keystore: del USRCERT_myKey 10066
01-11 20:44:31.897   709   709 I keystore: del CACERT_myKey 10066
01-11 20:44:32.283   495   498 D DrmLibTime: got the req here! ret=0
01-11 20:44:32.283   495   498 D DrmLibTime: command id, time_cmd_id = 770
01-11 20:44:32.283   495   498 D DrmLibTime: time_getutcsec starts!
01-11 20:44:32.283   495   498 D DrmLibTime: QSEE Time Listener: time_getutcsec
01-11 20:44:32.283   495   498 D DrmLibTime: QSEE Time Listener: get_utc_seconds
01-11 20:44:32.284   495   498 D DrmLibTime: QSEE Time Listener: seconds: 1515703472
01-11 20:44:32.284   495   498 D DrmLibTime: QSEE Time Listener: nano seconds: 283997011
01-11 20:44:32.284   495   498 D DrmLibTime: time_getutcsec returns 0, sec = 1515703472; nsec = 283997011
01-11 20:44:32.284   495   498 D DrmLibTime: time_getutcsec finished! 
01-11 20:44:32.284   495   498 D DrmLibTime: iotcl_continue_command finished! and return 0 
01-11 20:44:32.284   495   498 D DrmLibTime: before calling ioctl to read the next time_cmd
01-11 20:44:35.586  4473  4473 D KeyStoreFragment: Public Key is: android.security.keystore.AndroidKeyStoreRSAPublicKey@486e6b9c
01-11 20:44:35.589  4473  4473 D KeyStoreFragment: Counter = 1	Keys created
01-11 20:44:37.831  4473  4473 D KeyStoreFragment: Signature: s0ilkbPtSSWRlkShfVOhc1cjQnRk7+HXCkYkROW/BEvI1o+G6S/v9seph7wsAVrJMesi+KkOpZU+
01-11 20:44:37.831  4473  4473 D KeyStoreFragment: Gd9tDxt1V5WLTmqoPkj14IUzoXswObzeHzZHbkHoxGqdXIs2X3IauXDzvKoZje+Mhx5kBVyMSNll
01-11 20:44:37.831  4473  4473 D KeyStoreFragment: DNknkCYH4Wt5MmHOa2bTuPpXGRdF0yDt2uydlSge9u4donzDhZZVfrCpnWmNavOOLtfjnlwH/ewc
01-11 20:44:37.831  4473  4473 D KeyStoreFragment: dYJjwpHKpNMXi9sOi4n/d3lWIC+xxSD8PFHDsVb7qnNxcITPsrJ8ro8eMwiRKfqBLHU2qOxmxsRu
01-11 20:44:37.831  4473  4473 D KeyStoreFragment: 34v7H/skf9I5W4wlyr+TAgx9Nka9Zygd3GMnSg==
01-11 20:44:38.454  4473  4473 D KeyStoreFragment: Data Signature Verified
01-11 20:44:38.458   709   709 I keystore: del USRPKEY_myKey 10066
01-11 20:44:38.854   709   709 I keystore: del USRSKEY_myKey 10066
01-11 20:44:38.854   709   709 I keystore: del USRCERT_myKey 10066
01-11 20:44:38.855   709   709 I keystore: del CACERT_myKey 10066
01-11 20:44:39.246   495   498 D DrmLibTime: got the req here! ret=0
01-11 20:44:39.246   495   498 D DrmLibTime: command id, time_cmd_id = 770
01-11 20:44:39.246   495   498 D DrmLibTime: time_getutcsec starts!
01-11 20:44:39.246   495   498 D DrmLibTime: QSEE Time Listener: time_getutcsec
01-11 20:44:39.246   495   498 D DrmLibTime: QSEE Time Listener: get_utc_seconds
01-11 20:44:39.246   495   498 D DrmLibTime: QSEE Time Listener: seconds: 1515703479
01-11 20:44:39.246   495   498 D DrmLibTime: QSEE Time Listener: nano seconds: 246631663
01-11 20:44:39.246   495   498 D DrmLibTime: time_getutcsec returns 0, sec = 1515703479; nsec = 246631663
01-11 20:44:39.246   495   498 D DrmLibTime: time_getutcsec finished! 
01-11 20:44:39.247   495   498 D DrmLibTime: iotcl_continue_command finished! and return 0 
01-11 20:44:39.247   495   498 D DrmLibTime: before calling ioctl to read the next time_cmd
01-11 20:44:43.884  4473  4473 D KeyStoreFragment: Public Key is: android.security.keystore.AndroidKeyStoreRSAPublicKey@c2e32d95
01-11 20:44:43.886  4473  4473 D KeyStoreFragment: Counter = 2	Keys created
01-11 20:44:46.107  4473  4473 D KeyStoreFragment: Signature: kmmZNjLz2JKpAUS4KP1+OWSf5TxhmIP2Fu3g0hCnDWgqwl52b8jHy4U0UvOYCP2Dahr99UUVR9Ni
01-11 20:44:46.107  4473  4473 D KeyStoreFragment: 52RgVMH5rMAV0JYbLxo4lczgpbFpE+JPbEONs99Wtv6/vTUN3I2odWtckSYS2dBQfl41M/Ia7h2K
01-11 20:44:46.107  4473  4473 D KeyStoreFragment: RfRKwDUGpcleIOreQE9GLK/Ll4uV2j2TmMjRYtosqo6fb3Q2YjIXDxwjF7wKgT9r981RfXk3h+fL
01-11 20:44:46.107  4473  4473 D KeyStoreFragment: KF7WTK+7n7dDASxfcJ9o0GgLAM164lSv56Hg41BoHAaZDdudAx1i6EDaP2+8IHcHWgr+qCYJ+aIB
01-11 20:44:46.107  4473  4473 D KeyStoreFragment: fhBeL6RQ6l8SuarKg0+ts3axhAV+FEaOH00QOA==
01-11 20:44:46.730  4473  4473 D KeyStoreFragment: Data Signature Verified
01-11 20:44:46.735   709   709 I keystore: del USRPKEY_myKey 10066
01-11 20:44:47.089   709   709 I keystore: del USRSKEY_myKey 10066
01-11 20:44:47.091   709   709 I keystore: del USRCERT_myKey 10066
01-11 20:44:47.095   709   709 I keystore: del CACERT_myKey 10066
01-11 20:44:47.469   495   498 D DrmLibTime: got the req here! ret=0
01-11 20:44:47.470   495   498 D DrmLibTime: command id, time_cmd_id = 770
01-11 20:44:47.470   495   498 D DrmLibTime: time_getutcsec starts!
01-11 20:44:47.470   495   498 D DrmLibTime: QSEE Time Listener: time_getutcsec
01-11 20:44:47.470   495   498 D DrmLibTime: QSEE Time Listener: get_utc_seconds
01-11 20:44:47.470   495   498 D DrmLibTime: QSEE Time Listener: seconds: 1515703487
01-11 20:44:47.470   495   498 D DrmLibTime: QSEE Time Listener: nano seconds: 470129201
01-11 20:44:47.470   495   498 D DrmLibTime: time_getutcsec returns 0, sec = 1515703487; nsec = 470129201
01-11 20:44:47.470   495   498 D DrmLibTime: time_getutcsec finished! 
01-11 20:44:47.470   495   498 D DrmLibTime: iotcl_continue_command finished! and return 0 
01-11 20:44:47.470   495   498 D DrmLibTime: before calling ioctl to read the next time_cmd
01-11 20:44:51.337  4473  4473 D KeyStoreFragment: Public Key is: android.security.keystore.AndroidKeyStoreRSAPublicKey@3e424d72
01-11 20:44:51.340  4473  4473 D KeyStoreFragment: Counter = 3	Keys created
01-11 20:44:53.576  4473  4473 D KeyStoreFragment: Signature: IjoPspU3v8FEJW3H8l5MLxaCDUKkR0l8IgqYGpPnQ6DoA/nI7AHFKmjMKH56iuPjkO7MMyk1ApPM
01-11 20:44:53.576  4473  4473 D KeyStoreFragment: BXoh7LtMR766n8hjHFeB4TlazauUKgoRdPCiB1l3U3+/EpMQkro2GMtd8w7S+FwFNtpHntEEFxOb
01-11 20:44:53.576  4473  4473 D KeyStoreFragment: b9HASbSdp2rzULRiv/ikRzjJzW0Aj6FXd13QSQw8rvV77OQ8OGB3C9cY5Fr+6Vo1ZZPOyi7mGwmL
01-11 20:44:53.576  4473  4473 D KeyStoreFragment: NwR3H4uyGh2ASV73rhMab82X3bqnYuOmG0prpjYdHb/a/1Uf2f3Io68XYG3l7QnK376TbPlbv07g
01-11 20:44:53.576  4473  4473 D KeyStoreFragment: nVcJq/60tark23VtNUxj2CgHl+6yHCOUI1xPlg==
01-11 20:44:54.200  4473  4473 D KeyStoreFragment: Data Signature Verified
01-11 20:44:54.204   709   709 I keystore: del USRPKEY_myKey 10066
01-11 20:44:54.258   943   987 I PowerManagerService: Going to sleep due to screen timeout (uid 1000)...
01-11 20:44:54.605   709   709 I keystore: del USRSKEY_myKey 10066
01-11 20:44:54.606   709   709 I keystore: del USRCERT_myKey 10066
01-11 20:44:54.607   709   709 I keystore: del CACERT_myKey 10066
01-11 20:44:54.844   943   987 I DisplayPowerController: Blocking screen off
01-11 20:44:54.845   943   987 I DisplayPowerController: Unblocked screen off after 1 ms
01-11 20:44:54.903   943   985 I DisplayManagerService: Display device changed state: "Built-in Screen", OFF
01-11 20:44:54.905   506   506 D SurfaceFlinger: Set power mode=0, type=0 flinger=0x7d7705e000
01-11 20:44:54.908   943  1166 I InputReader: Reconfiguring input devices.  changes=0x00000004
01-11 20:44:54.908   508   508 I SDM     : DisplayBase::SetDisplayState: Set state = 0, display 0
01-11 20:44:54.932   495   498 D DrmLibTime: got the req here! ret=0
01-11 20:44:54.932   495   498 D DrmLibTime: command id, time_cmd_id = 770
01-11 20:44:54.932   495   498 D DrmLibTime: time_getutcsec starts!
01-11 20:44:54.932   495   498 D DrmLibTime: QSEE Time Listener: time_getutcsec
01-11 20:44:54.932   495   498 D DrmLibTime: QSEE Time Listener: get_utc_seconds
01-11 20:44:54.932   495   498 D DrmLibTime: QSEE Time Listener: seconds: 1515703494
01-11 20:44:54.932   495   498 D DrmLibTime: QSEE Time Listener: nano seconds: 932880309
01-11 20:44:54.933   495   498 D DrmLibTime: time_getutcsec returns 0, sec = 1515703494; nsec = 932880309
01-11 20:44:54.933   495   498 D DrmLibTime: time_getutcsec finished! 
01-11 20:44:54.933   495   498 D DrmLibTime: iotcl_continue_command finished! and return 0 
01-11 20:44:54.933   495   498 D DrmLibTime: before calling ioctl to read the next time_cmd
01-11 20:44:54.957  1250  1267 I zygote64: NativeAlloc concurrent copying GC freed 42040(1584KB) AllocSpace objects, 0(0B) LOS objects, 50% free, 4MB/8MB, paused 12.369ms total 72.483ms
01-11 20:44:55.350   943   978 W ActivityManager: Activity pause timeout for ActivityRecord{88cb31a u0 com.example.android.basicandroidkeystore/.MainActivity t53}
01-11 20:44:55.443   943  1202 D SurfaceControl: Excessive delay in setPowerMode()
01-11 20:44:55.444   943   987 I DreamManagerService: Entering dreamland.
01-11 20:44:55.445   943   983 I DreamController: Starting dream: name=ComponentInfo{com.android.systemui/com.android.systemui.doze.DozeService}, isTest=false, canDoze=true, userId=0
01-11 20:44:55.444   943   987 I PowerManagerService: Dozing...
01-11 20:44:55.447   943   983 D AutofillManagerService: Close system dialogs
01-11 20:44:55.481  1250  1250 D StatusBar: disable<e i a s b h r c s q >
01-11 20:44:55.484  1250  1250 D StatusBar: disable<e i a s b h r c s q >
01-11 20:44:55.495   670   876 I nanohub : osLog: [PickupGesture] power: 1
01-11 20:44:55.501   670   876 I nanohub : osLog: [AR_CHRE] OFF => ON
01-11 20:44:55.502   670   876 I nanohub : osLog: [AR_CHRE] activity powered on
01-11 20:44:55.520  1250  1250 D StatusBar: disable<e i a s b h r c s q >
01-11 20:44:57.500   943   985 W WindowManager: Window freeze timeout expired.
01-11 20:44:57.500   943   985 W WindowManager: Force clearing orientation change: Window{8cc3d69 u0 StatusBar}
01-11 20:44:55.539  1250  1250 I chatty  : uid=10013(com.android.systemui) identical 3 lines
01-11 20:44:55.539  1250  1250 D StatusBar: disable<e i a s b h r c s q >
01-11 20:44:57.943  1250  1250 I Choreographer: Skipped 143 frames!  The application may be doing too much work on its main thread.
01-11 20:44:59.296  1250  1250 D StatusBar: disable<e i a s b h r c s q >
01-11 20:44:59.300  1250  1250 I chatty  : uid=10013(com.android.systemui) identical 2 lines
01-11 20:44:59.301  1250  1250 D StatusBar: disable<e i a s b h r c s q >
01-11 20:44:59.314  1250  1250 D StatusBar: disable<e i a s b H!R!c s q >
01-11 20:44:59.846   943   978 W ActivityManager: Sleep timeout!  Sleeping now.
01-11 20:45:00.239  4473  4473 D KeyStoreFragment: Public Key is: android.security.keystore.AndroidKeyStoreRSAPublicKey@ec34192a
01-11 20:45:00.242  4473  4473 D KeyStoreFragment: Counter = 4	Keys created
01-11 20:45:02.481  4473  4473 D KeyStoreFragment: Signature: Yaa3EprdNu+fiLbzoHVa+BO4vVDny6XuFIc+XcUUguaRCQVdnAeTXtVsvv4G38yJ69ZKlmkWzGy+
01-11 20:45:02.481  4473  4473 D KeyStoreFragment: SlnXjQah/t7Vi57Y8g8BjG2AlMStN3g/csXfUChUf/xTJcXocMeCzdaq6/8acfi+DgnqEkyfrs7x
01-11 20:45:02.481  4473  4473 D KeyStoreFragment: epvTIpoqiBNl+ibX7EnA/is5AFnKbYt/8qJ1g0P1SWezbfHKzliSQEr7gkS+n/E3RIIgzOcyKk4I
01-11 20:45:02.481  4473  4473 D KeyStoreFragment: UsbdKwOtPrcFFRUYh+t7Q2CQgSNy8V3mRDe3ukZGJMNKdWmBq9UCV5+s3ZzWCEjF8Qf0RjMlsTo5
01-11 20:45:02.481  4473  4473 D KeyStoreFragment: DwzZuJ9evZ04rPqfSPyB8/AaypECVNxBWHvAWQ==
01-11 20:45:03.136  4473  4473 D KeyStoreFragment: Data Signature Verified
01-11 20:45:03.145   709   709 I keystore: del USRPKEY_myKey 10066
01-11 20:45:03.550   709   709 I keystore: del USRSKEY_myKey 10066
01-11 20:45:03.551   709   709 I keystore: del USRCERT_myKey 10066
01-11 20:45:03.555   709   709 I keystore: del CACERT_myKey 10066
01-11 20:45:03.949   495   498 D DrmLibTime: got the req here! ret=0
01-11 20:45:03.950   495   498 D DrmLibTime: command id, time_cmd_id = 770
01-11 20:45:03.950   495   498 D DrmLibTime: time_getutcsec starts!
01-11 20:45:03.950   495   498 D DrmLibTime: QSEE Time Listener: time_getutcsec
01-11 20:45:03.950   495   498 D DrmLibTime: QSEE Time Listener: get_utc_seconds
01-11 20:45:03.950   495   498 D DrmLibTime: QSEE Time Listener: seconds: 1515703503
01-11 20:45:03.950   495   498 D DrmLibTime: QSEE Time Listener: nano seconds: 950455166
01-11 20:45:03.950   495   498 D DrmLibTime: time_getutcsec returns 0, sec = 1515703503; nsec = 950455166
01-11 20:45:03.950   495   498 D DrmLibTime: time_getutcsec finished! 
01-11 20:45:03.950   495   498 D DrmLibTime: iotcl_continue_command finished! and return 0 
01-11 20:45:03.950   495   498 D DrmLibTime: before calling ioctl to read the next time_cmd
01-11 20:45:05.361   943   978 W ActivityManager: Activity stop timeout for ActivityRecord{88cb31a u0 com.example.android.basicandroidkeystore/.MainActivity t53}
01-11 20:45:08.738  4473  4473 D KeyStoreFragment: Public Key is: android.security.keystore.AndroidKeyStoreRSAPublicKey@3ffbe507
01-11 20:45:08.740  4473  4473 D KeyStoreFragment: Counter = 5	Keys created
01-11 20:45:10.961  4473  4473 D KeyStoreFragment: Signature: amCDNwtkgK5oCjMe9tHgWTBd3oon7MtxBWaF8MYcoRauCOS75noEBpAiR0WjUQKCEsDbK7J7VErl
01-11 20:45:10.961  4473  4473 D KeyStoreFragment: FYxD7g37BR/OZCaTYrSRY0Jhge/4XDwmKT77VfmdR1WhIfxDwI/PR3kuJZ2z02xu845zc+tz8fJo
01-11 20:45:10.961  4473  4473 D KeyStoreFragment: JdAfFhdMnncrpai8C6eHrN0vcNWkr6e3Ikw0Kgtq1DWiDLqRlxj+g9EnDxO/Q3FeTallPtpJpBUA
01-11 20:45:10.961  4473  4473 D KeyStoreFragment: UT1IH9XN71mRnRzVP2FraPbYw56kTKwalYG7rXvcUaxKX4LxzW1N/UV6xg4I56mBCQSXD5C+2CC5
01-11 20:45:10.961  4473  4473 D KeyStoreFragment: I+OYh3e2YUnzAk0/lPKI8mmd/clC3FAA5/ObKg==
01-11 20:45:11.584  4473  4473 D KeyStoreFragment: Data Signature Verified
01-11 20:45:11.588   709   709 I keystore: del USRPKEY_myKey 10066
01-11 20:45:11.984   709   709 I keystore: del USRSKEY_myKey 10066
01-11 20:45:11.985   709   709 I keystore: del USRCERT_myKey 10066
01-11 20:45:11.989   709   709 I keystore: del CACERT_myKey 10066
01-11 20:45:12.380   495   498 D DrmLibTime: got the req here! ret=0
01-11 20:45:12.380   495   498 D DrmLibTime: command id, time_cmd_id = 770
01-11 20:45:12.380   495   498 D DrmLibTime: time_getutcsec starts!
01-11 20:45:12.380   495   498 D DrmLibTime: QSEE Time Listener: time_getutcsec
01-11 20:45:12.380   495   498 D DrmLibTime: QSEE Time Listener: get_utc_seconds
01-11 20:45:12.380   495   498 D DrmLibTime: QSEE Time Listener: seconds: 1515703512
01-11 20:45:12.381   495   498 D DrmLibTime: QSEE Time Listener: nano seconds: 380907048
01-11 20:45:12.381   495   498 D DrmLibTime: time_getutcsec returns 0, sec = 1515703512; nsec = 380907048
01-11 20:45:12.381   495   498 D DrmLibTime: time_getutcsec finished! 
01-11 20:45:12.381   495   498 D DrmLibTime: iotcl_continue_command finished! and return 0 
01-11 20:45:12.381   495   498 D DrmLibTime: before calling ioctl to read the next time_cmd
01-11 20:45:16.451  4473  4473 D KeyStoreFragment: Public Key is: android.security.keystore.AndroidKeyStoreRSAPublicKey@bd9675e5
01-11 20:45:16.454  4473  4473 D KeyStoreFragment: Counter = 6	Keys created
01-11 20:45:18.691  4473  4473 D KeyStoreFragment: Signature: i+EezUQYFz8IpzDRq6fSx38KYAef61Y/fXDSmWKXH2oJ00pYbVOHOOduufOfd04Q/7zduWmdT8n7
01-11 20:45:18.691  4473  4473 D KeyStoreFragment: 1cy7s3vqdxRRyrm0PKg1gKXfa7X037wgzAJ4fi0NYW17pexxPEm3JI7D/qwdt9UmSauLVzBxsD6q
01-11 20:45:18.691  4473  4473 D KeyStoreFragment: kMhyRubEwe0ORPVGlrYAQ0J6m7mNvkbr2U3pJmhVn08G5c3jcHu3yE4p0AePv/jZObHCzLpJ3FSC
01-11 20:45:18.691  4473  4473 D KeyStoreFragment: vbvHMFBgUpHud0yKpdJ1Jqug9xAG7FfNoVMmg6syoP5vOwjN9p7LKGDRYG2HIeVo6j+RjyucHU0F
01-11 20:45:18.691  4473  4473 D KeyStoreFragment: 6/Ey6UhvUxKwoAB7v0GYu5pdYbhcBWBMUFrAQA==
01-11 20:45:18.819   670   876 I nanohub : osLog: [AR_CHRE] still: 100
01-11 20:45:19.314  4473  4473 D KeyStoreFragment: Data Signature Verified
01-11 20:45:19.318   709   709 I keystore: del USRPKEY_myKey 10066
01-11 20:45:19.712   709   709 I keystore: del USRSKEY_myKey 10066
01-11 20:45:19.712   709   709 I keystore: del USRCERT_myKey 10066
01-11 20:45:19.713   709   709 I keystore: del CACERT_myKey 10066
01-11 20:45:20.100   495   498 D DrmLibTime: got the req here! ret=0
01-11 20:45:20.101   495   498 D DrmLibTime: command id, time_cmd_id = 770
01-11 20:45:20.101   495   498 D DrmLibTime: time_getutcsec starts!
01-11 20:45:20.101   495   498 D DrmLibTime: QSEE Time Listener: time_getutcsec
01-11 20:45:20.101   495   498 D DrmLibTime: QSEE Time Listener: get_utc_seconds
01-11 20:45:20.101   495   498 D DrmLibTime: QSEE Time Listener: seconds: 1515703520
01-11 20:45:20.101   495   498 D DrmLibTime: QSEE Time Listener: nano seconds: 101459796
01-11 20:45:20.101   495   498 D DrmLibTime: time_getutcsec returns 0, sec = 1515703520; nsec = 101459796
01-11 20:45:20.101   495   498 D DrmLibTime: time_getutcsec finished! 
01-11 20:45:20.101   495   498 D DrmLibTime: iotcl_continue_command finished! and return 0 
01-11 20:45:20.101   495   498 D DrmLibTime: before calling ioctl to read the next time_cmd
01-11 20:45:23.027  4473  4473 D KeyStoreFragment: Public Key is: android.security.keystore.AndroidKeyStoreRSAPublicKey@d1de4578
01-11 20:45:23.029  4473  4473 D KeyStoreFragment: Counter = 7	Keys created
01-11 20:45:23.436   670   876 I nanohub : osLog: [AR_CHRE] still: 100
01-11 20:45:25.248  4473  4473 D KeyStoreFragment: Signature: YYqwQgJdFySmSmUnqu3+uachYi3N9NkAkTd9gc7ibDBKp8yNHptgx4DkgoAzC4fpiiiT+K/LMZed
01-11 20:45:25.248  4473  4473 D KeyStoreFragment: EZCoMgT4aal01pRzKH/YKNeObAq+P9+5n+AEY7IrMlzoXOFCvSQYPyUbtnib55AsexwdjpLoiA/w
01-11 20:45:25.248  4473  4473 D KeyStoreFragment: ib7OMb0wb4Ehy18XsTU083EbPMBmh5usJugBEfdIbWoNTq5QcCKu7br4lsedyhmAFvWLkZ1KS6UD
01-11 20:45:25.248  4473  4473 D KeyStoreFragment: UfjV0AqSnidPCU1WwltCOigsus+avFBjcymyRQDsixSd8M8KGRnedzexftpRZW0xy2gQ/BoXBnyW
01-11 20:45:25.248  4473  4473 D KeyStoreFragment: oiZQdS+10m2N/JsBxr4keDm+85y5gWRwZHCRXA==
01-11 20:45:25.871  4473  4473 D KeyStoreFragment: Data Signature Verified
01-11 20:45:25.874   709   709 I keystore: del USRPKEY_myKey 10066
01-11 20:45:26.269   709   709 I keystore: del USRSKEY_myKey 10066
01-11 20:45:26.269   709   709 I keystore: del USRCERT_myKey 10066
01-11 20:45:26.270   709   709 I keystore: del CACERT_myKey 10066
01-11 20:45:26.658   495   498 D DrmLibTime: got the req here! ret=0
01-11 20:45:26.659   495   498 D DrmLibTime: command id, time_cmd_id = 770
01-11 20:45:26.659   495   498 D DrmLibTime: time_getutcsec starts!
01-11 20:45:26.659   495   498 D DrmLibTime: QSEE Time Listener: time_getutcsec
01-11 20:45:26.659   495   498 D DrmLibTime: QSEE Time Listener: get_utc_seconds
01-11 20:45:26.659   495   498 D DrmLibTime: QSEE Time Listener: seconds: 1515703526
01-11 20:45:26.659   495   498 D DrmLibTime: QSEE Time Listener: nano seconds: 659446543
01-11 20:45:26.659   495   498 D DrmLibTime: time_getutcsec returns 0, sec = 1515703526; nsec = 659446543
01-11 20:45:26.659   495   498 D DrmLibTime: time_getutcsec finished! 
01-11 20:45:26.659   495   498 D DrmLibTime: iotcl_continue_command finished! and return 0 
01-11 20:45:26.660   495   498 D DrmLibTime: before calling ioctl to read the next time_cmd
01-11 20:45:28.046   670   876 I nanohub : osLog: [AR_CHRE] still: 100
01-11 20:45:30.253  4473  4473 D KeyStoreFragment: Public Key is: android.security.keystore.AndroidKeyStoreRSAPublicKey@1b820dea
01-11 20:45:30.256  4473  4473 D KeyStoreFragment: Counter = 8	Keys created
01-11 20:45:32.475  4473  4473 D KeyStoreFragment: Signature: TCvStzOkLJpYVf8fLNPgMKsxHoQLwzEbymOjDrHFWIMWTKzkC7mypCb7vfha/oPb6ahyCEVyo/1G
01-11 20:45:32.475  4473  4473 D KeyStoreFragment: 3A8WhO8mtwlHyxBnQCgRN17JjGl0zL+U6z5gS4PobLwzGNvVQzg09Q2MCTOpF5FuwNX085SI+YMj
01-11 20:45:32.475  4473  4473 D KeyStoreFragment: ZdBVQn7SbmopF9cx8qNNtvrgwOElCKFRd+4kAMqroZnNdVMMdNk4zvONUE+GW4P969Gx+n3p898q
01-11 20:45:32.475  4473  4473 D KeyStoreFragment: 8zA7sKQtmHZn7D2b2jvGPb3nqKgudbOHIRSFMFKd4ttbOhzq+nMnEz1DoZiZyks5djAE39C3nvu9
01-11 20:45:32.475  4473  4473 D KeyStoreFragment: Lb4AgEeRrWclbCCLyqt037aDTJ2uOdV/HRAFyA==
01-11 20:45:32.666   670   876 I nanohub : osLog: [AR_CHRE] still: 100
01-11 20:45:33.099  4473  4473 D KeyStoreFragment: Data Signature Verified
01-11 20:45:33.105   709   709 I keystore: del USRPKEY_myKey 10066
01-11 20:45:33.501   709   709 I keystore: del USRSKEY_myKey 10066
01-11 20:45:33.503   709   709 I keystore: del USRCERT_myKey 10066
01-11 20:45:33.506   709   709 I keystore: del CACERT_myKey 10066
01-11 20:45:33.901   495   498 D DrmLibTime: got the req here! ret=0
01-11 20:45:33.901   495   498 D DrmLibTime: command id, time_cmd_id = 770
01-11 20:45:33.901   495   498 D DrmLibTime: time_getutcsec starts!
01-11 20:45:33.901   495   498 D DrmLibTime: QSEE Time Listener: time_getutcsec
01-11 20:45:33.901   495   498 D DrmLibTime: QSEE Time Listener: get_utc_seconds
01-11 20:45:33.901   495   498 D DrmLibTime: QSEE Time Listener: seconds: 1515703533
01-11 20:45:33.901   495   498 D DrmLibTime: QSEE Time Listener: nano seconds: 901877525
01-11 20:45:33.902   495   498 D DrmLibTime: time_getutcsec returns 0, sec = 1515703533; nsec = 901877525
01-11 20:45:33.902   495   498 D DrmLibTime: time_getutcsec finished! 
01-11 20:45:33.902   495   498 D DrmLibTime: iotcl_continue_command finished! and return 0 
01-11 20:45:33.902   495   498 D DrmLibTime: before calling ioctl to read the next time_cmd
01-11 20:45:36.964  4473  4473 D KeyStoreFragment: Public Key is: android.security.keystore.AndroidKeyStoreRSAPublicKey@c8f7f7d8
01-11 20:45:36.967  4473  4473 D KeyStoreFragment: Counter = 9	Keys created
01-11 20:45:37.286   670   876 I nanohub : osLog: [AR_CHRE] still: 100
01-11 20:45:37.679  4473  4473 D KeyStoreFragment: Signature: bhATTW8dF2vLXxRnTa/5ozzN/l2ZGIMEVxkRsW3MhIRZ7v9AXuockI6nCiG8Q7/GkX0hFJLgsIua
01-11 20:45:37.679  4473  4473 D KeyStoreFragment: EgVk9xDqoGW0lUlGq7hv81aZayDt44E1ZL9hPJIzjHSKWGsnT7uz+FplGV0oJLNqhd4lO/VR6rNK
01-11 20:45:37.679  4473  4473 D KeyStoreFragment: Y8ZxQmea4a57tar0N/tzcJPav8wqgvRmsThSuTd4xy1taNj6y9i03ROmjWI2XojPnX/RVFm7wgEE
01-11 20:45:37.679  4473  4473 D KeyStoreFragment: 22LxZFKrRlD1gQzdQpRpDWzv6bAy7fy4U2Slfx/dAGkVEthjZnghZAHyfwLoPo9ZRp6cIubFf8G1
01-11 20:45:37.679  4473  4473 D KeyStoreFragment: zk3XcuCO69PtOn8r6IXbeCCNUFrtzfKX1cNneg==
01-11 20:45:37.711  4473  4473 D KeyStoreFragment: Data Signature Verified
01-11 20:45:37.716   709   709 I keystore: del USRPKEY_myKey 10066
01-11 20:45:37.909   709   709 I keystore: del USRSKEY_myKey 10066
01-11 20:45:37.911   709   709 I keystore: del USRCERT_myKey 10066
01-11 20:45:37.913   709   709 I keystore: del CACERT_myKey 10066
01-11 20:45:38.107   495   498 D DrmLibTime: got the req here! ret=0
01-11 20:45:38.107   495   498 D DrmLibTime: command id, time_cmd_id = 770
01-11 20:45:38.107   495   498 D DrmLibTime: time_getutcsec starts!
01-11 20:45:38.107   495   498 D DrmLibTime: QSEE Time Listener: time_getutcsec
01-11 20:45:38.107   495   498 D DrmLibTime: QSEE Time Listener: get_utc_seconds
01-11 20:45:38.107   495   498 D DrmLibTime: QSEE Time Listener: seconds: 1515703538
01-11 20:45:38.107   495   498 D DrmLibTime: QSEE Time Listener: nano seconds: 107188204
01-11 20:45:38.107   495   498 D DrmLibTime: time_getutcsec returns 0, sec = 1515703538; nsec = 107188204
01-11 20:45:38.107   495   498 D DrmLibTime: time_getutcsec finished! 
01-11 20:45:38.107   495   498 D DrmLibTime: iotcl_continue_command finished! and return 0 
01-11 20:45:38.107   495   498 D DrmLibTime: before calling ioctl to read the next time_cmd
01-11 20:45:39.115  4473  4473 D KeyStoreFragment: Public Key is: android.security.keystore.AndroidKeyStoreRSAPublicKey@c1bed1da
01-11 20:45:39.117  4473  4473 D KeyStoreFragment: Counter = 10	Keys created
01-11 20:45:39.259  4473  4473 D KeyStoreFragment: Signature: Fe+cmUWj1OYa+o6UwiFpdgdePJZZiC17yQ4wyJc26zXQfYTlFKZIOwRdVCbqZ8nG+hmOVSqNHYTm
01-11 20:45:39.259  4473  4473 D KeyStoreFragment: /8LL0Qp42w6NnGY0JIJoPGGoCSOrp7Rx+UbKXU5Pw/nAcOIoCgteWlWdh2og0hZZ1txv38D+2Wo/
01-11 20:45:39.259  4473  4473 D KeyStoreFragment: cHcmaPRs+cy99qU0UcrIQ8VM35F7xz67dPZlQc1QQDXzCUP1yj6hmQkTFlCq/ZgfG7mru9nTOgnI
01-11 20:45:39.259  4473  4473 D KeyStoreFragment: 0BHIhbKMbSmIN78AsoNQ4BkOk4X5pnAPd06MnsK8HufdAhm5kGGq1TCBwF6/C4krokY21VHtybzp
01-11 20:45:39.259  4473  4473 D KeyStoreFragment: HzIiLXZpGBjyVMrWx/KUYw7dNqI9PRC+47dZxw==
01-11 20:45:39.294  4473  4473 D KeyStoreFragment: Data Signature Verified
01-11 20:45:39.299   709   709 I keystore: del USRPKEY_myKey 10066
01-11 20:45:39.362   709   709 I keystore: del USRSKEY_myKey 10066
01-11 20:45:39.363   709   709 I keystore: del USRCERT_myKey 10066
01-11 20:45:39.364   709   709 I keystore: del CACERT_myKey 10066
01-11 20:45:39.400   495   498 D DrmLibTime: got the req here! ret=0
01-11 20:45:39.400   495   498 D DrmLibTime: command id, time_cmd_id = 770
01-11 20:45:39.400   495   498 D DrmLibTime: time_getutcsec starts!
01-11 20:45:39.400   495   498 D DrmLibTime: QSEE Time Listener: time_getutcsec
01-11 20:45:39.400   495   498 D DrmLibTime: QSEE Time Listener: get_utc_seconds
01-11 20:45:39.400   495   498 D DrmLibTime: QSEE Time Listener: seconds: 1515703539
01-11 20:45:39.400   495   498 D DrmLibTime: QSEE Time Listener: nano seconds: 400208697
01-11 20:45:39.400   495   498 D DrmLibTime: time_getutcsec returns 0, sec = 1515703539; nsec = 400208697
01-11 20:45:39.400   495   498 D DrmLibTime: time_getutcsec finished! 
01-11 20:45:39.400   495   498 D DrmLibTime: iotcl_continue_command finished! and return 0 
01-11 20:45:39.400   495   498 D DrmLibTime: before calling ioctl to read the next time_cmd
01-11 20:45:41.020  4473  4473 D KeyStoreFragment: Public Key is: android.security.keystore.AndroidKeyStoreRSAPublicKey@ca8eedd3
01-11 20:45:41.023  4473  4473 D KeyStoreFragment: Counter = 11	Keys created
01-11 20:45:41.184  4473  4473 D KeyStoreFragment: Signature: Vb3CTWP8KAilEE7rGRm69H2vD72fsGyDPtFG56l2AiUGAupGsb/ElWanRlDMPuKadGYFDzvtt5E2
01-11 20:45:41.184  4473  4473 D KeyStoreFragment: GTu3swsW0qSJPvQKKvocc3X8HregNXOG9FXokyWvw+SZvYu2f7W3OzCcIvjdWWZWaKNeLx3+51Q2
01-11 20:45:41.184  4473  4473 D KeyStoreFragment: OsjPBda+gxhpMIrWSUk22PyOCBzZ0T9tOfzFDh7y5QYWAq/jBDtbxtDVeTvUz8u85nFLk01Hm1r/
01-11 20:45:41.184  4473  4473 D KeyStoreFragment: Cdy1WsfLInnjM2LO+wBwBhVqkqJAg4t4SZi9KVgS0vgd6kIqa/sf4Ru85HyIhUT+PWcqZA2yc5w+
01-11 20:45:41.184  4473  4473 D KeyStoreFragment: DzBJ7p/t7qCd/srSGvTTatcrartYhWOkPU2wdw==
01-11 20:45:41.211  4473  4473 D KeyStoreFragment: Data Signature Verified
01-11 20:45:41.215   709   709 I keystore: del USRPKEY_myKey 10066
01-11 20:45:41.259   709   709 I keystore: del USRSKEY_myKey 10066
01-11 20:45:41.260   709   709 I keystore: del USRCERT_myKey 10066
01-11 20:45:41.262   709   709 I keystore: del CACERT_myKey 10066
01-11 20:45:41.314   495   498 D DrmLibTime: got the req here! ret=0
01-11 20:45:41.314   495   498 D DrmLibTime: command id, time_cmd_id = 770
01-11 20:45:41.314   495   498 D DrmLibTime: time_getutcsec starts!
01-11 20:45:41.314   495   498 D DrmLibTime: QSEE Time Listener: time_getutcsec
01-11 20:45:41.314   495   498 D DrmLibTime: QSEE Time Listener: get_utc_seconds
01-11 20:45:41.314   495   498 D DrmLibTime: QSEE Time Listener: seconds: 1515703541
01-11 20:45:41.314   495   498 D DrmLibTime: QSEE Time Listener: nano seconds: 314791701
01-11 20:45:41.314   495   498 D DrmLibTime: time_getutcsec returns 0, sec = 1515703541; nsec = 314791701
01-11 20:45:41.315   495   498 D DrmLibTime: time_getutcsec finished! 
01-11 20:45:41.315   495   498 D DrmLibTime: iotcl_continue_command finished! and return 0 
01-11 20:45:41.315   495   498 D DrmLibTime: before calling ioctl to read the next time_cmd
01-11 20:45:42.940  4473  4473 D KeyStoreFragment: Public Key is: android.security.keystore.AndroidKeyStoreRSAPublicKey@75b44f10
01-11 20:45:42.943  4473  4473 D KeyStoreFragment: Counter = 12	Keys created
01-11 20:45:43.093  4473  4473 D KeyStoreFragment: Signature: yS328N03uNl9mgwc9o0dqpU6y6gnrKcNXWhc82jgbVzHKNqbPyNz5STGVFFW57BWrBnUZHDtvVY/
01-11 20:45:43.093  4473  4473 D KeyStoreFragment: +ONglS97zmy8jC3o964kFq4WUsvmstdOspf5RfgGdvxFhQ6CDn4JUOPvawcLom8JrfcjujCMTQ1G
01-11 20:45:43.093  4473  4473 D KeyStoreFragment: Ut8IlugnSH0LJTwpawZkBv+wkwme18YaRI6Q47++ZnJE1iJQbCd/wEmrJCGJbGkwIKoupJMpuJt8
01-11 20:45:43.093  4473  4473 D KeyStoreFragment: WZ8KIGhf++3dPyBYOPvUzcm+aDwsWYaDO8qSgWnEtdO2tqqAL9dYmOFTwvOBAMGkX+Od3GaXU6nI
01-11 20:45:43.093  4473  4473 D KeyStoreFragment: WUmjnjrauERqs2AAAD3DXh7yyCEetNBLWXh1OQ==
01-11 20:45:43.123  4473  4473 D KeyStoreFragment: Data Signature Verified
01-11 20:45:43.127   709   709 I keystore: del USRPKEY_myKey 10066
01-11 20:45:43.187   709   709 I keystore: del USRSKEY_myKey 10066
01-11 20:45:43.188   709   709 I keystore: del USRCERT_myKey 10066
01-11 20:45:43.189   709   709 I keystore: del CACERT_myKey 10066
01-11 20:45:43.255   495   498 D DrmLibTime: got the req here! ret=0
01-11 20:45:43.255   495   498 D DrmLibTime: command id, time_cmd_id = 770
01-11 20:45:43.255   495   498 D DrmLibTime: time_getutcsec starts!
01-11 20:45:43.255   495   498 D DrmLibTime: QSEE Time Listener: time_getutcsec
01-11 20:45:43.255   495   498 D DrmLibTime: QSEE Time Listener: get_utc_seconds
01-11 20:45:43.255   495   498 D DrmLibTime: QSEE Time Listener: seconds: 1515703543
01-11 20:45:43.255   495   498 D DrmLibTime: QSEE Time Listener: nano seconds: 255852675
01-11 20:45:43.256   495   498 D DrmLibTime: time_getutcsec returns 0, sec = 1515703543; nsec = 255852675
01-11 20:45:43.256   495   498 D DrmLibTime: time_getutcsec finished! 
01-11 20:45:43.256   495   498 D DrmLibTime: iotcl_continue_command finished! and return 0 
01-11 20:45:43.256   495   498 D DrmLibTime: before calling ioctl to read the next time_cmd
01-11 20:45:46.681  4473  4473 D KeyStoreFragment: Public Key is: android.security.keystore.AndroidKeyStoreRSAPublicKey@a5286864
01-11 20:45:46.683  4473  4473 D KeyStoreFragment: Counter = 13	Keys created
01-11 20:45:46.814  4473  4473 D KeyStoreFragment: Signature: nn61OkEI44Vms+kJlrQ1Wko6TONquZ5yUuZmChmbJqxgKRF0QqInLJMKTq7ZPzxtuYka3Z0Bg0cy
01-11 20:45:46.814  4473  4473 D KeyStoreFragment: HqL5bc3JBkAXaYxXA7RQe/z96y9oFtAVEhZmQiWNhihs1Li9TLxZMEtWAxg4yzhHMZzhIz1LqsCm
01-11 20:45:46.814  4473  4473 D KeyStoreFragment: 6k4eyayoTsaTBo/TwDoQgvZPuyIE1RkDGGnxwXFIAvyiVG1QPjaQJF6Nu/mw4nSMTGJD0tkUEzcm
01-11 20:45:46.814  4473  4473 D KeyStoreFragment: RQcUzaE/gfr8uHDmFA5QP6rzO3ClCnqR/fHhfWw5PNTe7EQgYGj0Wua7Bx1XeLYmHoWglmMcEHwb
01-11 20:45:46.814  4473  4473 D KeyStoreFragment: ziqCV1qG2kRhhBFkx72615ObsUtjY9hwF8XrSg==
01-11 20:45:46.845  4473  4473 D KeyStoreFragment: Data Signature Verified
01-11 20:45:46.849   709   709 I keystore: del USRPKEY_myKey 10066
01-11 20:45:46.874   709   709 I keystore: del USRSKEY_myKey 10066
01-11 20:45:46.874   709   709 I keystore: del USRCERT_myKey 10066
01-11 20:45:46.874   709   709 I keystore: del CACERT_myKey 10066
01-11 20:45:46.922   495   498 D DrmLibTime: got the req here! ret=0
01-11 20:45:46.922   495   498 D DrmLibTime: command id, time_cmd_id = 770
01-11 20:45:46.922   495   498 D DrmLibTime: time_getutcsec starts!
01-11 20:45:46.922   495   498 D DrmLibTime: QSEE Time Listener: time_getutcsec
01-11 20:45:46.922   495   498 D DrmLibTime: QSEE Time Listener: get_utc_seconds
01-11 20:45:46.922   495   498 D DrmLibTime: QSEE Time Listener: seconds: 1515703546
01-11 20:45:46.922   495   498 D DrmLibTime: QSEE Time Listener: nano seconds: 922945020
01-11 20:45:46.923   495   498 D DrmLibTime: time_getutcsec returns 0, sec = 1515703546; nsec = 922945020
01-11 20:45:46.923   495   498 D DrmLibTime: time_getutcsec finished! 
01-11 20:45:46.923   495   498 D DrmLibTime: iotcl_continue_command finished! and return 0 
01-11 20:45:46.923   495   498 D DrmLibTime: before calling ioctl to read the next time_cmd
01-11 20:45:49.986  4473  4473 D KeyStoreFragment: Public Key is: android.security.keystore.AndroidKeyStoreRSAPublicKey@504ffb87
01-11 20:45:49.990  4473  4473 D KeyStoreFragment: Counter = 14	Keys created
01-11 20:45:50.168  4473  4473 D KeyStoreFragment: Signature: M5n7peaXmd7XVx1n+kr23uyZFHSRodszWOygdbZdgfgjjXB25M7IWtXEcG05NGknyVhVyOZqe+Jj
01-11 20:45:50.168  4473  4473 D KeyStoreFragment: /2ETmHzMHLQDHTJrlki+p3xz3IJddFpq8nvjspquNewakD9aQa2NxtfamYcM1uhmCJi38jigWL0c
01-11 20:45:50.168  4473  4473 D KeyStoreFragment: LCuPFM8SOjDWFGWomD9LC46XmkDg4Y1RrTWNCBv9dlQDbDdhkDtf2TGjpOUeW3vJAfTpW2/1hXfK
01-11 20:45:50.168  4473  4473 D KeyStoreFragment: W2LAlFJiqS6eCmcksWHCqeLZ9b1HbtgviC4aJmPtVmgNxpKw4lOWVCc3NPK600nsonvL2FHkM9BA
01-11 20:45:50.168  4473  4473 D KeyStoreFragment: p+PuEtsO3gX18gowlHD04CJQFQGAoTCW/mDp1g==
01-11 20:45:50.198  4473  4473 D KeyStoreFragment: Data Signature Verified
01-11 20:45:50.202   709   709 I keystore: del USRPKEY_myKey 10066
01-11 20:45:50.230   709   709 I keystore: del USRSKEY_myKey 10066
01-11 20:45:50.230   709   709 I keystore: del USRCERT_myKey 10066
01-11 20:45:50.231   709   709 I keystore: del CACERT_myKey 10066
01-11 20:45:50.271   495   498 D DrmLibTime: got the req here! ret=0
01-11 20:45:50.271   495   498 D DrmLibTime: command id, time_cmd_id = 770
01-11 20:45:50.271   495   498 D DrmLibTime: time_getutcsec starts!
01-11 20:45:50.271   495   498 D DrmLibTime: QSEE Time Listener: time_getutcsec
01-11 20:45:50.271   495   498 D DrmLibTime: QSEE Time Listener: get_utc_seconds
01-11 20:45:50.271   495   498 D DrmLibTime: QSEE Time Listener: seconds: 1515703550
01-11 20:45:50.271   495   498 D DrmLibTime: QSEE Time Listener: nano seconds: 271258895
01-11 20:45:50.271   495   498 D DrmLibTime: time_getutcsec returns 0, sec = 1515703550; nsec = 27125