01-11 20:34:00.618   495   498 D DrmLibTime: QSEE Time Listener: seconds: 1515702840
01-11 20:34:00.618   495   498 D DrmLibTime: QSEE Time Listener: nano seconds: 618013565
01-11 20:34:00.618   495   498 D DrmLibTime: time_getutcsec returns 0, sec = 1515702840; nsec = 618013565
01-11 20:34:00.618   495   498 D DrmLibTime: time_getutcsec finished! 
01-11 20:34:00.618   495   498 D DrmLibTime: iotcl_continue_command finished! and return 0 
01-11 20:34:00.618   495   498 D DrmLibTime: before calling ioctl to read the next time_cmd
01-11 20:34:03.279  4473  4473 D KeyStoreFragment: Public Key is: android.security.keystore.AndroidKeyStoreRSAPublicKey@ef2aea07
01-11 20:34:03.289  4473  4473 D KeyStoreFragment: Counter = 64	Keys created
01-11 20:34:03.436  4473  4473 D KeyStoreFragment: Signature: gL6W7Rx3hABSFeJ1VrqyvxJqFCJHfxdT7q3XwlYMLDW8bDRC8tdhD9Ab7wKor7VYBZqbK4aNAQ1Z
01-11 20:34:03.436  4473  4473 D KeyStoreFragment: kv/V53qLcO9WGhcpRxqMQpmtUqMQxkq2EiZKbV7fKiHyr3kYjBm2KErPRLraEKrf9RTqRBYa6tqh
01-11 20:34:03.436  4473  4473 D KeyStoreFragment: vVATqiklurCvifMAFnk93uDGbyqSLJkY9+SvNgXwC8hH8CEJ15Ch+nbeFCYF4mK5Gnww/1na+7Ku
01-11 20:34:03.436  4473  4473 D KeyStoreFragment: vNfgXzTKzXRNRdXyiVkW+W5a4GepLyE73V5otpnKDGdduCuiI5DT1lgd7FiYu+7ysQ2SekuWmg+M
01-11 20:34:03.436  4473  4473 D KeyStoreFragment: 6T26+vK1zjDt5lqauS1KW9HW2xQXUbsdHvcIzA==
01-11 20:34:03.498  4473  4473 D KeyStoreFragment: Data Signature Verified
01-11 20:34:03.504   709   709 I keystore: del USRPKEY_myKey 10066
01-11 20:34:03.522   709   709 I keystore: del USRSKEY_myKey 10066
01-11 20:34:03.523   709   709 I keystore: del USRCERT_myKey 10066
01-11 20:34:03.525   709   709 I keystore: del CACERT_myKey 10066
01-11 20:34:03.534   495   498 D DrmLibTime: got the req here! ret=0
01-11 20:34:03.534   495   498 D DrmLibTime: command id, time_cmd_id = 770
01-11 20:34:03.534   495   498 D DrmLibTime: time_getutcsec starts!
01-11 20:34:03.534   495   498 D DrmLibTime: QSEE Time Listener: time_getutcsec
01-11 20:34:03.534   495   498 D DrmLibTime: QSEE Time Listener: get_utc_seconds
01-11 20:34:03.534   495   498 D DrmLibTime: QSEE Time Listener: seconds: 1515702843
01-11 20:34:03.534   495   498 D DrmLibTime: QSEE Time Listener: nano seconds: 534859481
01-11 20:34:03.534   495   498 D DrmLibTime: time_getutcsec returns 0, sec = 1515702843; nsec = 534859481
01-11 20:34:03.534   495   498 D DrmLibTime: time_getutcsec finished! 
01-11 20:34:03.535   495   498 D DrmLibTime: iotcl_continue_command finished! and return 0 
01-11 20:34:03.535   495   498 D DrmLibTime: before calling ioctl to read the next time_cmd
01-11 20:34:04.643  4473  4473 D KeyStoreFragment: Public Key is: android.security.keystore.AndroidKeyStoreRSAPublicKey@9cde53e3
01-11 20:34:04.655  4473  4473 D KeyStoreFragment: Counter = 65	Keys created
01-11 20:34:04.824  4473  4473 D KeyStoreFragment: Signature: MM7tCWU8Mrv3qoglr4dFUCDB0Ip2EEJ1MoPR/kgzpzCaFPL3hyIvnQtNr+cKML9pf02668T6e64q
01-11 20:34:04.824  4473  4473 D KeyStoreFragment: U0sBC13Hu2/Vf5Sgu3dBN6gjSiiEQ1Z+zqhyW87sflk0e66Ku3KJn6Nbu00g58QBVHuABYCsyIfK
01-11 20:34:04.824  4473  4473 D KeyStoreFragment: 0UREaWmTDg3CKS63r30/mLkpisy+V1ri4fBcgZXyD+NBmwYh6GGCDymwnyx6Y26EigdFc5OoFwiM
01-11 20:34:04.824  4473  4473 D KeyStoreFragment: RUVYORl7p1d5NAQlOvsi8lP2L+xu3Xo7ETVJiSWENBxaqz2Wh1rzSopQaMNn8FFpWmSBIFz0S/jR
01-11 20:34:04.824  4473  4473 D KeyStoreFragment: XblrqWRoXdaUL/m8qN0kn1FZX38pm21UgqMxtA==
01-11 20:34:04.888  4473  4473 D KeyStoreFragment: Data Signature Verified
01-11 20:34:04.894   709   709 I keystore: del USRPKEY_myKey 10066
01-11 20:34:04.914   709   709 I keystore: del USRSKEY_myKey 10066
01-11 20:34:04.915   709   709 I keystore: del USRCERT_myKey 10066
01-11 20:34:04.917   709   709 I keystore: del CACERT_myKey 10066
01-11 20:34:05.013   495   498 D DrmLibTime: got the req here! ret=0
01-11 20:34:05.013   495   498 D DrmLibTime: command id, time_cmd_id = 770
01-11 20:34:05.013   495   498 D DrmLibTime: time_getutcsec starts!
01-11 20:34:05.013   495   498 D DrmLibTime: QSEE Time Listener: time_getutcsec
01-11 20:34:05.013   495   498 D DrmLibTime: QSEE Time Listener: get_utc_seconds
01-11 20:34:05.013   495   498 D DrmLibTime: QSEE Time Listener: seconds: 1515702845
01-11 20:34:05.013   495   498 D DrmLibTime: QSEE Time Listener: nano seconds: 13878326
01-11 20:34:05.014   495   498 D DrmLibTime: time_getutcsec returns 0, sec = 1515702845; nsec = 13878326
01-11 20:34:05.014   495   498 D DrmLibTime: time_getutcsec finished! 
01-11 20:34:05.014   495   498 D DrmLibTime: iotcl_continue_command finished! and return 0 
01-11 20:34:05.014   495   498 D DrmLibTime: before calling ioctl to read the next time_cmd
01-11 20:34:09.422  4473  4473 D KeyStoreFragment: Public Key is: android.security.keystore.AndroidKeyStoreRSAPublicKey@2682d5de
01-11 20:34:09.431  4473  4473 D KeyStoreFragment: Counter = 66	Keys created
01-11 20:34:09.593  4473  4473 D KeyStoreFragment: Signature: ny4BvHUCzZSWTsfwaxqz+klNSeDK0RntSdOWAggGxyHEypa8QPEHHxKvPXyTALQSwCz8pe1n7jKd
01-11 20:34:09.593  4473  4473 D KeyStoreFragment: NkanZiCtNo+xX9ipUwaEE3CxccOG91RpB4nWpOsehIV03+BCeO3O+GW9LYr+7nYcrSHFFnQEH+7D
01-11 20:34:09.593  4473  4473 D KeyStoreFragment: iU5XTBgALl0w2phzkjhjBD+GCFZ5pcG+e6pKP28Klxx+qgb8fFN4ZxP8FlBV1haCDiH30+GBLHwc
01-11 20:34:09.593  4473  4473 D KeyStoreFragment: UtbUmchFUeoJtNCHHcHRCHwIe61yjIzKI5acT5/J6ZJNyTNOfB0CpqbdwC6WV8RMBmRhGaiRHOGP
01-11 20:34:09.593  4473  4473 D KeyStoreFragment: TjspLaLV4x8kKtQzwM7hC/9yplaVbkQoqnABBw==
01-11 20:34:09.640  4473  4473 D KeyStoreFragment: Data Signature Verified
01-11 20:34:09.650   709   709 I keystore: del USRPKEY_myKey 10066
01-11 20:34:09.669   709   709 I keystore: del USRSKEY_myKey 10066
01-11 20:34:09.670   709   709 I keystore: del USRCERT_myKey 10066
01-11 20:34:09.672   709   709 I keystore: del CACERT_myKey 10066
01-11 20:34:09.770   495   498 D DrmLibTime: got the req here! ret=0
01-11 20:34:09.770   495   498 D DrmLibTime: command id, time_cmd_id = 770
01-11 20:34:09.770   495   498 D DrmLibTime: time_getutcsec starts!
01-11 20:34:09.770   495   498 D DrmLibTime: QSEE Time Listener: time_getutcsec
01-11 20:34:09.770   495   498 D DrmLibTime: QSEE Time Listener: get_utc_seconds
01-11 20:34:09.770   495   498 D DrmLibTime: QSEE Time Listener: seconds: 1515702849
01-11 20:34:09.770   495   498 D DrmLibTime: QSEE Time Listener: nano seconds: 770569425
01-11 20:34:09.770   495   498 D DrmLibTime: time_getutcsec returns 0, sec = 1515702849; nsec = 770569425
01-11 20:34:09.770   495   498 D DrmLibTime: time_getutcsec finished! 
01-11 20:34:09.770   495   498 D DrmLibTime: iotcl_continue_command finished! and return 0 
01-11 20:34:09.771   495   498 D DrmLibTime: before calling ioctl to read the next time_cmd
01-11 20:34:10.660  4473  4473 D KeyStoreFragment: Public Key is: android.security.keystore.AndroidKeyStoreRSAPublicKey@543d454b
01-11 20:34:10.669  4473  4473 D KeyStoreFragment: Counter = 67	Keys created
01-11 20:34:10.999  4473  4473 D KeyStoreFragment: Signature: CbTk56dfSZbLPDtrsg0jIYNlCep1qnrvbxMG5yjaUyhNiOLFDJISjcn+J5A1if0B3AI3P7LZ3GBJ
01-11 20:34:10.999  4473  4473 D KeyStoreFragment: qVexKEVoeyTUGpaAhg35MFFYpcANPP4qm1jTLySBrV3vNGJrPnualdVp0dVXoMpkz3MQZ+TJVzX8
01-11 20:34:10.999  4473  4473 D KeyStoreFragment: 3AVOLxAZSCErhsapmU2VOO/A2fxPV/vfLRYKhjaLAcqexqUO9BHS7AztAtAp2FtmQ7xnthKjF3d3
01-11 20:34:10.999  4473  4473 D KeyStoreFragment: bO1ltCVpaZEle3uB2ITviFURpCr6PYQHBf64FnWaMe0axRs9Z2Bpo6CjWKpa5Xv5lo/Py8hRgHVh
01-11 20:34:10.999  4473  4473 D KeyStoreFragment: 7drj0Y+69fJZNEVA2zaoRSkO+kAD4dwBPASrfw==
01-11 20:34:11.035  4473  4473 D KeyStoreFragment: Data Signature Verified
01-11 20:34:11.039   709   709 I keystore: del USRPKEY_myKey 10066
01-11 20:34:11.056   709   709 I keystore: del USRSKEY_myKey 10066
01-11 20:34:11.057   709   709 I keystore: del USRCERT_myKey 10066
01-11 20:34:11.058   709   709 I keystore: del CACERT_myKey 10066
01-11 20:34:11.068   495   498 D DrmLibTime: got the req here! ret=0
01-11 20:34:11.068   495   498 D DrmLibTime: command id, time_cmd_id = 770
01-11 20:34:11.068   495   498 D DrmLibTime: time_getutcsec starts!
01-11 20:34:11.068   495   498 D DrmLibTime: QSEE Time Listener: time_getutcsec
01-11 20:34:11.068   495   498 D DrmLibTime: QSEE Time Listener: get_utc_seconds
01-11 20:34:11.068   495   498 D DrmLibTime: QSEE Time Listener: seconds: 1515702851
01-11 20:34:11.068   495   498 D DrmLibTime: QSEE Time Listener: nano seconds: 68967367
01-11 20:34:11.069   495   498 D DrmLibTime: time_getutcsec returns 0, sec = 1515702851; nsec = 68967367
01-11 20:34:11.069   495   498 D DrmLibTime: time_getutcsec finished! 
01-11 20:34:11.069   495   498 D DrmLibTime: iotcl_continue_command finished! and return 0 
01-11 20:34:11.069   495   498 D DrmLibTime: before calling ioctl to read the next time_cmd
01-11 20:34:11.888  4473  4473 D KeyStoreFragment: Public Key is: android.security.keystore.AndroidKeyStoreRSAPublicKey@651f309d
01-11 20:34:11.893  4473  4473 D KeyStoreFragment: Counter = 68	Keys created
01-11 20:34:12.051  4473  4473 D KeyStoreFragment: Signature: c2H2NM+QQyzFHYM4XMj9ZkKBllTvS2pKW3ipX5n9pL5kpCoMVDz82uJ1Tax9a+KwggdYJzA98YYn
01-11 20:34:12.051  4473  4473 D KeyStoreFragment: nQJe1xD+2IN0A8M/5mufx9IuY3oR9+4qRdQTfM621Twq/PKGO/m1dRuV6GPBtr+LYS7/1Yn9csRT
01-11 20:34:12.051  4473  4473 D KeyStoreFragment: qdz+OmQ7QnqgvoJCtl39QQtvyKHRNXXnNNtXcX1wPxCO0fpirIXdPIFUVkJFQYocVgNmgwkxGRrh
01-11 20:34:12.051  4473  4473 D KeyStoreFragment: B6ex60dRViO6TNDza6wzq46tnBoMc3lBzjca0dc/PvpJoF5/K+4+y10coU3ipdnIQWhuRx3sTMp5
01-11 20:34:12.051  4473  4473 D KeyStoreFragment: fUPiU1atgWEe4XdGLE/aXiCNqyVZ1Y3Y+QcPTg==
01-11 20:34:12.121  4473  4473 D KeyStoreFragment: Data Signature Verified
01-11 20:34:12.130   709   709 I keystore: del USRPKEY_myKey 10066
01-11 20:34:12.148   709   709 I keystore: del USRSKEY_myKey 10066
01-11 20:34:12.151   709   709 I keystore: del USRCERT_myKey 10066
01-11 20:34:12.152   709   709 I keystore: del CACERT_myKey 10066
01-11 20:34:12.170   495   498 D DrmLibTime: got the req here! ret=0
01-11 20:34:12.170   495   498 D DrmLibTime: command id, time_cmd_id = 770
01-11 20:34:12.170   495   498 D DrmLibTime: time_getutcsec starts!
01-11 20:34:12.170   495   498 D DrmLibTime: QSEE Time Listener: time_getutcsec
01-11 20:34:12.170   495   498 D DrmLibTime: QSEE Time Listener: get_utc_seconds
01-11 20:34:12.170   495   498 D DrmLibTime: QSEE Time Listener: seconds: 1515702852
01-11 20:34:12.170   495   498 D DrmLibTime: QSEE Time Listener: nano seconds: 170734612
01-11 20:34:12.170   495   498 D DrmLibTime: time_getutcsec returns 0, sec = 1515702852; nsec = 170734612
01-11 20:34:12.170   495   498 D DrmLibTime: time_getutcsec finished! 
01-11 20:34:12.170   495   498 D DrmLibTime: iotcl_continue_command finished! and return 0 
01-11 20:34:12.170   495   498 D DrmLibTime: before calling ioctl to read the next time_cmd
01-11 20:34:13.511  4473  4473 D KeyStoreFragment: Public Key is: android.security.keystore.AndroidKeyStoreRSAPublicKey@5542f850
01-11 20:34:13.518  4473  4473 D KeyStoreFragment: Counter = 69	Keys created
01-11 20:34:13.667  4473  4473 D KeyStoreFragment: Signature: SFYNtCp/zjAyx4tQSY5eBw/RrZpYKwchH0cMXBP0EhUyd2/hj6mzhiuDqtMhVXThgQtSqh3Dw0Vy
01-11 20:34:13.667  4473  4473 D KeyStoreFragment: QW41fWlprQph0fosDMH8bBwQzxQ8i/luPfjkv9g8Pt2FrO5BKfSHV2rw5AxladJuX9rXeklRPBoE
01-11 20:34:13.667  4473  4473 D KeyStoreFragment: m5MAquHV7ykYrpIWenJJ8TvX9XdHfmiLYYgsp5TVh57USR8ECMV3mSwo06sTkhcY82+ZA+JUkX8y
01-11 20:34:13.667  4473  4473 D KeyStoreFragment: Jf9Pu/4vdsw1JVezsZHXCH48l5R+UXcD1FwWolkOWKicJwbq63tZaP8uc3NJnJyc2cMqJ3AytANn
01-11 20:34:13.667  4473  4473 D KeyStoreFragment: aU3zdSAWW2u2Y23QeU2/6MaonTTwJZQBaU0H2w==
01-11 20:34:13.718  4473  4473 D KeyStoreFragment: Data Signature Verified
01-11 20:34:13.727   709   709 I keystore: del USRPKEY_myKey 10066
01-11 20:34:13.746   709   709 I keystore: del USRSKEY_myKey 10066
01-11 20:34:13.748   709   709 I keystore: del USRCERT_myKey 10066
01-11 20:34:13.750   709   709 I keystore: del CACERT_myKey 10066
01-11 20:34:13.803   495   498 D DrmLibTime: got the req here! ret=0
01-11 20:34:13.803   495   498 D DrmLibTime: command id, time_cmd_id = 770
01-11 20:34:13.803   495   498 D DrmLibTime: time_getutcsec starts!
01-11 20:34:13.803   495   498 D DrmLibTime: QSEE Time Listener: time_getutcsec
01-11 20:34:13.803   495   498 D DrmLibTime: QSEE Time Listener: get_utc_seconds
01-11 20:34:13.803   495   498 D DrmLibTime: QSEE Time Listener: seconds: 1515702853
01-11 20:34:13.803   495   498 D DrmLibTime: QSEE Time Listener: nano seconds: 803286389
01-11 20:34:13.803   495   498 D DrmLibTime: time_getutcsec returns 0, sec = 1515702853; nsec = 803286389
01-11 20:34:13.803   495   498 D DrmLibTime: time_getutcsec finished! 
01-11 20:34:13.803   495   498 D DrmLibTime: iotcl_continue_command finished! and return 0 
01-11 20:34:13.803   495   498 D DrmLibTime: before calling ioctl to read the next time_cmd
01-11 20:34:15.647  4473  4473 D KeyStoreFragment: Public Key is: android.security.keystore.AndroidKeyStoreRSAPublicKey@b068070b
01-11 20:34:15.654  4473  4473 D KeyStoreFragment: Counter = 70	Keys created
01-11 20:34:15.879  4473  4473 D KeyStoreFragment: Signature: mGiEQefYRPv+3tWrNz0oYuYLRuQCNgs4a2/ro0XgBcY7Dxbgq8KSkFEQ6AjLrh78800HVk2kL7sP
01-11 20:34:15.879  4473  4473 D KeyStoreFragment: fhDjhv30hmuplVzPUkyzTC2ksGR1RgnFobPS8BpMPKcPP3u6IlWDe/N8lggStlK/jXoh78wCa4Sg
01-11 20:34:15.879  4473  4473 D KeyStoreFragment: xC6Cgh1wI7rsRVIwV/fnuneDDTMNknKoMdVBfrhkWhvJ/zOFL4qzm61QLdZkx7IfVVzYdm07PD/r
01-11 20:34:15.879  4473  4473 D KeyStoreFragment: Tao/ZS9rfhxZ0IsPsBszp2YpOFCS8l2zo6+m08oBQJBLS6NIxSQrICMPdHPkWAmfurgeRPBrR5jb
01-11 20:34:15.879  4473  4473 D KeyStoreFragment: AoTMidl7NU5sktIBdAOk4HIiBwfaFemsGSs7yg==
01-11 20:34:15.922  4473  4473 D KeyStoreFragment: Data Signature Verified
01-11 20:34:15.928   709   709 I keystore: del USRPKEY_myKey 10066
01-11 20:34:15.944   709   709 I keystore: del USRSKEY_myKey 10066
01-11 20:34:15.945   709   709 I keystore: del USRCERT_myKey 10066
01-11 20:34:15.945   709   709 I keystore: del CACERT_myKey 10066
01-11 20:34:16.035   495   498 D DrmLibTime: got the req here! ret=0
01-11 20:34:16.035   495   498 D DrmLibTime: command id, time_cmd_id = 770
01-11 20:34:16.035   495   498 D DrmLibTime: time_getutcsec starts!
01-11 20:34:16.035   495   498 D DrmLibTime: QSEE Time Listener: time_getutcsec
01-11 20:34:16.036   495   498 D DrmLibTime: QSEE Time Listener: get_utc_seconds
01-11 20:34:16.036   495   498 D DrmLibTime: QSEE Time Listener: seconds: 1515702856
01-11 20:34:16.036   495   498 D DrmLibTime: QSEE Time Listener: nano seconds: 36111091
01-11 20:34:16.036   495   498 D DrmLibTime: time_getutcsec returns 0, sec = 1515702856; nsec = 36111091
01-11 20:34:16.036   495   498 D DrmLibTime: time_getutcsec finished! 
01-11 20:34:16.036   495   498 D DrmLibTime: iotcl_continue_command finished! and return 0 
01-11 20:34:16.036   495   498 D DrmLibTime: before calling ioctl to read the next time_cmd
01-11 20:34:17.547  4473  4473 D KeyStoreFragment: Public Key is: android.security.keystore.AndroidKeyStoreRSAPublicKey@14406df9
01-11 20:34:17.552  4473  4473 D KeyStoreFragment: Counter = 71	Keys created
01-11 20:34:17.698  4473  4473 D KeyStoreFragment: Signature: fvFmd0YUewIHiDSKfIiilibuBCcdnX40pLA8YYJ6jQqYwbMDr1/ipRxfC1IWmNdsA5zoJBd8GTti
01-11 20:34:17.698  4473  4473 D KeyStoreFragment: myhfvCmLQ5pCwUeffkEjVCXcUJN2dEJUSV/tP8h4Gl3RBz9st5RuBAHYa8oA0vk4pUIBeFDkmwHW
01-11 20:34:17.698  4473  4473 D KeyStoreFragment: lEswGNmQSE3tynj0jQ+hLftILdKJ1w179EPA/hZxjuPb6c5MHYbtVpOtgN90Xf/7I3VqlfaiNalV
01-11 20:34:17.698  4473  4473 D KeyStoreFragment: rsGRSiUkcQl2a3RpzqlDg/VJCz3w7WzCV33nVBipXUvOWhYrhKPwQbIuYvhYahJFmJGJkZDX4EWX
01-11 20:34:17.698  4473  4473 D KeyStoreFragment: U6zOCEF3abvNcFmGFgKqzQoJoFA3D2vJRiGXbA==
01-11 20:34:17.755  4473  4473 D KeyStoreFragment: Data Signature Verified
01-11 20:34:17.764   709   709 I keystore: del USRPKEY_myKey 10066
01-11 20:34:17.788   709   709 I keystore: del USRSKEY_myKey 10066
01-11 20:34:17.789   709   709 I keystore: del USRCERT_myKey 10066
01-11 20:34:17.790   709   709 I keystore: del CACERT_myKey 10066
01-11 20:34:17.805   495   498 D DrmLibTime: got the req here! ret=0
01-11 20:34:17.805   495   498 D DrmLibTime: command id, time_cmd_id = 770
01-11 20:34:17.805   495   498 D DrmLibTime: time_getutcsec starts!
01-11 20:34:17.805   495   498 D DrmLibTime: QSEE Time Listener: time_getutcsec
01-11 20:34:17.805   495   498 D DrmLibTime: QSEE Time Listener: get_utc_seconds
01-11 20:34:17.805   495   498 D DrmLibTime: QSEE Time Listener: seconds: 1515702857
01-11 20:34:17.805   495   498 D DrmLibTime: QSEE Time Listener: nano seconds: 805285694
01-11 20:34:17.805   495   498 D DrmLibTime: time_getutcsec returns 0, sec = 1515702857; nsec = 805285694
01-11 20:34:17.805   495   498 D DrmLibTime: time_getutcsec finished! 
01-11 20:34:17.805   495   498 D DrmLibTime: iotcl_continue_command finished! and return 0 
01-11 20:34:17.805   495   498 D DrmLibTime: before calling ioctl to read the next time_cmd
01-11 20:34:19.509  4473  4473 D KeyStoreFragment: Public Key is: android.security.keystore.AndroidKeyStoreRSAPublicKey@ab4583b
01-11 20:34:19.514  4473  4473 D KeyStoreFragment: Counter = 72	Keys created
01-11 20:34:19.655  4473  4473 D KeyStoreFragment: Signature: DcDPc3sI7bsxid8bvAa/pqj51s8s5jQU6G7eICwQC9QPLGhO8iPjwJ3py8zrhBeNoU2EPLcnvlRx
01-11 20:34:19.655  4473  4473 D KeyStoreFragment: LbNad9NAGzD4BtAX0FHIrqJ6/mfrXYejdf0lRw1faARKLYXK5WAD05z1Uw+uvrlSK38dA7b7iAPE
01-11 20:34:19.655  4473  4473 D KeyStoreFragment: g+vXPyQ4EKHAwO8KUvtR74ksRwEeB5HbgOBKZR6ArARw2cEmORWNEkv/4oxx3u7Pv1c/jUrl2But
01-11 20:34:19.655  4473  4473 D KeyStoreFragment: 6CrWQdzLxAyBFvXB2tTs4B2DmEppnrthRMo+BmPvo9qP7hGFHGvwlfv36XBdPok50AI1Y3HjiQxu
01-11 20:34:19.655  4473  4473 D KeyStoreFragment: lCT90rHl1ji+aEAHdyO4JRDiKoPxuO15bl8MlQ==
01-11 20:34:19.709  4473  4473 D KeyStoreFragment: Data Signature Verified
01-11 20:34:19.716   709   709 I keystore: del USRPKEY_myKey 10066
01-11 20:34:19.734   709   709 I keystore: del USRSKEY_myKey 10066
01-11 20:34:19.735   709   709 I keystore: del USRCERT_myKey 10066
01-11 20:34:19.737   709   709 I keystore: del CACERT_myKey 10066
01-11 20:34:19.854   495   498 D DrmLibTime: got the req here! ret=0
01-11 20:34:19.855   495   498 D DrmLibTime: command id, time_cmd_id = 770
01-11 20:34:19.855   495   498 D DrmLibTime: time_getutcsec starts!
01-11 20:34:19.855   495   498 D DrmLibTime: QSEE Time Listener: time_getutcsec
01-11 20:34:19.855   495   498 D DrmLibTime: QSEE Time Listener: get_utc_seconds
01-11 20:34:19.855   495   498 D DrmLibTime: QSEE Time Listener: seconds: 1515702859
01-11 20:34:19.855   495   498 D DrmLibTime: QSEE Time Listener: nano seconds: 855508242
01-11 20:34:19.855   495   498 D DrmLibTime: time_getutcsec returns 0, sec = 1515702859; nsec = 855508242
01-11 20:34:19.855   495   498 D DrmLibTime: time_getutcsec finished! 
01-11 20:34:19.855   495   498 D DrmLibTime: iotcl_continue_command finished! and return 0 
01-11 20:34:19.856   495   498 D DrmLibTime: before calling ioctl to read the next time_cmd
01-11 20:34:21.554  4473  4473 D KeyStoreFragment: Public Key is: android.security.keystore.AndroidKeyStoreRSAPublicKey@3a50ddd
01-11 20:34:21.559  4473  4473 D KeyStoreFragment: Counter = 73	Keys created
01-11 20:34:21.708  4473  4473 D KeyStoreFragment: Signature: HTU33BO7Dr4Vc6FNhtp3hUU5vUDcA/LEiPanP81e8Sy2KKxepUZcQL0tM8cNxPG0AM+1umGsm7YX
01-11 20:34:21.708  4473  4473 D KeyStoreFragment: 3mxb8yborb8KQmMsn9MrR3Y4JNBnJmzSs+W9J5gTkZrzzyi1nFvpm8nKiHcHfj77swHR/sGEaiy1
01-11 20:34:21.708  4473  4473 D KeyStoreFragment: FALsUv5FnQWYW6oXCzNR7YeH4+lBj0SSIGGFf0ckht2VZmBMh4GaICm8vLfFezRvaDOgHnJKF3lG
01-11 20:34:21.708  4473  4473 D KeyStoreFragment: yUqj5VAQZHqJBjkBUFZXhmPu3zQ2IQB/Ql2OVy3xlCimnnMmf68Ars4qwncR3eWc5fhDMFld14FC
01-11 20:34:21.708  4473  4473 D KeyStoreFragment: hGx7xkXOWUcY1dlTNTXh568lJJ56ea27MnJjbg==
01-11 20:34:21.772  4473  4473 D KeyStoreFragment: Data Signature Verified
01-11 20:34:21.780   709   709 I keystore: del USRPKEY_myKey 10066
01-11 20:34:21.803   709   709 I keystore: del USRSKEY_myKey 10066
01-11 20:34:21.804   709   709 I keystore: del USRCERT_myKey 10066
01-11 20:34:21.807   709   709 I keystore: del CACERT_myKey 10066
01-11 20:34:21.819   495   498 D DrmLibTime: got the req here! ret=0
01-11 20:34:21.819   495   498 D DrmLibTime: command id, time_cmd_id = 770
01-11 20:34:21.819   495   498 D DrmLibTime: time_getutcsec starts!
01-11 20:34:21.819   495   498 D DrmLibTime: QSEE Time Listener: time_getutcsec
01-11 20:34:21.819   495   498 D DrmLibTime: QSEE Time Listener: get_utc_seconds
01-11 20:34:21.819   495   498 D DrmLibTime: QSEE Time Listener: seconds: 1515702861
01-11 20:34:21.819   495   498 D DrmLibTime: QSEE Time Listener: nano seconds: 819271146
01-11 20:34:21.819   495   498 D DrmLibTime: time_getutcsec returns 0, sec = 1515702861; nsec = 819271146
01-11 20:34:21.819   495   498 D DrmLibTime: time_getutcsec finished! 
01-11 20:34:21.819   495   498 D DrmLibTime: iotcl_continue_command finished! and return 0 
01-11 20:34:21.819   495   498 D DrmLibTime: before calling ioctl to read the next time_cmd
01-11 20:34:22.502  4473  4473 D KeyStoreFragment: Public Key is: android.security.keystore.AndroidKeyStoreRSAPublicKey@c2affe0
01-11 20:34:22.510  4473  4473 D KeyStoreFragment: Counter = 74	Keys created
01-11 20:34:22.667  4473  4473 D KeyStoreFragment: Signature: ZSigzik6/3UtjNn5PhHQIHJrrzRlG0JmwSxFRt4zExSWJi1iS+LOWP7ImtZpyQ1cJxysONWijR0Q
01-11 20:34:22.667  4473  4473 D KeyStoreFragment: E4FGE4VXDDozuyYqnzH8vFzDomj0Up0lB3Uv3a4/LWivA5ymo5KcBW0P2LXmEpaKrpjQoUdAT7pG
01-11 20:34:22.667  4473  4473 D KeyStoreFragment: mmOvPJDEMUnLX2BF891diBZBVGtpsZYkbi3ZoAzzWhefLQI8pL/3gJabhd0g/muTPgbFZgApJsAB
01-11 20:34:22.667  4473  4473 D KeyStoreFragment: WVZVBf3+V9zL9SI/U4/Hck0U1/STFRp8Ky/KAb9RuYMfzBhi78ZquKB8aC9Ha9HqtKgmrp5rR8gh
01-11 20:34:22.667  4473  4473 D KeyStoreFragment: v6FoMi6vrzhBJUx/S8zyWQMLS2LmPGZHcVITKg==
01-11 20:34:22.729  4473  4473 D KeyStoreFragment: Data Signature Verified
01-11 20:34:22.739   709   709 I keystore: del USRPKEY_myKey 10066
01-11 20:34:22.759   709   709 I keystore: del USRSKEY_myKey 10066
01-11 20:34:22.760   709   709 I keystore: del USRCERT_myKey 10066
01-11 20:34:22.763   709   709 I keystore: del CACERT_myKey 10066
01-11 20:34:22.777   495   498 D DrmLibTime: got the req here! ret=0
01-11 20:34:22.777   495   498 D DrmLibTime: command id, time_cmd_id = 770
01-11 20:34:22.777   495   498 D DrmLibTime: time_getutcsec starts!
01-11 20:34:22.777   495   498 D DrmLibTime: QSEE Time Listener: time_getutcsec
01-11 20:34:22.777   495   498 D DrmLibTime: QSEE Time Listener: get_utc_seconds
01-11 20:34:22.777   495   498 D DrmLibTime: QSEE Time Listener: seconds: 1515702862
01-11 20:34:22.777   495   498 D DrmLibTime: QSEE Time Listener: nano seconds: 777396241
01-11 20:34:22.777   495   498 D DrmLibTime: time_getutcsec returns 0, sec = 1515702862; nsec = 777396241
01-11 20:34:22.777   495   498 D DrmLibTime: time_getutcsec finished! 
01-11 20:34:22.777   495   498 D DrmLibTime: iotcl_continue_command finished! and return 0 
01-11 20:34:22.777   495   498 D DrmLibTime: before calling ioctl to read the next time_cmd
01-11 20:34:24.187  4473  4473 D KeyStoreFragment: Public Key is: android.security.keystore.AndroidKeyStoreRSAPublicKey@96f92020
01-11 20:34:24.195  4473  4473 D KeyStoreFragment: Counter = 75	Keys created
01-11 20:34:24.355  4473  4473 D KeyStoreFragment: Signature: JsVH9eMreimDd3XhR1HX1NioAUyCT1BMT9gvw7KmWqNf7lGP3p3SzF3LidHAk5zoivfw+c8koRk8
01-11 20:34:24.355  4473  4473 D KeyStoreFragment: N4bkdZDquj65LwhCo2tDSLedB46fxReM1MAYneifwcs8TEVGsr4/Rzn618s/Dz2WLhlMhHmSD2qu
01-11 20:34:24.355  4473  4473 D KeyStoreFragment: 11LSRroEjnx511DyV+LWzfS09DrtfIQ3mXldgkej5Ci0KOshfdrC7RHsYPQK2DK/hoJSxXKWMmF5
01-11 20:34:24.355  4473  4473 D KeyStoreFragment: dVdR6TIaTYaKvnGdl8fWSrgWleYwvE1cxBrKqSnCn6qkR1F51Gus49NIzNEEhB/X8hZVX8Bw7x17
01-11 20:34:24.355  4473  4473 D KeyStoreFragment: kmw1Y9SoJUCrB11rlXA2pJ522w0H5Iq7VEyA9g==
01-11 20:34:24.426  4473  4473 D KeyStoreFragment: Data Signature Verified
01-11 20:34:24.434   709   709 I keystore: del USRPKEY_myKey 10066
01-11 20:34:24.452   709   709 I keystore: del USRSKEY_myKey 10066
01-11 20:34:24.454   709   709 I keystore: del USRCERT_myKey 10066
01-11 20:34:24.456   709   709 I keystore: del CACERT_myKey 10066
01-11 20:34:24.498   495   498 D DrmLibTime: got the req here! ret=0
01-11 20:34:24.498   495   498 D DrmLibTime: command id, time_cmd_id = 770
01-11 20:34:24.499   495   498 D DrmLibTime: time_getutcsec starts!
01-11 20:34:24.499   495   498 D DrmLibTime: QSEE Time Listener: time_getutcsec
01-11 20:34:24.499   495   498 D DrmLibTime: QSEE Time Listener: get_utc_seconds
01-11 20:34:24.499   495   498 D DrmLibTime: QSEE Time Listener: seconds: 1515702864
01-11 20:34:24.499   495   498 D DrmLibTime: QSEE Time Listener: nano seconds: 499247975
01-11 20:34:24.499   495   498 D DrmLibTime: time_getutcsec returns 0, sec = 1515702864; nsec = 499247975
01-11 20:34:24.499   495   498 D DrmLibTime: time_getutcsec finished! 
01-11 20:34:24.499   495   498 D DrmLibTime: iotcl_continue_command finished! and return 0 
01-11 20:34:24.499   495   498 D DrmLibTime: before calling ioctl to read the next time_cmd
01-11 20:34:25.356  4473  4473 D KeyStoreFragment: Public Key is: android.security.keystore.AndroidKeyStoreRSAPublicKey@5f0bcd86
01-11 20:34:25.365  4473  4473 D KeyStoreFragment: Counter = 76	Keys created
01-11 20:34:25.519  4473  4473 D KeyStoreFragment: Signature: lZ+SwpucGAazkFCR3Nf/WzsDc1MmW/Zvy+6KxisDkt0a8S9Vcrd72SAwWVBaqQKJ8gIkuv6bnrki
01-11 20:34:25.519  4473  4473 D KeyStoreFragment: 4Uqzf40/27ze0zs9CAug5721Zj/numzj7/OORzNFW5Q8L5EZANt14LciL7KnDTFMo1yoZWwUO/yu
01-11 20:34:25.519  4473  4473 D KeyStoreFragment: uY8EcWQTDh/XixmZTEl/blzjb/VTht2P2jaE0uVa+c0j/VxifXn571fv9GxinEtGQRSBl+yAE6y2
01-11 20:34:25.519  4473  4473 D KeyStoreFragment: /pOerFNQvEvqSZ5h6vrwGgHqfB4yDNXM5sGmEqQ0xawxgbGChsQPD1wERjiPOSxhg24PGQZE2KeI
01-11 20:34:25.519  4473  4473 D KeyStoreFragment: wAXwiY+SG1aUldzB9FQgZ/dLXouH/OCJ7ycJLg==
01-11 20:34:25.574  4473  4473 D KeyStoreFragment: Data Signature Verified
01-11 20:34:25.586   709   709 I keystore: del USRPKEY_myKey 10066
01-11 20:34:25.608   709   709 I keystore: del USRSKEY_myKey 10066
01-11 20:34:25.609   709   709 I keystore: del USRCERT_myKey 10066
01-11 20:34:25.611   709   709 I keystore: del CACERT_myKey 10066
01-11 20:34:25.721   495   498 D DrmLibTime: got the req here! ret=0
01-11 20:34:25.721   495   498 D DrmLibTime: command id, time_cmd_id = 770
01-11 20:34:25.721   495   498 D DrmLibTime: time_getutcsec starts!
01-11 20:34:25.721   495   498 D DrmLibTime: QSEE Time Listener: time_getutcsec
01-11 20:34:25.721   495   498 D DrmLibTime: QSEE Time Listener: get_utc_seconds
01-11 20:34:25.721   495   498 D DrmLibTime: QSEE Time Listener: seconds: 1515702865
01-11 20:34:25.721   495   498 D DrmLibTime: QSEE Time Listener: nano seconds: 721731014
01-11 20:34:25.721   495   498 D DrmLibTime: time_getutcsec returns 0, sec = 1515702865; nsec = 721731014
01-11 20:34:25.721   495   498 D DrmLibTime: time_getutcsec finished! 
01-11 20:34:25.722   495   498 D DrmLibTime: iotcl_continue_command finished! and return 0 
01-11 20:34:25.722   495   498 D DrmLibTime: before calling ioctl to read the next time_cmd
01-11 20:34:26.979  4473  4473 D KeyStoreFragment: Public Key is: android.security.keystore.AndroidKeyStoreRSAPublicKey@a27b6d36
01-11 20:34:26.986  4473  4473 D KeyStoreFragment: Counter = 77	Keys created
01-11 20:34:27.138  4473  4473 D KeyStoreFragment: Signature: eX2x5kJ/DHhnNDFKfzMG//dGSKtpLh0bCYxBjS/6tt2frviDickOUCTrINGkS9nyFqXrdRbF3RuJ
01-11 20:34:27.138  4473  4473 D KeyStoreFragment: mNbF7O+tQnwyoO6aF8vf4OhpJ8Eo2G9o6RR8CjpMlap8931UimsqmqvDfV+wmgI4xfaeuTh0c89g
01-11 20:34:27.138  4473  4473 D KeyStoreFragment: 30IEkSMp4r05KKyarfYdjh8AAefC0ZYcXw6jo4J+JqeEunapwNinOep2yW90Q5PGU8ANCO4WdTdI
01-11 20:34:27.138  4473  4473 D KeyStoreFragment: ens8xpDVHesq6gSDEu1ZyNkakp5zFUzbzEWHNpkZcBZU2gn9QhdX05zN85WX3YwqOM336ZsC+T/y
01-11 20:34:27.138  4473  4473 D KeyStoreFragment: 4bQg1SnZ0t8LWZ9087c30kqj0XDrElP2pwVjQg==
01-11 20:34:27.194  4473  4473 D KeyStoreFragment: Data Signature Verified
01-11 20:34:27.202   709   709 I keystore: del USRPKEY_myKey 10066
01-11 20:34:27.220   709   709 I keystore: del USRSKEY_myKey 10066
01-11 20:34:27.221   709   709 I keystore: del USRCERT_myKey 10066
01-11 20:34:27.222   709   709 I keystore: del CACERT_myKey 10066
01-11 20:34:27.243   495   498 D DrmLibTime: got the req here! ret=0
01-11 20:34:27.243   495   498 D DrmLibTime: command id, time_cmd_id = 770
01-11 20:34:27.243   495   498 D DrmLibTime: time_getutcsec starts!
01-11 20:34:27.243   495   498 D DrmLibTime: QSEE Time Listener: time_getutcsec
01-11 20:34:27.243   495   498 D DrmLibTime: QSEE Time Listener: get_utc_seconds
01-11 20:34:27.243   495   498 D DrmLibTime: QSEE Time Listener: seconds: 1515702867
01-11 20:34:27.243   495   498 D DrmLibTime: QSEE Time Listener: nano seconds: 243828040
01-11 20:34:27.243   495   498 D DrmLibTime: time_getutcsec returns 0, sec = 1515702867; nsec = 243828040
01-11 20:34:27.243   495   498 D DrmLibTime: time_getutcsec finished! 
01-11 20:34:27.243   495   498 D DrmLibTime: iotcl_continue_command finished! and return 0 
01-11 20:34:27.243   495   498 D DrmLibTime: before calling ioctl to read the next time_cmd
01-11 20:34:28.533  4473  4473 D KeyStoreFragment: Public Key is: android.security.keystore.AndroidKeyStoreRSAPublicKey@8f0eb4ac
01-11 20:34:28.542  4473  4473 D KeyStoreFragment: Counter = 78	Keys created
01-11 20:34:28.686  4473  4473 D KeyStoreFragment: Signature: G3upMouDA1g3CeBFs7fqEFLfjBs0Y0kF1qM/cJ4silMovtqkRX/F0B1d0EwhYVGkb1NikQ3xVc/f
01-11 20:34:28.686  4473  4473 D KeyStoreFragment: IIjxi4t1fK+to1sFZ5DaYQ3N7IBO7qX4LyrXGy6DmvuIIgdUO6W63ULeWH/pa2ggeHMi7tAClVLC
01-11 20:34:28.686  4473  4473 D KeyStoreFragment: gXgg6FRy3RNiLITFIgZqs7TNxw3Ot3eV2Ia78VsQs+26pePh62PKojz0TdGCqARynOBFooyp3hU7
01-11 20:34:28.686  4473  4473 D KeyStoreFragment: UKiheM87ivVHZQYl5gkxlU/5N92XSBddSoE7yEJBViNLcGHJLC6tNYNVImg81VE4xNGyYY+LUY6z
01-11 20:34:28.686  4473  4473 D KeyStoreFragment: CwLFZlSkflAyWJ2d/q12WR5e1DBSexS4yITr+A==
01-11 20:34:28.745  4473  4473 D KeyStoreFragment: Data Signature Verified
01-11 20:34:28.752   709   709 I keystore: del USRPKEY_myKey 10066
01-11 20:34:28.770   709   709 I keystore: del USRSKEY_myKey 10066
01-11 20:34:28.771   709   709 I keystore: del USRCERT_myKey 10066
01-11 20:34:28.773   709   709 I keystore: del CACERT_myKey 10066
01-11 20:34:28.867   495   498 D DrmLibTime: got the req here! ret=0
01-11 20:34:28.867   495   498 D DrmLibTime: command id, time_cmd_id = 770
01-11 20:34:28.867   495   498 D DrmLibTime: time_getutcsec starts!
01-11 20:34:28.867   495   498 D DrmLibTime: QSEE Time Listener: time_getutcsec
01-11 20:34:28.867   495   498 D DrmLibTime: QSEE Time Listener: get_utc_seconds
01-11 20:34:28.867   495   498 D DrmLibTime: QSEE Time Listener: seconds: 1515702868
01-11 20:34:28.867   495   498 D DrmLibTime: QSEE Time Listener: nano seconds: 867684452
01-11 20:34:28.867   495   498 D DrmLibTime: time_getutcsec returns 0, sec = 1515702868; nsec = 867684452
01-11 20:34:28.867   495   498 D DrmLibTime: time_getutcsec finished! 
01-11 20:34:28.868   495   498 D DrmLibTime: iotcl_continue_command finished! and return 0 
01-11 20:34:28.868   495   498 D DrmLibTime: before calling ioctl to read the next time_cmd
01-11 20:34:30.895  4473  4473 D KeyStoreFragment: Public Key is: android.security.keystore.AndroidKeyStoreRSAPublicKey@dcc7b2f1
01-11 20:34:30.898  4473  4473 D KeyStoreFragment: Counter = 79	Keys created
01-11 20:34:31.029  4473  4473 D KeyStoreFragment: Signature: nKS6Mr22IWrR1qFZYfEFfc9aoeAZKOM9gXwxoOKVF24oFQfkV/P/nplPT7I6XH6TxgZCY4GDQqwT
01-11 20:34:31.029  4473  4473 D KeyStoreFragment: bNlx13Nt54LOIKQ+wxOi6Pn2MKJMhd08SZc5n1NvMlfV2iKE14n+k4bjb0NZkHfSg3NeoqEWFtIk
01-11 20:34:31.029  4473  4473 D KeyStoreFragment: 4C5zHAcTxl9Rvbo2iGZXRGdD1du6yaJON2SFtWU3LJGAvw5GJ708KGSoUEwyLAQGqQPTJBHRI7Ed
01-11 20:34:31.029  4473  4473 D KeyStoreFragment: maQEhyjKX8mrGYXUB29fhzK7Piw9KMLmctGfftZGJziSAbLrCv6dprqV7qZYhfnkNz6PwBXQpx9u
01-11 20:34:31.029  4473  4473 D KeyStoreFragment: R14Zgj0+OjYXhF5+QZh2PvD1gooEUfJ/MOLO1g==
01-11 20:34:31.058  4473  4473 D KeyStoreFragment: Data Signature Verified
01-11 20:34:31.064   709   709 I keystore: del USRPKEY_myKey 10066
01-11 20:34:31.084   709   709 I keystore: del USRSKEY_myKey 10066
01-11 20:34:31.084   709   709 I keystore: del USRCERT_myKey 10066
01-11 20:34:31.085   709   709 I keystore: del CACERT_myKey 10066
01-11 20:34:31.094   495   498 D DrmLibTime: got the req here! ret=0
01-11 20:34:31.094   495   498 D DrmLibTime: command id, time_cmd_id = 770
01-11 20:34:31.094   495   498 D DrmLibTime: time_getutcsec starts!
01-11 20:34:31.095   495   498 D DrmLibTime: QSEE Time Listener: time_getutcsec
01-11 20:34:31.095   495   498 D DrmLibTime: QSEE Time Listener: get_utc_seconds
01-11 20:34:31.095   495   498 D DrmLibTime: QSEE Time Listener: seconds: 1515702871
01-11 20:34:31.095   495   498 D DrmLibTime: QSEE Time Listener: nano seconds: 95050247
01-11 20:34:31.095   495   498 D DrmLibTime: time_getutcsec returns 0, sec = 1515702871; nsec = 95050247
01-11 20:34:31.095   495   498 D DrmLibTime: time_getutcsec finished! 
01-11 20:34:31.095   495   498 D DrmLibTime: iotcl_continue_command finished! and return 0 
01-11 20:34:31.095   495   498 D DrmLibTime: before calling ioctl to read the next time_cmd
01-11 20:34:33.999  4473  4473 D KeyStoreFragment: Public Key is: android.security.keystore.AndroidKeyStoreRSAPublicKey@dfb8a97a
01-11 20:34:34.007  4473  4473 D KeyStoreFragment: Counter = 80	Keys created
01-11 20:34:34.236  4473  4473 D KeyStoreFragment: Signature: Nc9y1zFrR7vF9FC94IemDj/o5HMTpj+RWxKYQb8Fj8/kFOvJRIvEiVyZ127EOe6KtXveDFL97I+A
01-11 20:34:34.236  4473  4473 D KeyStoreFragment: Oj5JpvjMEj525+X8zEgBJp/125ox9w3D7axViwz9dwyBUbDr8X8mg22DeE0rlBc3rZXMuh4PHbNj
01-11 20:34:34.236  4473  4473 D KeyStoreFragment: GF1rQhSty6OZkJ3bXNDBnK96pGXWYq+8WO8bn3sn0aeXRBBJyvmXoktPw9+tPv2weqa9XhtduRQN
01-11 20:34:34.236  4473  4473 D KeyStoreFragment: YzHPVo9GAOyNlD+qsj8VkT7fdGeg6nWBNg7XlJhA8YuDLMuY62FTEjIPkaBBfNIWyMcJ4lH4llto
01-11 20:34:34.236  4473  4473 D KeyStoreFragment: kOwe5lO4PkrsPH/JM9YX/+egBVdRGmB1NKHy0g==
01-11 20:34:34.282  4473  4473 D KeyStoreFragment: Data Signature Verified
01-11 20:34:34.292   709   709 I keystore: del USRPKEY_myKey 10066
01-11 20:34:34.311   709   709 I keystore: del USRSKEY_myKey 10066
01-11 20:34:34.313   709   709 I keystore: del USRCERT_myKey 10066
01-11 20:34:34.316   709   709 I keystore: del CACERT_myKey 10066
01-11 20:34:34.418   495   498 D DrmLibTime: got the req here! ret=0
01-11 20:34:34.418   495   498 D DrmLibTime: command id, time_cmd_id = 770
01-11 20:34:34.418   495   498 D DrmLibTime: time_getutcsec starts!
01-11 20:34:34.418   495   498 D DrmLibTime: QSEE Time Listener: time_getutcsec
01-11 20:34:34.418   495   498 D DrmLibTime: QSEE Time Listener: get_utc_seconds
01-11 20:34:34.418   495   498 D DrmLibTime: QSEE Time Listener: seconds: 1515702874
01-11 20:34:34.418   495   498 D DrmLibTime: QSEE Time Listener: nano seconds: 418718755
01-11 20:34:34.418   495   498 D DrmLibTime: time_getutcsec returns 0, sec = 1515702874; nsec = 418718755
01-11 20:34:34.418   495   498 D DrmLibTime: time_getutcsec finished! 
01-11 20:34:34.419   495   498 D DrmLibTime: iotcl_continue_command finished! and return 0 
01-11 20:34:34.419   495   498 D DrmLibTime: before calling ioctl to read the next time_cmd
01-11 20:34:35.810  4473  4473 D KeyStoreFragment: Public Key is: android.security.keystore.AndroidKeyStoreRSAPublicKey@69120514
01-11 20:34:35.819  4473  4473 D KeyStoreFragment: Counter = 81	Keys created
01-11 20:34:36.008  4473  4473 D KeyStoreFragment: Signature: eNSKcGVO3pl0d9l4xDR2NMiDwidfg14IF3Iwf5SwAJpA+DINqeiBldndkbfCBWeYl3yn+Uvh1+Km
01-11 20:34:36.008  4473  4473 D KeyStoreFragment: 1kD8dAZI/zgx15wjSeTQMSw3hQbPKViQj3FGphsR3yOn7Pu9Q6qtnRpm1bqHgsxm/Rb6ahKzNT7+
01-11 20:34:36.008  4473  4473 D KeyStoreFragment: syh5Y47vFGGoEiplRSE0sc7wWn46am4fBCEW3uP9kiTCuLkwdCT/THuaFppQtf3cAJP2mS4ZyMRh
01-11 20:34:36.008  4473  4473 D KeyStoreFragment: Vhsel1IeYiSBxI4GPi/ofxHRoUyPoYbKxYBO6NxsTyu9f5xgqRrvD/Q9LARRlBYJVX9jX//cdGBv
01-11 20:34:36.008  4473  4473 D KeyStoreFragment: 91mjutOf446bFHvzZ4jl+1Vb5zqyIaBmrcTe4w==
01-11 20:34:36.066  4473  4473 D KeyStoreFragment: Data Signature Verified
01-11 20:34:36.072   709   709 I keystore: del USRPKEY_myKey 10066
01-11 20:34:36.088   709   709 I keystore: del USRSKEY_myKey 10066
01-11 20:34:36.089   709   709 I keystore: del USRCERT_myKey 10066
01-11 20:34:36.091   709   709 I keystore: del CACERT_myKey 10066
01-11 20:34:36.104   495   498 D DrmLibTime: got the req here! ret=0
01-11 20:34:36.104   495   498 D DrmLibTime: command id, time_cmd_id = 770
01-11 20:34:36.104   495   498 D DrmLibTime: time_getutcsec starts!
01-11 20:34:36.104   495   498 D DrmLibTime: QSEE Time Listener: time_getutcsec
01-11 20:34:36.104   495   498 D DrmLibTime: QSEE Time Listener: get_utc_seconds
01-11 20:34:36.104   495   498 D DrmLibTime: QSEE Time Listener: seconds: 1515702876
01-11 20:34:36.104   495   498 D DrmLibTime: QSEE Time Listener: nano seconds: 104642881
01-11 20:34:36.104   495   498 D DrmLibTime: time_getutcsec returns 0, sec = 1515702876; nsec = 104642881
01-11 20:34:36.104   495   498 D DrmLibTime: time_getutcsec finished! 
01-11 20:34:36.104   495   498 D DrmLibTime: iotcl_continue_command finished! and return 0 
01-11 20:34:36.104   495   498 D DrmLibTime: before calling ioctl to read the next time_cmd
01-11 20:34:37.674  4473  4473 D KeyStoreFragment: Public Key is: android.security.keystore.AndroidKeyStoreRSAPublicKey@fd6e20db
01-11 20:34:37.681  4473  4473 D KeyStoreFragment: Counter = 82	Keys created
01-11 20:34:37.849  4473  4473 D KeyStoreFragment: Signature: iEsq/Dx4eHHNVZeG2PPElKkMytK3JWTI/siliqso2/xQntCKJmaTweI9K3T2Oq28UmeGXbN37h3W
01-11 20:34:37.849  4473  4473 D KeyStoreFragment: bJDARRzGUU1OsQh1t15vGmXWVzLRy97oRBoGq0kxsnq+gx71EDN8idPeddY2WVi1LnHAsGfy0Q4X
01-11 20:34:37.849  4473  4473 D KeyStoreFragment: rho1chinjUSybdE3wdAEb/BuIGWQcefIyY2dT0yOEHZ99m9yDYbXHiPgyKFd+xD5Z/BiBHQzgEv9
01-11 20:34:37.849  4473  4473 D KeyStoreFragment: PolxynBznBCxWx9pKSzrTW4vpsAgzan9Ia1KawWD+nuTNnbU0bqJLFLA0gjpcBC5mgshiBEWBJHz
01-11 20:34:37.849  4473  4473 D KeyStoreFragment: 6yF6FQL2llx8FIh2HfnG9lULttyvNb9isxAevA==
01-11 20:34:37.913  4473  4473 D KeyStoreFragment: Data Signature Verified
01-11 20:34:37.922   709   709 I keystore: del USRPKEY_myKey 10066
01-11 20:34:37.954   709   709 I keystore: del USRSKEY_myKey 10066
01-11 20:34:37.955   709   709 I keystore: del USRCERT_myKey 10066
01-11 20:34:37.957   709   709 I keystore: del CACERT_myKey 10066
01-11 20:34:37.967   495   498 D DrmLibTime: got the req here! ret=0
01-11 20:34:37.967   495   498 D DrmLibTime: command id, time_cmd_id = 770
01-11 20:34:37.967   495   498 D DrmLibTime: time_getutcsec starts!
01-11 20:34:37.968   495   498 D DrmLibTime: QSEE Time Listener: time_getutcsec
01-11 20:34:37.968   495   498 D DrmLibTime: QSEE Time Listener: get_utc_seconds
01-11 20:34:37.968   495   498 D DrmLibTime: QSEE Time Listener: seconds: 1515702877
01-11 20:34:37.968   495   498 D DrmLibTime: QSEE Time Listener: nano seconds: 968056244
01-11 20:34:37.968   495   498 D DrmLibTime: time_getutcsec returns 0, sec = 1515702877; nsec = 968056244
01-11 20:34:37.968   495   498 D DrmLibTime: time_getutcsec finished! 
01-11 20:34:37.968   495   498 D DrmLibTime: iotcl_continue_command finished! and return 0 
01-11 20:34:37.968   495   498 D DrmLibTime: before calling ioctl to read the next time_cmd
01-11 20:34:38.799  4473  4473 D KeyStoreFragment: Public Key is: android.security.keystore.AndroidKeyStoreRSAPublicKey@5a75f1bd
01-11 20:34:38.809  4473  4473 D KeyStoreFragment: Counter = 83	Keys created
01-11 20:34:38.976  4473  4473 D KeyStoreFragment: Signature: iiWfmDb0jLoyRZWjqlm1mZHoyQSH+1yDPwfu3awU247xgZMDXDlCCge1qMEH1Pwn1lPOeLaKmnmT
01-11 20:34:38.976  4473  4473 D KeyStoreFragment: QKlinX9DemU6uakN4YHbnARoVZUqnfARzfwaOjSVJ5tCvPnmXQdV9VziTp54Jc0PHWvTN+n//VhZ
01-11 20:34:38.976  4473  4473 D KeyStoreFragment: CdCIxpUowtDa5SaqOL3SUEwmiWSSId+emgXNZv+dT7FKc2MlSQQXNOf9oHTyXlomyofbRAm7/OFL
01-11 20:34:38.976  4473  4473 D KeyStoreFragment: n+YXHag07+92rFIoX+9JF5taEIiftZlLdxinCc7vZCEz23VtMoQc9AauIEEfGDyQWLoaSpdb6mpT
01-11 20:34:38.976  4473  4473 D KeyStoreFragment: BG8oQpfA+gfPOUYYUKo6GuIm3dCnMzwrmsO2EA==
01-11 20:34:39.014  4473  4473 D KeyStoreFragment: Data Signature Verified
01-11 20:34:39.019   709   709 I keystore: del USRPKEY_myKey 10066
01-11 20:34:39.093   709   709 I keystore: del USRSKEY_myKey 10066
01-11 20:34:39.094   709   709 I keystore: del USRCERT_myKey 10066
01-11 20:34:39.096   709   709 I keystore: del CACERT_myKey 10066
01-11 20:34:39.111   495   498 D DrmLibTime: got the req here! ret=0
01-11 20:34:39.111   495   498 D DrmLibTime: command id, time_cmd_id = 770
01-11 20:34:39.111   495   498 D DrmLibTime: time_getutcsec starts!
01-11 20:34:39.111   495   498 D DrmLibTime: QSEE Time Listener: time_getutcsec
01-11 20:34:39.111   495   498 D DrmLibTime: QSEE Time Listener: get_utc_seconds
01-11 20:34:39.111   495   498 D DrmLibTime: QSEE Time Listener: seconds: 1515702879
01-11 20:34:39.111   495   498 D DrmLibTime: QSEE Time Listener: nano seconds: 111784535
01-11 20:34:39.111   495   498 D DrmLibTime: time_getutcsec returns 0, sec = 1515702879; nsec = 111784535
01-11 20:34:39.111   495   498 D DrmLibTime: time_getutcsec finished! 
01-11 20:34:39.111   495   498 D DrmLibTime: iotcl_continue_command finished! and return 0 
01-11 20:34:39.111   495   498 D DrmLibTime: before calling ioctl to read the next time_cmd
01-11 20:34:40.979  4473  4473 D KeyStoreFragment: Public Key is: android.security.keystore.AndroidKeyStoreRSAPublicKey@78553f6b
01-11 20:34:40.987  4473  4473 D KeyStoreFragment: Counter = 84	Keys created
01-11 20:34:41.208  4473  4473 D KeyStoreFragment: Signature: HEaAU9QKNp7fmK4DdqH4ruJj01nj01gQ+bjGFp+dCjJjOV7VZO/vR0RdsUNZ2OPsejLxRVZjmCgZ
01-11 20:34:41.208  4473  4473 D KeyStoreFragment: shdoxTJf+QbzWYHd0+jRJ7U7GE6n3GCsBJGBOtXWQAv6Y9RmAXeuEk0fkO8YR0jx/YEgKHRRiGG0
01-11 20:34:41.208  4473  4473 D KeyStoreFragment: 2VVN6q/YDMmJ/ZDUMXnWVIhvGDe+8W4jH101xXYgJ1LdiW7exL3ZjWA/mZH9kRmefpQzqHCWZCij
01-11 20:34:41.208  4473  4473 D KeyStoreFragment: SlVBVHO3ULpUhk3SKcPYQtMpD8RyAcG9x6aiYhylw3hpIUbfcVup7IlKvPleMi4kSKkpLZbIAHYp
01-11 20:34:41.208  4473  4473 D KeyStoreFragment: CoD/bCAUBQE66NwThvoa/W83AMqkzTb0GKv6ZA==
01-11 20:34:41.248  4473  4473 D KeyStoreFragment: Data Signature Verified
01-11 20:34:41.253   709   709 I keystore: del USRPKEY_myKey 10066
01-11 20:34:41.276   709   709 I keystore: del USRSKEY_myKey 10066
01-11 20:34:41.277   709   709 I keystore: del USRCERT_myKey 10066
01-11 20:34:41.279   709   709 I keystore: del CACERT_myKey 10066
01-11 20:34:41.373   495   498 D DrmLibTime: got the req here! ret=0
01-11 20:34:41.373   495   498 D DrmLibTime: command id, time_cmd_id = 770
01-11 20:34:41.373   495   498 D DrmLibTime: time_getutcsec starts!
01-11 20:34:41.373   495   498 D DrmLibTime: QSEE Time Listener: time_getutcsec
01-11 20:34:41.373   495   498 D DrmLibTime: QSEE Time Listener: get_utc_seconds
01-11 20:34:41.373   495   498 D DrmLibTime: QSEE Time Listener: seconds: 1515702881
01-11 20:34:41.373   495   498 D DrmLibTime: QSEE Time Listener: nano seconds: 373884813
01-11 20:34:41.374   495   498 D DrmLibTime: time_getutcsec returns 0, sec = 1515702881; nsec = 373884813
01-11 20:34:41.374   495   498 D DrmLibTime: time_getutcsec finished! 
01-11 20:34:41.374   495   498 D DrmLibTime: iotcl_continue_command finished! and return 0 
01-11 20:34:41.374   495   498 D DrmLibTime: before calling ioctl to read the next time_cmd
01-11 20:34:44.943  4473  4473 D KeyStoreFragment: Public Key is: android.security.keystore.AndroidKeyStoreRSAPublicKey@6a65e625
01-11 20:34:44.952  4473  4473 D KeyStoreFragment: Counter = 85	Keys created
01-11 20:34:45.179  4473  4473 D KeyStoreFragment: Signature: fMma4Obm+Vk6WCS9oj8Jnx8MNfx1gp8fK/WzGtaZkDLfc8UOGYD5DJu7GO2ltpOQoBlKMi/laeE9
01-11 20:34:45.179  4473  4473 D KeyStoreFragment: MaQg6fBgkrHtaPX8Rq0AipwhwV+K0T8gr69xjhmPqx42wLOailrFOlWuO3cZAdBCG4cLqBGzwTXg
01-11 20:34:45.179  4473  4473 D KeyStoreFragment: ElMW6MeA06ocfYGVxSwLsMJapJZBCxA/D/AJ1PozXA6Ai/yXuTJ7d2IjKOuj9oqXDNv5uVrdQm09
01-11 20:34:45.179  4473  4473 D KeyStoreFragment: yN/X+o/1p/+6DrNHRxhHQ7I6hkIm161GtPNRIxlL6rSXtwnRdo/E2rnsL5g3iJ/KLlb5mLAhFebh
01-11 20:34:45.179  4473  4473 D KeyStoreFragment: C9u0FMzcid4DxBiiP+y+b45KBsNjq/yIxZpM4w==
01-11 20:34:45.237  4473  4473 D KeyStoreFragment: Data Signature Verified
01-11 20:34:45.245   709   709 I keystore: del USRPKEY_myKey 10066
01-11 20:34:45.264   709   709 I keystore: del USRSKEY_myKey 10066
01-11 20:34:45.266   709   709 I keystore: del USRCERT_myKey 10066
01-11 20:34:45.269   709   709 I keystore: del CACERT_myKey 10066
01-11 20:34:45.371   495   498 D DrmLibTime: got the req here! ret=0
01-11 20:34:45.371   495   498 D DrmLibTime: command id, time_cmd_id = 770
01-11 20:34:45.371   495   498 D DrmLibTime: time_getutcsec starts!
01-11 20:34:45.371   495   498 D DrmLibTime: QSEE Time Listener: time_getutcsec
01-11 20:34:45.371   495   498 D DrmLibTime: QSEE Time Listener: get_utc_seconds
01-11 20:34:45.372   495   498 D DrmLibTime: QSEE Time Listener: seconds: 1515702885
01-11 20:34:45.372   495   498 D DrmLibTime: QSEE Time Listener: nano seconds: 371992398
01-11 20:34:45.372   495   498 D DrmLibTime: time_getutcsec returns 0, sec = 1515702885; nsec = 371992398
01-11 20:34:45.372   495   498 D DrmLibTime: time_getutcsec finished! 
01-11 20:34:45.372   495   498 D DrmLibTime: iotcl_continue_command finished! and return 0 
01-11 20:34:45.372   495   498 D DrmLibTime: before calling ioctl to read the next time_cmd
01-11 20:34:46.295  4473  4473 D KeyStoreFragment: Public Key is: android.security.keystore.AndroidKeyStoreRSAPublicKey@925d9185
01-11 20:34:46.300  4473  4473 D KeyStoreFragment: Counter = 86	Keys created
01-11 20:34:46.444  4473  4473 D KeyStoreFragment: Signature: uJfjzQczl+q1FxNEeEVHALEuNCM6ifzccV7N6js07dIWz/6IGSxq1o627CD51gEBwVf3AS31crf1
01-11 20:34:46.444  4473  4473 D KeyStoreFragment: O48zBNWvqQ9OqVp0xCPR7aZmqSSJbw9+eDkp5U8PAA2C130ZqFAzHrKNtmiFvLBE1yXeA/uvDrWN
01-11 20:34:46.444  4473  4473 D KeyStoreFragment: 5jpmnE/5FCK/zp77ZvGQfCX1EYczaaT4yoEDnrpkjtLHSm3MN/MoRBZ47YUiaGM5xEmzesKnF7N/
01-11 20:34:46.444  4473  4473 D KeyStoreFragment: q6HB2Ubztlr8rfPtXPNV5IWJs7oXO2VHWleJncrl7mlHUqW1F9gwsAhxik9UTaVqSxDnD60/RRwv
01-11 20:34:46.444  4473  4473 D KeyStoreFragment: MltFmhLwwdTvpreF6eK5K/XiKdbJ0BJ/RTyfJg==
01-11 20:34:46.487  4473  4473 D KeyStoreFragment: Data Signature Verified
01-11 20:34:46.494   709   709 I keystore: del USRPKEY_myKey 10066
01-11 20:34:46.513   709   709 I keystore: del USRSKEY_myKey 10066
01-11 20:34:46.513   709   709 I keystore: del USRCERT_myKey 10066
01-11 20:34:46.515   709   709 I keystore: del CACERT_myKey 10066
01-11 20:34:46.565   495   498 D DrmLibTime: got the req here! ret=0
01-11 20:34:46.565   495   498 D DrmLibTime: command id, time_cmd_id = 770
01-11 20:34:46.566   495   498 D DrmLibTime: time_getutcsec starts!
01-11 20:34:46.566   495   498 D DrmLibTime: QSEE Time Listener: time_getutcsec
01-11 20:34:46.566   495   498 D DrmLibTime: QSEE Time Listener: get_utc_seconds
01-11 20:34:46.566   495   498 D DrmLibTime: QSEE Time Listener: seconds: 1515702886
01-11 20:34:46.566   495   498 D DrmLibTime: QSEE Time Listener: nano seconds: 566240121
01-11 20:34:46.566   495   498 D DrmLibTime: time_getutcsec returns 0, sec = 1515702886; nsec = 566240121
01-11 20:34:46.566   495   498 D DrmLibTime: time_getutcsec finished! 
01-11 20:34:46.566   495   498 D DrmLibTime: iotcl_continue_command finished! and return 0 
01-11 20:34:46.566   495   498 D DrmLibTime: before calling ioctl to read the next time_cmd
01-11 20:34:48.835  4473  4473 D KeyStoreFragment: Public Key is: android.security.keystore.AndroidKeyStoreRSAPublicKey@c1d095b9
01-11 20:34:48.838  4473  4473 D KeyStoreFragment: Counter = 87	Keys created
01-11 20:34:48.981  4473  4473 D KeyStoreFragment: Signature: MI1s/CCH4c8b6RRhbOu9SSPYsZ9rtY5x7cgZWvPTPRYSfrJ0fIS9hwD+3TKXTGQ6+C0hdVn8p3Qj
01-11 20:34:48.981  4473  4473 D KeyStoreFragment: hkw5YOMvEjQsFqYdmYwx1Rux4qDLuZ9FNH9LXCCaKFVicGwX/i6X38lyTo/hdXTsmBsEVIKKTtIU
01-11 20:34:48.981  4473  4473 D KeyStoreFragment: vWvK3RgiHxy/B9IeEJpVmq+NSa+rLY9VFWady9YmTXt8Kr8xjpHtDOkCD7i6feHBEEaB03EV404k
01-11 20:34:48.981  4473  4473 D KeyStoreFragment: P1fMHbtC3ChzpwzoqcSuj5NkZc5WlplfJQ2rlnC9X3RhpFc0j8bwHCSGLPDQs8iajkwA6462V55J
01-11 20:34:48.981  4473  4473 D KeyStoreFragment: W0G15zflw71yawmdu0wtqIISNgfzj2sQ6RDb8Q==
01-11 20:34:49.040  4473  4473 D KeyStoreFragment: Data Signature Verified
01-11 20:34:49.049   709   709 I keystore: del USRPKEY_myKey 10066
01-11 20:34:49.067   709   709 I keystore: del USRSKEY_myKey 10066
01-11 20:34:49.067   709   709 I keystore: del USRCERT_myKey 10066
01-11 20:34:49.069   709   709 I keystore: del CACERT_myKey 10066
01-11 20:34:49.078   495   498 D DrmLibTime: got the req here! ret=0
01-11 20:34:49.078   495   498 D DrmLibTime: command id, time_cmd_id = 770
01-11 20:34:49.078   495   498 D DrmLibTime: time_getutcsec starts!
01-11 20:34:49.078   495   498 D DrmLibTime: QSEE Time Listener: time_getutcsec
01-11 20:34:49.078   495   498 D DrmLibTime: QSEE Time Listener: get_utc_seconds
01-11 20:34:49.078   495   498 D DrmLibTime: QSEE Time Listener: seconds: 1515702889
01-11 20:34:49.078   495   498 D DrmLibTime: QSEE Time Listener: nano seconds: 78353653
01-11 20:34:49.078   495   498 D DrmLibTime: time_getutcsec returns 0, sec = 1515702889; nsec = 78353653
