01-11 20:38:57.873   495   498 D DrmLibTime: command id, time_cmd_id = 770
01-11 20:38:57.873   495   498 D DrmLibTime: time_getutcsec starts!
01-11 20:38:57.874   495   498 D DrmLibTime: QSEE Time Listener: time_getutcsec
01-11 20:38:57.874   495   498 D DrmLibTime: QSEE Time Listener: get_utc_seconds
01-11 20:38:57.874   495   498 D DrmLibTime: QSEE Time Listener: seconds: 1515703137
01-11 20:38:57.874   495   498 D DrmLibTime: QSEE Time Listener: nano seconds: 874226146
01-11 20:38:57.875   495   498 D DrmLibTime: time_getutcsec returns 0, sec = 1515703137; nsec = 874226146
01-11 20:38:57.875   495   498 D DrmLibTime: time_getutcsec finished! 
01-11 20:38:57.875   495   498 D DrmLibTime: iotcl_continue_command finished! and return 0 
01-11 20:38:57.876   495   498 D DrmLibTime: before calling ioctl to read the next time_cmd
01-11 20:38:57.953   943   987 I DisplayPowerController: Blocking screen off
01-11 20:38:57.956   943   987 I DisplayPowerController: Unblocked screen off after 2 ms
01-11 20:38:57.990   943   985 I DisplayManagerService: Display device changed state: "Built-in Screen", OFF
01-11 20:38:57.990   506   506 D SurfaceFlinger: Set power mode=0, type=0 flinger=0x7d7705e000
01-11 20:38:57.994   943  1166 I InputReader: Reconfiguring input devices.  changes=0x00000004
01-11 20:38:58.000   508   565 I SDM     : DisplayBase::SetDisplayState: Set state = 0, display 0
01-11 20:38:58.197   943   958 I zygote64: NativeAlloc concurrent copying GC freed 6081(629KB) AllocSpace objects, 0(0B) LOS objects, 42% free, 6MB/11MB, paused 289us total 141.115ms
01-11 20:38:58.460   943   978 W ActivityManager: Activity pause timeout for ActivityRecord{88cb31a u0 com.example.android.basicandroidkeystore/.MainActivity t53}
01-11 20:38:58.490  4473  4473 D KeyStoreFragment: Public Key is: android.security.keystore.AndroidKeyStoreRSAPublicKey@7a3eb9c6
01-11 20:38:58.492  4473  4473 D KeyStoreFragment: Counter = 4	Keys created
01-11 20:38:58.638  4473  4473 D KeyStoreFragment: Signature: jfQ2sV8H2/lZ4kd9cGvMpgnH7A0MqNPvtXX9vES1aLAqboq6Y42MqVBR95mCrIBCbhobE8kQxYYo
01-11 20:38:58.638  4473  4473 D KeyStoreFragment: sgflT9E1ujdTZRhpLdqJQrTRff+r7XPzQ+st6w1WVgMN2SubiYFxJU2Aw84bRSpz/Bh/+H/bDlwC
01-11 20:38:58.638  4473  4473 D KeyStoreFragment: lxw47cqKlH1DwuMuMHhZ4LlqnSpAWBNZm5vh1dVZzmeajY98uRov5RPyBhVDfIXrOXuqORAyuD7/
01-11 20:38:58.638  4473  4473 D KeyStoreFragment: IpFsYe3dnmG7aMOiFBO9XUaY6flP8yVn19+9hpGLHjB2pS2BakGbslOgR212i4NDMQg7/BRCfSCg
01-11 20:38:58.638  4473  4473 D KeyStoreFragment: dnkg+yrSkTOhvKwPOsy53yZC7wiukihCGbhaKg==
01-11 20:38:58.677  4473  4473 D KeyStoreFragment: Data Signature Verified
01-11 20:38:58.681   709   709 I keystore: del USRPKEY_myKey 10066
01-11 20:38:58.699   709   709 I keystore: del USRSKEY_myKey 10066
01-11 20:38:58.700   709   709 I keystore: del USRCERT_myKey 10066
01-11 20:38:58.702   709   709 I keystore: del CACERT_myKey 10066
01-11 20:38:58.711   495   498 D DrmLibTime: got the req here! ret=0
01-11 20:38:58.711   495   498 D DrmLibTime: command id, time_cmd_id = 770
01-11 20:38:58.711   495   498 D DrmLibTime: time_getutcsec starts!
01-11 20:38:58.711   495   498 D DrmLibTime: QSEE Time Listener: time_getutcsec
01-11 20:38:58.711   495   498 D DrmLibTime: QSEE Time Listener: get_utc_seconds
01-11 20:38:58.711   495   498 D DrmLibTime: QSEE Time Listener: seconds: 1515703138
01-11 20:38:58.711   495   498 D DrmLibTime: QSEE Time Listener: nano seconds: 711690865
01-11 20:38:58.711   495   498 D DrmLibTime: time_getutcsec returns 0, sec = 1515703138; nsec = 711690865
01-11 20:38:58.711   495   498 D DrmLibTime: time_getutcsec finished! 
01-11 20:38:58.711   495   498 D DrmLibTime: iotcl_continue_command finished! and return 0 
01-11 20:38:58.711   495   498 D DrmLibTime: before calling ioctl to read the next time_cmd
01-11 20:38:59.847  4473  4473 D KeyStoreFragment: Public Key is: android.security.keystore.AndroidKeyStoreRSAPublicKey@44044e8
01-11 20:38:59.850  4473  4473 D KeyStoreFragment: Counter = 5	Keys created
01-11 20:39:00.011  4473  4473 D KeyStoreFragment: Signature: eAdLSL2WEr4SF7JCoqBDZ+mikVLSKIbs40ofDi5Cnk37xySbcRnK0BTsHNtpFnGi2YR9RWtMYcfS
01-11 20:39:00.011  4473  4473 D KeyStoreFragment: DK0BYwtl3X6xXgf1+1HsBq0fDqWFI4xXJ8zHtBaYCG/oQyT1E2Z3OiaV9R82wVBtdcVuXfHTvdGW
01-11 20:39:00.011  4473  4473 D KeyStoreFragment: ra6XhGY5F4J1LCxHnm4alRNJ7sFykj0lJoKWJJzE68V/6cEqILRjsr8LdzhZqVdRasDBCg6VrHHk
01-11 20:39:00.011  4473  4473 D KeyStoreFragment: 7fMj+3EX24kS680fBLn9TFn9xvmFdRkSdxIzyQNOy2mzOLK4C+OFwZGSXf81iilMRKNJQVocLUe+
01-11 20:39:00.011  4473  4473 D KeyStoreFragment: UQBHGNJwptLMJkamVvtflFmfXUlrSskdH5RcGg==
01-11 20:39:00.051  4473  4473 D KeyStoreFragment: Data Signature Verified
01-11 20:39:00.055   709   709 I keystore: del USRPKEY_myKey 10066
01-11 20:39:00.072   709   709 I keystore: del USRSKEY_myKey 10066
01-11 20:39:00.073   709   709 I keystore: del USRCERT_myKey 10066
01-11 20:39:00.074   709   709 I keystore: del CACERT_myKey 10066
01-11 20:39:00.173   495   498 D DrmLibTime: got the req here! ret=0
01-11 20:39:00.174   495   498 D DrmLibTime: command id, time_cmd_id = 770
01-11 20:39:00.174   495   498 D DrmLibTime: time_getutcsec starts!
01-11 20:39:00.174   495   498 D DrmLibTime: QSEE Time Listener: time_getutcsec
01-11 20:39:00.174   495   498 D DrmLibTime: QSEE Time Listener: get_utc_seconds
01-11 20:39:00.174   495   498 D DrmLibTime: QSEE Time Listener: seconds: 1515703140
01-11 20:39:00.174   495   498 D DrmLibTime: QSEE Time Listener: nano seconds: 174387365
01-11 20:39:00.174   495   498 D DrmLibTime: time_getutcsec returns 0, sec = 1515703140; nsec = 174387365
01-11 20:39:00.174   495   498 D DrmLibTime: time_getutcsec finished! 
01-11 20:39:00.174   495   498 D DrmLibTime: iotcl_continue_command finished! and return 0 
01-11 20:39:00.174   495   498 D DrmLibTime: before calling ioctl to read the next time_cmd
01-11 20:39:02.364  4473  4473 D KeyStoreFragment: Public Key is: android.security.keystore.AndroidKeyStoreRSAPublicKey@3b33bb59
01-11 20:39:02.368  4473  4473 D KeyStoreFragment: Counter = 6	Keys created
01-11 20:39:02.487  1250  1250 D StatusBar: disable<e i a s b h r c s q >
01-11 20:39:02.492  1250  1250 D StatusBar: disable<e i a s b h r c s q >
01-11 20:39:02.514  4473  4473 D KeyStoreFragment: Signature: U3fMeEwIFtymqD7EJ/568IfdaJeadMW4FWEVYelVXGBjhlKcuFze3q6fMY9xwp8Q1naVdl6mRsua
01-11 20:39:02.514  4473  4473 D KeyStoreFragment: qMwRKjeUD/j5ZNpAhJJl5LhguqtpM6QEvIyXdgUTidsn1aLq/Kx+nL8SK2BkO6HpCsnsedfLeCPm
01-11 20:39:02.514  4473  4473 D KeyStoreFragment: Q9A+d2FVY8Lw2aJmJnhQj4mmW/4VewnNd+fI1IAHnMPA7ASoPvKgx3gR2MKAx4TBtlOC6fOoAPBH
01-11 20:39:02.514  4473  4473 D KeyStoreFragment: 7t7m6031/GntVKY6cVtksoEA8PrBMVIhM0yCICgWZrGikLLUHZIVIcoAQjR3d+Eu4LP19hyAvckd
01-11 20:39:02.514  4473  4473 D KeyStoreFragment: BfqWcBFzHFUhP3SKgA1GhaeOjCQNV5Ez0UWI5w==
01-11 20:39:02.552  4473  4473 D KeyStoreFragment: Data Signature Verified
01-11 20:39:02.554   709   709 I keystore: del USRPKEY_myKey 10066
01-11 20:39:02.572   709   709 I keystore: del USRSKEY_myKey 10066
01-11 20:39:02.573   709   709 I keystore: del USRCERT_myKey 10066
01-11 20:39:02.574   709   709 I keystore: del CACERT_myKey 10066
01-11 20:39:02.593   495   498 D DrmLibTime: got the req here! ret=0
01-11 20:39:02.593   495   498 D DrmLibTime: command id, time_cmd_id = 770
01-11 20:39:02.593   495   498 D DrmLibTime: time_getutcsec starts!
01-11 20:39:02.594   495   498 D DrmLibTime: QSEE Time Listener: time_getutcsec
01-11 20:39:02.594   495   498 D DrmLibTime: QSEE Time Listener: get_utc_seconds
01-11 20:39:02.594   495   498 D DrmLibTime: QSEE Time Listener: seconds: 1515703142
01-11 20:39:02.594   495   498 D DrmLibTime: QSEE Time Listener: nano seconds: 594059116
01-11 20:39:02.594   495   498 D DrmLibTime: time_getutcsec returns 0, sec = 1515703142; nsec = 594059116
01-11 20:39:02.594   495   498 D DrmLibTime: time_getutcsec finished! 
01-11 20:39:02.594   495   498 D DrmLibTime: iotcl_continue_command finished! and return 0 
01-11 20:39:02.594   495   498 D DrmLibTime: before calling ioctl to read the next time_cmd
01-11 20:39:02.956   943   978 W ActivityManager: Sleep timeout!  Sleeping now.
01-11 20:39:03.480   506   533 W SurfaceFlinger: setTransactionState timed out waiting for previous animation frame
01-11 20:39:03.669  4473  4473 D KeyStoreFragment: Public Key is: android.security.keystore.AndroidKeyStoreRSAPublicKey@139c19bd
01-11 20:39:03.672  4473  4473 D KeyStoreFragment: Counter = 7	Keys created
01-11 20:39:03.804  4473  4473 D KeyStoreFragment: Signature: oMpiNZmWb1KHPj3BAEr5k+hMqNuygeqm9V6Fqn+B2NXY1noS6VVSUQgHyGf/77TXWDRLs2P8RgzL
01-11 20:39:03.804  4473  4473 D KeyStoreFragment: 0HJC4mS2fFzPZpVP9Wj4bQOCSnKTPbKltEuyT0bGSa5Hl/L4i4x7RIJQmvFExtjpyVzd8iat9n0g
01-11 20:39:03.804  4473  4473 D KeyStoreFragment: LZ1azm28TEW/fCxm7xqQs61PLfu4AY0XSY7pm2XaYfbBTfw8XiuaVEkQs2yk+Uj+M1HhwhCwZTqR
01-11 20:39:03.804  4473  4473 D KeyStoreFragment: fgyC2JXsLLccEXf/W3gp9ec9VePWFhuABFj6ayw94mSE88DKDGhuKHVFHBH/z0ayLMQgzKp6K681
01-11 20:39:03.804  4473  4473 D KeyStoreFragment: y5SZJEFhW+lbIhXpA0RiJ/N3TCZFjaQTzMkQ2Q==
01-11 20:39:03.826  4473  4473 D KeyStoreFragment: Data Signature Verified
01-11 20:39:03.828   709   709 I keystore: del USRPKEY_myKey 10066
01-11 20:39:03.844   709   709 I keystore: del USRSKEY_myKey 10066
01-11 20:39:03.844   709   709 I keystore: del USRCERT_myKey 10066
01-11 20:39:03.844   709   709 I keystore: del CACERT_myKey 10066
01-11 20:39:03.852   495   498 D DrmLibTime: got the req here! ret=0
01-11 20:39:03.852   495   498 D DrmLibTime: command id, time_cmd_id = 770
01-11 20:39:03.852   495   498 D DrmLibTime: time_getutcsec starts!
01-11 20:39:03.852   495   498 D DrmLibTime: QSEE Time Listener: time_getutcsec
01-11 20:39:03.852   495   498 D DrmLibTime: QSEE Time Listener: get_utc_seconds
01-11 20:39:03.852   495   498 D DrmLibTime: QSEE Time Listener: seconds: 1515703143
01-11 20:39:03.852   495   498 D DrmLibTime: QSEE Time Listener: nano seconds: 852278669
01-11 20:39:03.852   495   498 D DrmLibTime: time_getutcsec returns 0, sec = 1515703143; nsec = 852278669
01-11 20:39:03.852   495   498 D DrmLibTime: time_getutcsec finished! 
01-11 20:39:03.852   495   498 D DrmLibTime: iotcl_continue_command finished! and return 0 
01-11 20:39:03.852   495   498 D DrmLibTime: before calling ioctl to read the next time_cmd
01-11 20:39:04.743  4473  4473 D KeyStoreFragment: Public Key is: android.security.keystore.AndroidKeyStoreRSAPublicKey@9d3271c7
01-11 20:39:04.745  4473  4473 D KeyStoreFragment: Counter = 8	Keys created
01-11 20:39:04.913  4473  4473 D KeyStoreFragment: Signature: oFIChfXMlx+OIHqoG7LlQcJzSa8ZQU9x7uI196WQd2uy9Kahp50fW9V6vQFf/DzQ6GQUalGz3Z9f
01-11 20:39:04.913  4473  4473 D KeyStoreFragment: +IlNcmmve4eRuAqxKQEkCsAPBR4XxO6EDTS3/s7aP22X0FgQYjxoxO5HtlNYZW8TDv7qbormcbrl
01-11 20:39:04.913  4473  4473 D KeyStoreFragment: MQ9/Cwasr52CRv7n16JGJlm/UfzAxWcmzchBXWmxGGIfRZD6Bh727FLw6/JFdEgGS4FdehaqEXa9
01-11 20:39:04.913  4473  4473 D KeyStoreFragment: wyFYqm1UkkaRZRoHnKTXuN0TLc+A2S4f0RnEZ/CT7YRNUrsAf91zq0+/CLiscvhA/h+oxzXBFKFk
01-11 20:39:04.913  4473  4473 D KeyStoreFragment: YJIwhXcE2+7iLDt4k9skcjSicjEyzJ5hyxmJyw==
01-11 20:39:04.971  4473  4473 D KeyStoreFragment: Data Signature Verified
01-11 20:39:04.977   709   709 I keystore: del USRPKEY_myKey 10066
01-11 20:39:04.995   709   709 I keystore: del USRSKEY_myKey 10066
01-11 20:39:04.995   709   709 I keystore: del USRCERT_myKey 10066
01-11 20:39:04.997   709   709 I keystore: del CACERT_myKey 10066
01-11 20:39:05.006   495   498 D DrmLibTime: got the req here! ret=0
01-11 20:39:05.006   495   498 D DrmLibTime: command id, time_cmd_id = 770
01-11 20:39:05.006   495   498 D DrmLibTime: time_getutcsec starts!
01-11 20:39:05.006   495   498 D DrmLibTime: QSEE Time Listener: time_getutcsec
01-11 20:39:05.006   495   498 D DrmLibTime: QSEE Time Listener: get_utc_seconds
01-11 20:39:05.006   495   498 D DrmLibTime: QSEE Time Listener: seconds: 1515703145
01-11 20:39:05.006   495   498 D DrmLibTime: QSEE Time Listener: nano seconds: 6324825
01-11 20:39:05.006   495   498 D DrmLibTime: time_getutcsec returns 0, sec = 1515703145; nsec = 6324825
01-11 20:39:05.006   495   498 D DrmLibTime: time_getutcsec finished! 
01-11 20:39:05.006   495   498 D DrmLibTime: iotcl_continue_command finished! and return 0 
01-11 20:39:05.006   495   498 D DrmLibTime: before calling ioctl to read the next time_cmd
01-11 20:39:06.685  4473  4473 D KeyStoreFragment: Public Key is: android.security.keystore.AndroidKeyStoreRSAPublicKey@9b53c851
01-11 20:39:06.691  4473  4473 D KeyStoreFragment: Counter = 9	Keys created
01-11 20:39:06.854  4473  4473 D KeyStoreFragment: Signature: SjYtuZGlVmXuTMse932JXw9KgQ55IUW7RJ+yILgd4dejWYXWNLYTHksVOPrqS+jUTWlK/Pz5cB/L
01-11 20:39:06.854  4473  4473 D KeyStoreFragment: 3Vq4A3dWC+af0FStWsHNsIPym8xH39CYaE5dC7DVLhi+/PPAVidPeda6KiIcIqXSyJ8ZeuedhI4O
01-11 20:39:06.854  4473  4473 D KeyStoreFragment: 9smystNE1gT3yttiTlyHj1EUQUgwczPEgETKQrR8z6pcyIQdxH0nHomUitfudleC3lXNiSqvr/AA
01-11 20:39:06.854  4473  4473 D KeyStoreFragment: 0LF7lZmqurAFv5l9Bh8Qf+CmFFWBiTfhtSLpRK7OxUuVDCDkVt4zQ8TVZe+8Skohsv7n7XPVmQj/
01-11 20:39:06.854  4473  4473 D KeyStoreFragment: KTpIuXzs2fD7CA3hpfkjw6yiMKalWMu3hk8nYA==
01-11 20:39:06.916  4473  4473 D KeyStoreFragment: Data Signature Verified
01-11 20:39:06.925   709   709 I keystore: del USRPKEY_myKey 10066
01-11 20:39:06.943   709   709 I keystore: del USRSKEY_myKey 10066
01-11 20:39:06.944   709   709 I keystore: del USRCERT_myKey 10066
01-11 20:39:06.946   709   709 I keystore: del CACERT_myKey 10066
01-11 20:39:07.011   495   498 D DrmLibTime: got the req here! ret=0
01-11 20:39:07.011   495   498 D DrmLibTime: command id, time_cmd_id = 770
01-11 20:39:07.011   495   498 D DrmLibTime: time_getutcsec starts!
01-11 20:39:07.011   495   498 D DrmLibTime: QSEE Time Listener: time_getutcsec
01-11 20:39:07.011   495   498 D DrmLibTime: QSEE Time Listener: get_utc_seconds
01-11 20:39:07.011   495   498 D DrmLibTime: QSEE Time Listener: seconds: 1515703147
01-11 20:39:07.011   495   498 D DrmLibTime: QSEE Time Listener: nano seconds: 11743775
01-11 20:39:07.011   495   498 D DrmLibTime: time_getutcsec returns 0, sec = 1515703147; nsec = 11743775
01-11 20:39:07.012   495   498 D DrmLibTime: time_getutcsec finished! 
01-11 20:39:07.012   495   498 D DrmLibTime: iotcl_continue_command finished! and return 0 
01-11 20:39:07.012   495   498 D DrmLibTime: before calling ioctl to read the next time_cmd
01-11 20:39:07.530   506  1153 W SurfaceFlinger: setTransactionState timed out!
01-11 20:39:07.543   943   985 W zygote64: Long monitor contention with owner Binder:943_4 (1285) at int com.android.server.wm.WindowManagerService.relayoutWindow(com.android.server.wm.Session, android.view.IWindow, int, android.view.WindowManager$LayoutParams, int, int, int, int, android.graphics.Rect, android.graphics.Rect, android.graphics.Rect, android.graphics.Rect, android.graphics.Rect, android.graphics.Rect, android.graphics.Rect, android.util.MergedConfiguration, android.view.Surface)(WindowManagerService.java:1930) waiters=0 in void com.android.server.wm.WindowManagerService$H.handleMessage(android.os.Message) for 5.019s
01-11 20:39:07.547   943   978 W zygote64: Long monitor contention with owner Binder:943_4 (1285) at int com.android.server.wm.WindowManagerService.relayoutWindow(com.android.server.wm.Session, android.view.IWindow, int, android.view.WindowManager$LayoutParams, int, int, int, int, android.graphics.Rect, android.graphics.Rect, android.graphics.Rect, android.graphics.Rect, android.graphics.Rect, android.graphics.Rect, android.graphics.Rect, android.util.MergedConfiguration, android.view.Surface)(WindowManagerService.java:1930) waiters=1 in boolean com.android.server.wm.WindowManagerService.containsShowWhenLockedWindow(android.os.IBinder) for 4.591s
01-11 20:39:07.557   943   985 W WindowManager: Window freeze timeout expired.
01-11 20:39:07.557   943   985 W WindowManager: Force clearing orientation change: Window{8cc3d69 u0 StatusBar}
01-11 20:39:07.560  1250  1250 D StatusBar: disable<e i a s b H!R!c s q >
01-11 20:39:07.595  1250  1250 I Choreographer: Skipped 302 frames!  The application may be doing too much work on its main thread.
01-11 20:39:08.465   943   978 W ActivityManager: Activity stop timeout for ActivityRecord{88cb31a u0 com.example.android.basicandroidkeystore/.MainActivity t53}
01-11 20:39:08.481   506   533 W SurfaceFlinger: setTransactionState timed out!
01-11 20:39:08.490   943  1128 I Choreographer: Skipped 599 frames!  The application may be doing too much work on its main thread.
01-11 20:39:08.751  1250  1250 I Choreographer: Skipped 65 frames!  The application may be doing too much work on its main thread.
01-11 20:39:08.985  4473  4473 D KeyStoreFragment: Public Key is: android.security.keystore.AndroidKeyStoreRSAPublicKey@9418feb5
01-11 20:39:08.990  4473  4473 D KeyStoreFragment: Counter = 10	Keys created
01-11 20:39:09.140  4473  4473 D KeyStoreFragment: Signature: J0d/ojxW0YiZOVyz5Go5suFc6hDgk4FjVvM9H5DwYWHTf+N9VAZxWTmjs5UZ+SmHg9iZMSkaSkss
01-11 20:39:09.140  4473  4473 D KeyStoreFragment: PgiFzTMjHdABx5+T6CvT1ntOeCXk+g5rdeG53zins8F1r5c8Hw0ReJklYNZAjme+uMF34zCKZmA9
01-11 20:39:09.140  4473  4473 D KeyStoreFragment: covE1ppXgBdOzvJD8E7wNFw/KIYTOlo2pOFyZRXX5xvrrwTwREMCR6hxGIaoE+tul5tPZ6GpnAxY
01-11 20:39:09.140  4473  4473 D KeyStoreFragment: JdzXaGEhX86jyL98KLzGoZo2xP/qwQfjf0fQznBAkYoJtwt4mvqS5a44qEq/hHfy59hOyYRoZLsb
01-11 20:39:09.140  4473  4473 D KeyStoreFragment: +vOieHGM/lnDG9ZDzS5Oul17rUAfIw4paWjjhQ==
01-11 20:39:09.205  4473  4473 D KeyStoreFragment: Data Signature Verified
01-11 20:39:09.211   709   709 I keystore: del USRPKEY_myKey 10066
01-11 20:39:09.230   709   709 I keystore: del USRSKEY_myKey 10066
01-11 20:39:09.230   709   709 I keystore: del USRCERT_myKey 10066
01-11 20:39:09.232   709   709 I keystore: del CACERT_myKey 10066
01-11 20:39:09.242   495   498 D DrmLibTime: got the req here! ret=0
01-11 20:39:09.243   495   498 D DrmLibTime: command id, time_cmd_id = 770
01-11 20:39:09.243   495   498 D DrmLibTime: time_getutcsec starts!
01-11 20:39:09.243   495   498 D DrmLibTime: QSEE Time Listener: time_getutcsec
01-11 20:39:09.243   495   498 D DrmLibTime: QSEE Time Listener: get_utc_seconds
01-11 20:39:09.243   495   498 D DrmLibTime: QSEE Time Listener: seconds: 1515703149
01-11 20:39:09.243   495   498 D DrmLibTime: QSEE Time Listener: nano seconds: 243161185
01-11 20:39:09.243   495   498 D DrmLibTime: time_getutcsec returns 0, sec = 1515703149; nsec = 243161185
01-11 20:39:09.243   495   498 D DrmLibTime: time_getutcsec finished! 
01-11 20:39:09.243   495   498 D DrmLibTime: iotcl_continue_command finished! and return 0 
01-11 20:39:09.243   495   498 D DrmLibTime: before calling ioctl to read the next time_cmd
01-11 20:39:10.230  4473  4473 D KeyStoreFragment: Public Key is: android.security.keystore.AndroidKeyStoreRSAPublicKey@b7abb596
01-11 20:39:10.232  4473  4473 D KeyStoreFragment: Counter = 11	Keys created
01-11 20:39:10.422  4473  4473 D KeyStoreFragment: Signature: I1F08zXXBLf7CJZ45Yg3YXrfCLpQFlkq/8sugBsZZ30OKvK0P6iyUqOG6urEGdm1E9eV4cmuu6+j
01-11 20:39:10.422  4473  4473 D KeyStoreFragment: H0LfO+8lLbMy03MtrptoNSKu10sB2c+NLqeX2/VDIpu3xxbbJKPRhDVIGIyOnNW5gERmfNxxBKTu
01-11 20:39:10.422  4473  4473 D KeyStoreFragment: 1E4WSaWbjh60F/d/nKRT2KZo+TQilERevdyIL78xzKsT75AzjMQFf7534JX2d87QPbiiH8WUa2gM
01-11 20:39:10.422  4473  4473 D KeyStoreFragment: j7vyOa0z39AdO7Uvhx1ai1OXOcUgRnMgYsAcRqK9ImMqf9Q70XP0hS6BxEbr3Ot8TFX2LNRl0Kn2
01-11 20:39:10.422  4473  4473 D KeyStoreFragment: o2Ln31My64TFujkICiM0WoGY/MSGVFl2nVBlHQ==
01-11 20:39:10.481  4473  4473 D KeyStoreFragment: Data Signature Verified
01-11 20:39:10.489   709   709 I keystore: del USRPKEY_myKey 10066
01-11 20:39:10.526   709   709 I keystore: del USRSKEY_myKey 10066
01-11 20:39:10.527   709   709 I keystore: del USRCERT_myKey 10066
01-11 20:39:10.529   709   709 I keystore: del CACERT_myKey 10066
01-11 20:39:10.630   495   498 D DrmLibTime: got the req here! ret=0
01-11 20:39:10.630   495   498 D DrmLibTime: command id, time_cmd_id = 770
01-11 20:39:10.630   495   498 D DrmLibTime: time_getutcsec starts!
01-11 20:39:10.630   495   498 D DrmLibTime: QSEE Time Listener: time_getutcsec
01-11 20:39:10.630   495   498 D DrmLibTime: QSEE Time Listener: get_utc_seconds
01-11 20:39:10.630   495   498 D DrmLibTime: QSEE Time Listener: seconds: 1515703150
01-11 20:39:10.630   495   498 D DrmLibTime: QSEE Time Listener: nano seconds: 630724969
01-11 20:39:10.630   495   498 D DrmLibTime: time_getutcsec returns 0, sec = 1515703150; nsec = 630724969
01-11 20:39:10.630   495   498 D DrmLibTime: time_getutcsec finished! 
01-11 20:39:10.631   495   498 D DrmLibTime: iotcl_continue_command finished! and return 0 
01-11 20:39:10.631   495   498 D DrmLibTime: before calling ioctl to read the next time_cmd
01-11 20:39:11.847  4473  4473 D KeyStoreFragment: Public Key is: android.security.keystore.AndroidKeyStoreRSAPublicKey@e2141279
01-11 20:39:11.854  4473  4473 D KeyStoreFragment: Counter = 12	Keys created
01-11 20:39:12.021  4473  4473 D KeyStoreFragment: Signature: abOV2dRJ6SMMefLFQdXaK7JB3VQmv9zC6lfO5snHrhBaLKcbqxGaTiOallE7LtL2urGIPSNMqIpV
01-11 20:39:12.021  4473  4473 D KeyStoreFragment: +vOLfQs6Ap0bq7oagW3NC5vWk0zrOxb3M4SKrmJ4X/EPiq5ztkJSKSX8UZ1cz/ePFrtzLo9UJzVR
01-11 20:39:12.021  4473  4473 D KeyStoreFragment: wm1lWodtch4bYGyLyARlOUPRieZZV90ZkowbCtmGWmPaMKFhqKV11RmUqo7IhBfL0Tr9u0JyVWTG
01-11 20:39:12.021  4473  4473 D KeyStoreFragment: vAhdRfwikOIMogceNc5qLQeOC3WaWkcNQ0ds2B5PLYAm2peA/s+AG97ixP6XU2U8VyiAb5bRJYR5
01-11 20:39:12.021  4473  4473 D KeyStoreFragment: Y9OLxxeJkMOFCuJ0/H6gJ2UWkKjqFqoMSRQfmQ==
01-11 20:39:12.053  4473  4473 D KeyStoreFragment: Data Signature Verified
01-11 20:39:12.057   709   709 I keystore: del USRPKEY_myKey 10066
01-11 20:39:12.078   709   709 I keystore: del USRSKEY_myKey 10066
01-11 20:39:12.078   709   709 I keystore: del USRCERT_myKey 10066
01-11 20:39:12.079   709   709 I keystore: del CACERT_myKey 10066
01-11 20:39:12.088   495   498 D DrmLibTime: got the req here! ret=0
01-11 20:39:12.088   495   498 D DrmLibTime: command id, time_cmd_id = 770
01-11 20:39:12.088   495   498 D DrmLibTime: time_getutcsec starts!
01-11 20:39:12.088   495   498 D DrmLibTime: QSEE Time Listener: time_getutcsec
01-11 20:39:12.088   495   498 D DrmLibTime: QSEE Time Listener: get_utc_seconds
01-11 20:39:12.088   495   498 D DrmLibTime: QSEE Time Listener: seconds: 1515703152
01-11 20:39:12.088   495   498 D DrmLibTime: QSEE Time Listener: nano seconds: 88622145
01-11 20:39:12.088   495   498 D DrmLibTime: time_getutcsec returns 0, sec = 1515703152; nsec = 88622145
01-11 20:39:12.088   495   498 D DrmLibTime: time_getutcsec finished! 
01-11 20:39:12.088   495   498 D DrmLibTime: iotcl_continue_command finished! and return 0 
01-11 20:39:12.088   495   498 D DrmLibTime: before calling ioctl to read the next time_cmd
01-11 20:39:13.507   506   533 W SurfaceFlinger: setTransactionState timed out waiting for previous animation frame
01-11 20:39:13.508   943  1128 I Choreographer: Skipped 299 frames!  The application may be doing too much work on its main thread.
01-11 20:39:13.596  4473  4473 D KeyStoreFragment: Public Key is: android.security.keystore.AndroidKeyStoreRSAPublicKey@4d10942a
01-11 20:39:13.604  4473  4473 D KeyStoreFragment: Counter = 13	Keys created
01-11 20:39:13.792  4473  4473 D KeyStoreFragment: Signature: h+C8HX4oL/+3Fk94AFDUUWUuYvIu2dvM8TanpKc41zM3OvCWFSS3nFIEadxGOgb1XJAlsr4lxOsr
01-11 20:39:13.792  4473  4473 D KeyStoreFragment: mxRhY81mBuemUGqieZ2P+AnhH55CF9DXBB0rY/7DAz9xp7XLLUMnaIO08jEiA4jLFRajsLAmLMAs
01-11 20:39:13.792  4473  4473 D KeyStoreFragment: 94dIFLoN3dIryqXtCwQ2ku4GVcM39G5jZU9ntYFn5/KANbQry1YuUXkhsymIDdpae0N94SyT8kHd
01-11 20:39:13.792  4473  4473 D KeyStoreFragment: u6LfPdIcGemPEmadCPZBwU901MB6DLhneHpgt5pCkE/7Ttdgm3uMtO8x2+OkIS6HrxMBbW0Y1GGk
01-11 20:39:13.792  4473  4473 D KeyStoreFragment: Ry9mcbvrXaey0cNFkP00XXOt+3+/B6kAEMC+sw==
01-11 20:39:13.825  4473  4473 D KeyStoreFragment: Data Signature Verified
01-11 20:39:13.831   709   709 I keystore: del USRPKEY_myKey 10066
01-11 20:39:13.849   709   709 I keystore: del USRSKEY_myKey 10066
01-11 20:39:13.849   709   709 I keystore: del USRCERT_myKey 10066
01-11 20:39:13.850   709   709 I keystore: del CACERT_myKey 10066
01-11 20:39:13.859   495   498 D DrmLibTime: got the req here! ret=0
01-11 20:39:13.860   495   498 D DrmLibTime: command id, time_cmd_id = 770
01-11 20:39:13.860   495   498 D DrmLibTime: time_getutcsec starts!
01-11 20:39:13.860   495   498 D DrmLibTime: QSEE Time Listener: time_getutcsec
01-11 20:39:13.860   495   498 D DrmLibTime: QSEE Time Listener: get_utc_seconds
01-11 20:39:13.860   495   498 D DrmLibTime: QSEE Time Listener: seconds: 1515703153
01-11 20:39:13.860   495   498 D DrmLibTime: QSEE Time Listener: nano seconds: 860148207
01-11 20:39:13.860   495   498 D DrmLibTime: time_getutcsec returns 0, sec = 1515703153; nsec = 860148207
01-11 20:39:13.860   495   498 D DrmLibTime: time_getutcsec finished! 
01-11 20:39:13.860   495   498 D DrmLibTime: iotcl_continue_command finished! and return 0 
01-11 20:39:13.860   495   498 D DrmLibTime: before calling ioctl to read the next time_cmd
01-11 20:39:17.066  4473  4473 D KeyStoreFragment: Public Key is: android.security.keystore.AndroidKeyStoreRSAPublicKey@98463725
01-11 20:39:17.069  4473  4473 D KeyStoreFragment: Counter = 14	Keys created
01-11 20:39:17.208  4473  4473 D KeyStoreFragment: Signature: gwByg1rC1XUMXoHzdc8+iyO/lnq5yGj63y7zOj2Q9oTiKj4Sa4l79aOVTPAEXVyRubmECsV/gEeO
01-11 20:39:17.208  4473  4473 D KeyStoreFragment: PRBeCKoqyQXjT5SnFZP1o6ZuQYCKbTMOI2u7Pyg9lZZqva2FEFp/3Nd7DZyROBwoyfUZfhpW/gzb
01-11 20:39:17.208  4473  4473 D KeyStoreFragment: Q6rvQstvTGt/GrdP47ni13idt8F4DPmBtwMqb28XDR5pIpMhLvDyo+fViEbpOgBOLkPLECJ2A+nO
01-11 20:39:17.208  4473  4473 D KeyStoreFragment: dnsTl7YjpZ3SBUANCRYo7Yhn15ZKiBs3HoVP7S5xpth9XtK0RjK7hpuCKML23YV9irDd+7JK1qjG
01-11 20:39:17.208  4473  4473 D KeyStoreFragment: R3ohoYBUBKXNOFFgbrpW1qd88vQt4DXiCTK+eQ==
01-11 20:39:17.231  4473  4473 D KeyStoreFragment: Data Signature Verified
01-11 20:39:17.233   709   709 I keystore: del USRPKEY_myKey 10066
01-11 20:39:17.248   709   709 I keystore: del USRSKEY_myKey 10066
01-11 20:39:17.248   709   709 I keystore: del USRCERT_myKey 10066
01-11 20:39:17.249   709   709 I keystore: del CACERT_myKey 10066
01-11 20:39:17.257   495   498 D DrmLibTime: got the req here! ret=0
01-11 20:39:17.257   495   498 D DrmLibTime: command id, time_cmd_id = 770
01-11 20:39:17.257   495   498 D DrmLibTime: time_getutcsec starts!
01-11 20:39:17.257   495   498 D DrmLibTime: QSEE Time Listener: time_getutcsec
01-11 20:39:17.257   495   498 D DrmLibTime: QSEE Time Listener: get_utc_seconds
01-11 20:39:17.257   495   498 D DrmLibTime: QSEE Time Listener: seconds: 1515703157
01-11 20:39:17.257   495   498 D DrmLibTime: QSEE Time Listener: nano seconds: 257181827
01-11 20:39:17.257   495   498 D DrmLibTime: time_getutcsec returns 0, sec = 1515703157; nsec = 257181827
01-11 20:39:17.257   495   498 D DrmLibTime: time_getutcsec finished! 
01-11 20:39:17.257   495   498 D DrmLibTime: iotcl_continue_command finished! and return 0 
01-11 20:39:17.257   495   498 D DrmLibTime: before calling ioctl to read the next time_cmd
01-11 20:39:18.529   506   533 W SurfaceFlinger: setTransactionState timed out waiting for previous animation frame
01-11 20:39:18.532   943  1128 I Choreographer: Skipped 299 frames!  The application may be doing too much work on its main thread.
01-11 20:39:19.016  4473  4473 D KeyStoreFragment: Public Key is: android.security.keystore.AndroidKeyStoreRSAPublicKey@9cca86d2
01-11 20:39:19.023  4473  4473 D KeyStoreFragment: Counter = 15	Keys created
01-11 20:39:19.183  4473  4473 D KeyStoreFragment: Signature: gzn4WORs7BaORZb5mN+uVZruGreeK7FQloaZWQ/8ghGIW4ynvVagPZYqYRjo2mpXInB5jOdLYRsT
01-11 20:39:19.183  4473  4473 D KeyStoreFragment: PIClsPGEVywVvgR9oJHZrxW20EriwqsqIwtdYObN6DI8uBk2YRKVg9gQ0+EE8+T/VJtZFbrPngUq
01-11 20:39:19.183  4473  4473 D KeyStoreFragment: vrn55Ayji0v1NA3pM6Jg4EluywTT/3UsUJwySbm5XEDDMAZ7OMvb7xFq0M9/IpQFAw32Ej6nfYmu
01-11 20:39:19.183  4473  4473 D KeyStoreFragment: 4kWuH23ew1DWfzHdcUeXTytlQ+4W1OJnyGfu8Unsq4qFF7C8X897CEnIHrMOzFb80Eh6tgAhMk+g
01-11 20:39:19.183  4473  4473 D KeyStoreFragment: TtZCOHf+jSXz5AqjkJz0mdzg36/Bv/R9drGCdQ==
01-11 20:39:19.241  4473  4473 D KeyStoreFragment: Data Signature Verified
01-11 20:39:19.249   709   709 I keystore: del USRPKEY_myKey 10066
01-11 20:39:19.268   709   709 I keystore: del USRSKEY_myKey 10066
01-11 20:39:19.268   709   709 I keystore: del USRCERT_myKey 10066
01-11 20:39:19.269   709   709 I keystore: del CACERT_myKey 10066
01-11 20:39:19.286   495   498 D DrmLibTime: got the req here! ret=0
01-11 20:39:19.286   495   498 D DrmLibTime: command id, time_cmd_id = 770
01-11 20:39:19.286   495   498 D DrmLibTime: time_getutcsec starts!
01-11 20:39:19.286   495   498 D DrmLibTime: QSEE Time Listener: time_getutcsec
01-11 20:39:19.286   495   498 D DrmLibTime: QSEE Time Listener: get_utc_seconds
01-11 20:39:19.286   495   498 D DrmLibTime: QSEE Time Listener: seconds: 1515703159
01-11 20:39:19.286   495   498 D DrmLibTime: QSEE Time Listener: nano seconds: 286463227
01-11 20:39:19.286   495   498 D DrmLibTime: time_getutcsec returns 0, sec = 1515703159; nsec = 286463227
01-11 20:39:19.286   495   498 D DrmLibTime: time_getutcsec finished! 
01-11 20:39:19.286   495   498 D DrmLibTime: iotcl_continue_command finished! and return 0 
01-11 20:39:19.286   495   498 D DrmLibTime: before calling ioctl to read the next time_cmd
01-11 20:39:20.106  4473  4473 D KeyStoreFragment: Public Key is: android.security.keystore.AndroidKeyStoreRSAPublicKey@ea38726b
01-11 20:39:20.112  4473  4473 D KeyStoreFragment: Counter = 16	Keys created
01-11 20:39:20.265  4473  4473 D KeyStoreFragment: Signature: eRMssBn3Gplrf6AWdnREKuMkoLb89+hFKkXQLTbBJudn6k4pQnUIR/E0PEDpVBgdgQ7Q+nwMcCG9
01-11 20:39:20.265  4473  4473 D KeyStoreFragment: Oqu8FIzwggdoXO1LG3WLW3mJR/74tVEVsisVBHd+K3cAHCY+caHoj0DCsc0fJLS3s5JW+RA9WAGt
01-11 20:39:20.265  4473  4473 D KeyStoreFragment: ZPiIH+BXhQJtYQ65n2OOddDjtghyxYLnf9Bf0Sq12AAkVBsHLhG9FBuOa2MmFlZ2FiHt7prgOgHN
01-11 20:39:20.265  4473  4473 D KeyStoreFragment: hjf1+f8crxEKjfg/xmo6Kpk2OXrxuw99383+JrF2YRBmM6qPikivWI7kBNnH4f+3v6BrrbKZYs4+
01-11 20:39:20.265  4473  4473 D KeyStoreFragment: O4BWyMUMOHDgmJtSq7de+VFoDzoa0zyxqgFoQw==
01-11 20:39:20.321  4473  4473 D KeyStoreFragment: Data Signature Verified
01-11 20:39:20.329   709   709 I keystore: del USRPKEY_myKey 10066
01-11 20:39:20.347   709   709 I keystore: del USRSKEY_myKey 10066
01-11 20:39:20.348   709   709 I keystore: del USRCERT_myKey 10066
01-11 20:39:20.350   709   709 I keystore: del CACERT_myKey 10066
01-11 20:39:20.449   495   498 D DrmLibTime: got the req here! ret=0
01-11 20:39:20.449   495   498 D DrmLibTime: command id, time_cmd_id = 770
01-11 20:39:20.449   495   498 D DrmLibTime: time_getutcsec starts!
01-11 20:39:20.450   495   498 D DrmLibTime: QSEE Time Listener: time_getutcsec
01-11 20:39:20.450   495   498 D DrmLibTime: QSEE Time Listener: get_utc_seconds
01-11 20:39:20.450   495   498 D DrmLibTime: QSEE Time Listener: seconds: 1515703160
01-11 20:39:20.450   495   498 D DrmLibTime: QSEE Time Listener: nano seconds: 450178499
01-11 20:39:20.450   495   498 D DrmLibTime: time_getutcsec returns 0, sec = 1515703160; nsec = 450178499
01-11 20:39:20.450   495   498 D DrmLibTime: time_getutcsec finished! 
01-11 20:39:20.450   495   498 D DrmLibTime: iotcl_continue_command finished! and return 0 
01-11 20:39:20.450   495   498 D DrmLibTime: before calling ioctl to read the next time_cmd
01-11 20:39:21.511  4473  4473 D KeyStoreFragment: Public Key is: android.security.keystore.AndroidKeyStoreRSAPublicKey@192c1eb1
01-11 20:39:21.517  4473  4473 D KeyStoreFragment: Counter = 17	Keys created
01-11 20:39:21.685  4473  4473 D KeyStoreFragment: Signature: X/2qSk2EHmByKQ5riMacGDwabltSC0p2160kyJ6hpWOkXorWsPT/dgGdF82dN5HpWwqK6QmkGNzw
01-11 20:39:21.685  4473  4473 D KeyStoreFragment: vwnqOzIUXWMn/NRYrbmVtPpLzNWy3P/rC4KZvigUORzUbpUCrfhcrCYpWQ+ieirFVDSh/ekDPzQy
01-11 20:39:21.685  4473  4473 D KeyStoreFragment: x5Qd32YEoBEzSQOBfjVmvfEiXcU29vgQYiWYrnc8no/d2OeoJImt7dU6X0axsG3AIRy9M2Lo/9T3
01-11 20:39:21.685  4473  4473 D KeyStoreFragment: bZPr24JC4zfKn0KYlLoWhGabAngnPmZVbOfcxXJuv/EWdfKWz6f+ibTpBwqgJU9i1afG1szig8T0
01-11 20:39:21.685  4473  4473 D KeyStoreFragment: y3GolLHs8Y/oAT3h5d9X8RX/2WUt8LUHFN21Jw==
01-11 20:39:21.740  4473  4473 D KeyStoreFragment: Data Signature Verified
01-11 20:39:21.744   709   709 I keystore: del USRPKEY_myKey 10066
01-11 20:39:21.782   709   709 I keystore: del USRSKEY_myKey 10066
01-11 20:39:21.783   709   709 I keystore: del USRCERT_myKey 10066
01-11 20:39:21.785   709   709 I keystore: del CACERT_myKey 10066
01-11 20:39:21.795   495   498 D DrmLibTime: got the req here! ret=0
01-11 20:39:21.795   495   498 D DrmLibTime: command id, time_cmd_id = 770
01-11 20:39:21.795   495   498 D DrmLibTime: time_getutcsec starts!
01-11 20:39:21.795   495   498 D DrmLibTime: QSEE Time Listener: time_getutcsec
01-11 20:39:21.795   495   498 D DrmLibTime: QSEE Time Listener: get_utc_seconds
01-11 20:39:21.795   495   498 D DrmLibTime: QSEE Time Listener: seconds: 1515703161
01-11 20:39:21.795   495   498 D DrmLibTime: QSEE Time Listener: nano seconds: 795451706
01-11 20:39:21.795   495   498 D DrmLibTime: time_getutcsec returns 0, sec = 1515703161; nsec = 795451706
01-11 20:39:21.795   495   498 D DrmLibTime: time_getutcsec finished! 
01-11 20:39:21.795   495   498 D DrmLibTime: iotcl_continue_command finished! and return 0 
01-11 20:39:21.795   495   498 D DrmLibTime: before calling ioctl to read the next time_cmd
01-11 20:39:23.579  4473  4473 D KeyStoreFragment: Public Key is: android.security.keystore.AndroidKeyStoreRSAPublicKey@79480cac
01-11 20:39:23.582  4473  4473 D KeyStoreFragment: Counter = 18	Keys created
01-11 20:39:23.763  4473  4473 D KeyStoreFragment: Signature: TtpA7Vz//4MS+9WBA5r6ZRb1NlSQVYH3NGYPCPA6qd1eQ6UK+sz4hKOn204GW7H7kmSrCLxPrfIJ
01-11 20:39:23.763  4473  4473 D KeyStoreFragment: oTvCfw2BjF21q7jMySSZcf/yQnAWVzCFMfLqwD9A772CxJGqwmLHi08IUgAOqkHw2iUwEDNHBZoc
01-11 20:39:23.763  4473  4473 D KeyStoreFragment: Aw5zXRM4II4oTI34XEZTeK1zM70eiM+gYXAReXeEZJniys2MCHJqMO3Cj+oS8U+MgJOSNAqPR/3z
01-11 20:39:23.763  4473  4473 D KeyStoreFragment: W0JT2eMaPwUn/CyPrzie/uXGn/rEutrlWAYb9/lcMDQDxeILINMLffKSX6VUjhDKNxlAo9zOMfYG
01-11 20:39:23.763  4473  4473 D KeyStoreFragment: T9SKY7hw/bGDiVGr76p2NMSCMlfVLkGAIQdDdw==
01-11 20:39:23.815  4473  4473 D KeyStoreFragment: Data Signature Verified
01-11 20:39:23.823   709   709 I keystore: del USRPKEY_myKey 10066
01-11 20:39:23.840   709   709 I keystore: del USRSKEY_myKey 10066
01-11 20:39:23.841   709   709 I keystore: del USRCERT_myKey 10066
01-11 20:39:23.843   709   709 I keystore: del CACERT_myKey 10066
01-11 20:39:23.935   495   498 D DrmLibTime: got the req here! ret=0
01-11 20:39:23.935   495   498 D DrmLibTime: command id, time_cmd_id = 770
01-11 20:39:23.935   495   498 D DrmLibTime: time_getutcsec starts!
01-11 20:39:23.936   495   498 D DrmLibTime: QSEE Time Listener: time_getutcsec
01-11 20:39:23.936   495   498 D DrmLibTime: QSEE Time Listener: get_utc_seconds
01-11 20:39:23.936   495   498 D DrmLibTime: QSEE Time Listener: seconds: 1515703163
01-11 20:39:23.936   495   498 D DrmLibTime: QSEE Time Listener: nano seconds: 936163169
01-11 20:39:23.936   495   498 D DrmLibTime: time_getutcsec returns 0, sec = 1515703163; nsec = 936163169
01-11 20:39:23.936   495   498 D DrmLibTime: time_getutcsec finished! 
01-11 20:39:23.936   495   498 D DrmLibTime: iotcl_continue_command finished! and return 0 
01-11 20:39:23.936   495   498 D DrmLibTime: before calling ioctl to read the next time_cmd
01-11 20:39:25.383  4473  4473 D KeyStoreFragment: Public Key is: android.security.keystore.AndroidKeyStoreRSAPublicKey@6989f786
01-11 20:39:25.386  4473  4473 D KeyStoreFragment: Counter = 19	Keys created
01-11 20:39:25.544  4473  4473 D KeyStoreFragment: Signature: AmTi8FbhsWyX26HGG2K2SPGSq2cg/oHtUdlyEi8ae9PQxpOs74v4xKw2dR8gzpPPMvcihCCTCxER
01-11 20:39:25.544  4473  4473 D KeyStoreFragment: kn5qIMKucTO8EycYMyTGSyStAlSNpCi+511V4PlJa8Bzglk8OMfLh4dgIs+h4/3iBDDwHlJx3nid
01-11 20:39:25.544  4473  4473 D KeyStoreFragment: aIkasTt/mmJq9MEJfCIg2CWkecQLOe+TcKyaJFhsgwJyEP8dtyhdwbLmnad0DTdpQe+H8bNQs/SB
01-11 20:39:25.544  4473  4473 D KeyStoreFragment: jE7oMetEKBFhylkycuZGKSlwgQimOZcIPTINhafM2fLjCHfSOWbKWJ/ludbIHDM96f21aaauIgwW
01-11 20:39:25.544  4473  4473 D KeyStoreFragment: 6zStTf/1/wbKHTDE4r2kA+elDm1gTlo8XsKKrg==
01-11 20:39:25.573  4473  4473 D KeyStoreFragment: Data Signature Verified
01-11 20:39:25.578   709   709 I keystore: del USRPKEY_myKey 10066
01-11 20:39:25.598   709   709 I keystore: del USRSKEY_myKey 10066
01-11 20:39:25.598   709   709 I keystore: del USRCERT_myKey 10066
01-11 20:39:25.600   709   709 I keystore: del CACERT_myKey 10066
01-11 20:39:25.611   495   498 D DrmLibTime: got the req here! ret=0
01-11 20:39:25.611   495   498 D DrmLibTime: command id, time_cmd_id = 770
01-11 20:39:25.611   495   498 D DrmLibTime: time_getutcsec starts!
01-11 20:39:25.611   495   498 D DrmLibTime: QSEE Time Listener: time_getutcsec
01-11 20:39:25.611   495   498 D DrmLibTime: QSEE Time Listener: get_utc_seconds
01-11 20:39:25.611   495   498 D DrmLibTime: QSEE Time Listener: seconds: 1515703165
01-11 20:39:25.611   495   498 D DrmLibTime: QSEE Time Listener: nano seconds: 611676826
01-11 20:39:25.611   495   498 D DrmLibTime: time_getutcsec returns 0, sec = 1515703165; nsec = 611676826
01-11 20:39:25.611   495   498 D DrmLibTime: time_getutcsec finished! 
01-11 20:39:25.611   495   498 D DrmLibTime: iotcl_continue_command finished! and return 0 
01-11 20:39:25.611   495   498 D DrmLibTime: before calling ioctl to read the next time_cmd
01-11 20:39:26.747  4473  4473 D KeyStoreFragment: Public Key is: android.security.keystore.AndroidKeyStoreRSAPublicKey@32ef818f
01-11 20:39:26.750  4473  4473 D KeyStoreFragment: Counter = 20	Keys created
01-11 20:39:26.906  4473  4473 D KeyStoreFragment: Signature: lQ6ueTdyejJSJ0LA641PTtrTyGPqWYXfRHee6BUMLoOhlvcJ2hazu7pcKrcEiwKRVNKpaptOSgvZ
01-11 20:39:26.906  4473  4473 D KeyStoreFragment: pzMSGQsXKreCxE4tdnZQ4+BOB9Un8IsON5vA6jagcG5Qo9Nnv7W4r4wfh9XPsXhRjHrV385PAyxW
01-11 20:39:26.906  4473  4473 D KeyStoreFragment: XYUfhqwdCzpytVWLUI89bOIQedsIb2gZBUFC88FW6RdEflNjYde06XnxTFEjQzjVgwcsiENGUFaW
01-11 20:39:26.906  4473  4473 D KeyStoreFragment: EetCBfsMRTOHXFhXgVyjVB7/i/QSGA+fYdyOz9dMaB0PTywcj+hPJkAzxqF6onmFkdahazIDPLvX
01-11 20:39:26.906  4473  4473 D KeyStoreFragment: hY4MphHSskLuzutfOm3n7iqQ5IK+S3/WknNIiA==
01-11 20:39:26.938  4473  4473 D KeyStoreFragment: Data Signature Verified
01-11 20:39:26.943   709   709 I keystore: del USRPKEY_myKey 10066
01-11 20:39:26.961   709   709 I keystore: del USRSKEY_myKey 10066
01-11 20:39:26.961   709   709 I keystore: del USRCERT_myKey 10066
01-11 20:39:26.962   709   709 I keystore: del CACERT_myKey 10066
01-11 20:39:26.971   495   498 D DrmLibTime: got the req here! ret=0
01-11 20:39:26.971   495   498 D DrmLibTime: command id, time_cmd_id = 770
01-11 20:39:26.971   495   498 D DrmLibTime: time_getutcsec starts!
01-11 20:39:26.971   495   498 D DrmLibTime: QSEE Time Listener: time_getutcsec
01-11 20:39:26.971   495   498 D DrmLibTime: QSEE Time Listener: get_utc_seconds
01-11 20:39:26.971   495   498 D DrmLibTime: QSEE Time Listener: seconds: 1515703166
01-11 20:39:26.971   495   498 D DrmLibTime: QSEE Time Listener: nano seconds: 971540607
01-11 20:39:26.971   495   498 D DrmLibTime: time_getutcsec returns 0, sec = 1515703166; nsec = 971540607
01-11 20:39:26.971   495   498 D DrmLibTime: time_getutcsec finished! 
01-11 20:39:26.971   495   498 D DrmLibTime: iotcl_continue_command finished! and return 0 
01-11 20:39:26.971   495   498 D DrmLibTime: before calling ioctl to read the next time_cmd
01-11 20:39:28.495  4473  4473 D KeyStoreFragment: Public Key is: android.security.keystore.AndroidKeyStoreRSAPublicKey@9df8354f
01-11 20:39:28.501  4473  4473 D KeyStoreFragment: Counter = 21	Keys created
01-11 20:39:28.661  4473  4473 D KeyStoreFragment: Signature: OSkXp1AM6yVyCN90xQXPg+Y2WL3WvR5Na7471cFgwibHT4QxD7e+8i+OklNEOsTap2QKsAI6h/gQ
01-11 20:39:28.661  4473  4473 D KeyStoreFragment: HmWAyQ0sxEzqjG2K0V1AME5f9MaBCG/EnNnEwXcVZdFhVLXpZBJMFaM+b80jc2RM6ML0kG8xIXju
01-11 20:39:28.661  4473  4473 D KeyStoreFragment: ZG6oauf6Boo7avbrC51TTBHZwMVL+1v+GNv9alpUdtKa7yz7RWyurgxXshpp1oBYxBprJErPrrli
01-11 20:39:28.661  4473  4473 D KeyStoreFragment: OT6om/ysSlBDSoDxuHbFQnNN12tmAY90IcO0USZymeQBJ5F15GAuEcxiTuAHlhKzlsNqv+yAU6Td
01-11 20:39:28.661  4473  4473 D KeyStoreFragment: q2k8WQT/uR23E95qtPLz3iyFq6wP1iSaIYvBAA==
01-11 20:39:28.720  4473  4473 D KeyStoreFragment: Data Signature Verified
01-11 20:39:28.729   709   709 I keystore: del USRPKEY_myKey 10066
01-11 20:39:28.749   709   709 I keystore: del USRSKEY_myKey 10066
01-11 20:39:28.750   709   709 I keystore: del USRCERT_myKey 10066
01-11 20:39:28.752   709   709 I keystore: del CACERT_myKey 10066
01-11 20:39:28.841   495   498 D DrmLibTime: got the req here! ret=0
01-11 20:39:28.842   495   498 D DrmLibTime: command id, time_cmd_id = 770
01-11 20:39:28.842   495   498 D DrmLibTime: time_getutcsec starts!
01-11 20:39:28.842   495   498 D DrmLibTime: QSEE Time Listener: time_getutcsec
01-11 20:39:28.842   495   498 D DrmLibTime: QSEE Time Listener: get_utc_seconds
01-11 20:39:28.842   495   498 D DrmLibTime: QSEE Time Listener: seconds: 1515703168
01-11 20:39:28.842   495   498 D DrmLibTime: QSEE Time Listener: nano seconds: 842370846
01-11 20:39:28.842   495   498 D DrmLibTime: time_getutcsec returns 0, sec = 1515703168; nsec = 842370846
01-11 20:39:28.842   495   498 D DrmLibTime: time_getutcsec finished! 
01-11 20:39:28.842   495   498 D DrmLibTime: iotcl_continue_command finished! and return 0 
01-11 20:39:28.842   495   498 D DrmLibTime: before calling ioctl to read the next time_cmd
01-11 20:39:31.876  4473  4473 D KeyStoreFragment: Public Key is: android.security.keystore.AndroidKeyStoreRSAPublicKey@7737355d
01-11 20:39:31.882  4473  4473 D KeyStoreFragment: Counter = 22	Keys created
01-11 20:39:32.066  4473  4473 D KeyStoreFragment: Signature: thD23gm8hM+IFfnhscX/oFz4nsCzAhtMRixDckX6/d1vLp5Z9GO35QaM39DBg0V/Y/BEBErozTUt
01-11 20:39:32.066  4473  4473 D KeyStoreFragment: atd9AsLmKeJ7dQr8PeWRzVQxmplEIe1ZvQbeDElBXWP0iXzLNUg+9uh5T15yCHLIdjO/HzKkW81z
01-11 20:39:32.066  4473  4473 D KeyStoreFragment: 9m+uhtsNNNM6zYGctXHJYviPVoSdmDEb06/M5CSl/qM99u2Ghi0svRie++6llw3uZxmr4glySunB
01-11 20:39:32.066  4473  4473 D KeyStoreFragment: EfgU2s0l0BL0RHj2DNq0n1GZhC5r414cs0VkmE5PFcI8sN04m3Ljuv4NQ1gbkOraTHSvJ35aUBhv
01-11 20:39:32.066  4473  4473 D KeyStoreFragment: Ymxx6FeflSi8CXskVPSTszwQ5gASRavqfUUJPA==
01-11 20:39:32.125  4473  4473 D KeyStoreFragment: Data Signature Verified
01-11 20:39:32.133   709   709 I keystore: del USRPKEY_myKey 10066
01-11 20:39:32.155   709   709 I keystore: del USRSKEY_myKey 10066
01-11 20:39:32.156   709   709 I keystore: del USRCERT_myKey 10066
01-11 20:39:32.159   709   709 I keystore: del CACERT_myKey 10066
01-11 20:39:32.171   495   498 D DrmLibTime: got the req here! ret=0
01-11 20:39:32.171   495   498 D DrmLibTime: command id, time_cmd_id = 770
01-11 20:39:32.171   495   498 D DrmLibTime: time_getutcsec starts!
01-11 20:39:32.171   495   498 D DrmLibTime: QSEE Time Listener: time_getutcsec
01-11 20:39:32.171   495   498 D DrmLibTime: QSEE Time Listener: get_utc_seconds
01-11 20:39:32.171   495   498 D DrmLibTime: QSEE Time Listener: seconds: 1515703172
01-11 20:39:32.171   495   498 D DrmLibTime: QSEE Time Listener: nano seconds: 171493052
01-11 20:39:32.171   495   498 D DrmLibTime: time_getutcsec returns 0, sec = 1515703172; nsec = 171493052
01-11 20:39:32.171   495   498 D DrmLibTime: time_getutcsec finished! 
01-11 20:39:32.171   495   498 D DrmLibTime: iotcl_continue_command finished! and return 0 
01-11 20:39:32.171   495   498 D DrmLibTime: before calling ioctl to read the next time_cmd
01-11 20:39:33.960  4473  4473 D KeyStoreFragment: Public Key is: android.security.keystore.AndroidKeyStoreRSAPublicKey@be140fce
01-11 20:39:33.968  4473  4473 D KeyStoreFragment: Counter = 23	Keys created
01-11 20:39:34.132  4473  4473 D KeyStoreFragment: Signature: cnA9euW/UHM1k6pzSZnvBV9y9Fe5LXW6WmmkWQtQDIHlGO/Lb3dOC7YUg8ow/tse4pbH57o/Yncd
01-11 20:39:34.132  4473  4473 D KeyStoreFragment: UlGvoVAB5euYW8uvKdu6EYwsHceRq5WoDc9TpEaLoZYwxWB6h2M56yCRz/WQm6uDMFCGTezq+LK9
01-11 20:39:34.132  4473  4473 D KeyStoreFragment: PzokY4ZxihMzro7Ot/OXBX/g8tC6llRcnemJ6/isTb9vsvWLjrkPDTfYh2ul357z9PCdAF2VlbTz
01-11 20:39:34.132  4473  4473 D KeyStoreFragment: zEXrfNE+um2/M6nf1BmgOo18Jn1MoH66unHuS5Gt6mYWzTXa614+rVJ+uYJcb330lgcjaPRB4sB5
01-11 20:39:34.132  4473  4473 D KeyStoreFragment: kkHi4qZ+lqaZTIMFYCT8sJonAdAvBotYIuxL8A==
01-11 20:39:34.188  4473  4473 D KeyStoreFragment: Data Signature Verified
01-11 20:39:34.197   709   709 I keystore: del USRPKEY_myKey 10066
01-11 20:39:34.218   709   709 I keystore: del USRSKEY_myKey 10066
01-11 20:39:34.219   709   709 I keystore: del USRCERT_myKey 10066
01-11 20:39:34.222   709   709 I keystore: del CACERT_myKey 10066
01-11 20:39:34.324   495   498 D DrmLibTime: got the req here! ret=0
01-11 20:39:34.324   495   498 D DrmLibTime: command id, time_cmd_id = 770
01-11 20:39:34.324   495   498 D DrmLibTime: time_getutcsec starts!
01-11 20:39:34.324   495   498 D DrmLibTime: QSEE Time Listener: time_getutcsec
01-11 20:39:34.324   495   498 D DrmLibTime: QSEE Time Listener: get_utc_seconds
01-11 20:39:34.324   495   498 D DrmLibTime: QSEE Time Listener: seconds: 1515703174
01-11 20:39:34.324   495   498 D DrmLibTime: QSEE Time Listener: nano seconds: 324572954
01-11 20:39:34.324   495   498 D DrmLibTime: time_getutcsec returns 0, sec = 1515703174; nsec = 324572954
01-11 20:39:34.324   495   498 D DrmLibTime: time_getutcsec finished! 
01-11 20:39:34.324   495   498 D DrmLibTime: iotcl_continue_command finished! and return 0 
01-11 20:39:34.325   495   498 D DrmLibTime: before calling ioctl to read the next time_cmd
01-11 20:39:35.302  4473  4473 D KeyStoreFragment: Public Key is: android.security.keystore.AndroidKeyStoreRSAPublicKey@605627ac
01-11 20:39:35.306  4473  4473 D KeyStoreFragment: Counter = 24	Keys created
01-11 20:39:35.462  4473  4473 D KeyStoreFragment: Signature: QeYZ+Mk1zD3nr0ReXYzPqIVDqYAKo4N56SJpYP9KkPacTv+WRm4HmqQMQ+nOAm+ZVdgLp5hvhYBQ
01-11 20:39:35.462  4473  4473 D KeyStoreFragment: omy9rP/YuF1iv9CTFxR7gl+xU5yd1X9PfHbmevY5I4V1hKBNV80dSBctEvpvasfJ45gLC1gA020+
01-11 20:39:35.462  4473  4473 D KeyStoreFragment: 5le45ad/kuxHR6Ar3FXQ29RtLSCA5Hbz3O46cfstedy4fNIdWgjDldus5czsmEdd5JnkRhSDn8wV
01-11 20:39:35.462  4473  4473 D KeyStoreFragment: OyuDHu/nZdCFQwaUshlZsMD8ZCjbH59MqDNUyqu9BxbWQ8ZWePypfKQu+K1Nkr+XLfQgpcrtQSIp
01-11 20:39:35.462  4473  4473 D KeyStoreFragment: y8C/LA7wnvs/N7at6S6HIvJI+Fm831UoHo8XQA==
01-11 20:39:35.518  4473  4473 D KeyStoreFragment: Data Signature Verified
01-11 20:39:35.526   709   709 I keystore: del USRPKEY_myKey 10066
01-11 20:39:35.562   709   709 I keystore: del USRSKEY_myKey 10066
01-11 20:39:35.563   709   709 I keystore: del USRCERT_myKey 10066
01-11 20:39:35.565   709   709 I keystore: del CACERT_myKey 10066
01-11 20:39:35.576   495   498 D DrmLibTime: got the req here! ret=0
01-11 20:39:35.576   495   498 D DrmLibTime: command id, time_cmd_id = 770
01-11 20:39:35.576   495   498 D DrmLibTime: time_getutcsec starts!
01-11 20:39:35.576   495   498 D DrmLibTime: QSEE Time Listener: time_getutcsec
01-11 20:39:35.576   495   498 D DrmLibTime: QSEE Time Listener: get_utc_seconds
01-11 20:39:35.576   495   498 D DrmLibTime: QSEE Time Listener: seconds: 1515703175
01-11 20:39:35.576   495   498 D DrmLibTime: QSEE Time Listener: nano seconds: 576803652
01-11 20:39:35.576   495   498 D DrmLibTime: time_getutcsec returns 0, sec = 1515703175; nsec = 576803652
01-11 20:39:35.576   495   498 D DrmLibTime: time_getutcsec finished! 
01-11 20:39:35.576   495   498 D DrmLibTime: iotcl_continue_command finished! and return 0 
01-11 20:39:35.577   495   498 D DrmLibTime: before calling ioctl to read the next time_cmd
01-11 20:39:36.747  4473  4473 D KeyStoreFragment: Public Key is: android.security.keystore.AndroidKeyStoreRSAPublicKey@26d1871c
01-11 20:39:36.751  4473  4473 D KeyStoreFragment: Counter = 25	Keys created
01-11 20:39:36.903  4473  4473 D KeyStoreFragment: Signature: gEcdaSiUf2GmnWJxUlwVoT4vhUlvbD/W4x963I+mA3s4Fd/Rhppxp06aNjaYVwgzXabIJsc/1tFS
01-11 20:39:36.903  4473  4473 D KeyStoreFragment: 0+EBvegStpeB+4ipYtFpzkGQv0AGuAaakDjoHCJgnDy6ZCkUOD2TTqbNSWnN7mD4lkk3VFJ3j0jR
01-11 20:39:36.903  4473  4473 D KeyStoreFragment: xDAKwAYfDckEytg5rn/Q1xkop5S1gaDO0iZtTTsrtqRha4Jvfl6dW+b2wd9ICHkEw9zQ1xAiC0le
01-11 20:39:36.903  4473  4473 D KeyStoreFragment: VZ4g1eNErGlw3/ZT9SNzYGzza2xujgN/DhsN4Qp6weNeZIzDyYuK0Yd+l4UCtMywbln+nhCPhEDe
01-11 20:39:36.903  4473  4473 D KeyStoreFragment: QtYpLbl2Xsqf0CenHQajT5x6LyYo0+zLir9OoQ==
01-11 20:39:36.933  4473  4473 D KeyStoreFragment: Data Signature Verified
01-11 20:39:36.938   709   709 I keystore: del USRPKEY_myKey 10066
01-11 20:39:36.960   709   709 I keystore: del USRSKEY_myKey 10066
01-11 20:39:36.961   709   709 I keystore: del USRCERT_myKey 10066
01-11 20:39:36.961   709   709 I keystore: del CACERT_myKey 10066
01-11 20:39:36.973   495   498 D DrmLibTime: got the req here! ret=0
01-11 20:39:36.973   495   498 D DrmLibTime: command id, time_cmd_id = 770
01-11 20:39:36.973   495   498 D DrmLibTime: time_getutcsec starts!
01-11 20:39:36.973   495   498 D DrmLibTime: QSEE Time Listener: time_getutcsec
01-11 20:39:36.973   495   498 D DrmLibTime: QSEE Time Listener: get_utc_seconds
01-11 20:39:36.973   495   498 D DrmLibTime: QSEE Time Listener: seconds: 1515703176
